#
# There is insufficient memory for the Java Runtime Environment to continue.
# Native memory allocation (malloc) failed to allocate 1653184 bytes. Error detail: Chunk::new
# Possible reasons:
#   The system is out of physical RAM or swap space
#   This process is running with CompressedOops enabled, and the Java Heap may be blocking the growth of the native heap
# Possible solutions:
#   Reduce memory load on the system
#   Increase physical memory or swap space
#   Check if swap backing store is full
#   Decrease Java heap size (-Xmx/-Xms)
#   Decrease number of Java threads
#   Decrease Java thread stack sizes (-Xss)
#   Set larger code cache with -XX:ReservedCodeCacheSize=
#   JVM is running with Unscaled Compressed Oops mode in which the Java heap is
#     placed in the first 4GB address space. The Java Heap base address is the
#     maximum limit for the native heap growth. Please use -XX:HeapBaseMinAddress
#     to set the Java Heap base and to place the Java Heap above 4GB virtual address.
# This output file may be truncated or incomplete.
#
#  Out of Memory Error (arena.cpp:168), pid=12060, tid=20440
#
# JRE version: OpenJDK Runtime Environment Temurin-21.0.12.1+1 (21.0.12.1+1) (build 21.0.12.1+1-LTS)
# Java VM: OpenJDK 64-Bit Server VM Temurin-21.0.12.1+1 (21.0.12.1+1-LTS, mixed mode, sharing, tiered, compressed oops, compressed class ptrs, parallel gc, windows-amd64)
# No core dump will be written. Minidumps are not enabled by default on client versions of Windows
#

---------------  S U M M A R Y ------------

Command Line: --add-modules=ALL-SYSTEM --add-opens=java.base/java.util=ALL-UNNAMED --add-opens=java.base/java.lang=ALL-UNNAMED --add-opens=java.base/sun.nio.fs=ALL-UNNAMED -Declipse.application=org.eclipse.jdt.ls.core.id1 -Dosgi.bundles.defaultStartLevel=4 -Declipse.product=org.eclipse.jdt.ls.core.product -Djava.import.generatesMetadataFilesAtProjectRoot=false -Dm2e.project.cache.size=50 -DDetectVMInstallationsJob.disabled=true -Dfile.encoding=utf8 -XX:+UseParallelGC -XX:GCTimeRatio=4 -XX:AdaptiveSizePolicyWeight=90 -Dsun.zip.disableMemoryMapping=true -Xmx2G -Xms100m -Xlog:disable -javaagent:c:\Users\CHI TAI\.antigravity-ide\extensions\redhat.java-1.56.0-win32-x64\lombok\lombok-1.18.39-4050.jar -XX:+HeapDumpOnOutOfMemoryError -XX:HeapDumpPath=c:\Users\CHI TAI\AppData\Roaming\Antigravity IDE\User\workspaceStorage\7d69b7ec1bea4d07db66e797e26b716f\redhat.java -Daether.dependencyCollector.impl=bf c:\Users\CHI TAI\.antigravity-ide\extensions\redhat.java-1.56.0-win32-x64\server\plugins\org.eclipse.equinox.launcher_1.8.0.v20260804-1928.jar -configuration c:\Users\CHI TAI\AppData\Roaming\Antigravity IDE\User\globalStorage\redhat.java\1.56.0\config_win -data c:\Users\CHI TAI\AppData\Roaming\Antigravity IDE\User\workspaceStorage\7d69b7ec1bea4d07db66e797e26b716f\redhat.java\jdt_ws --stdio

Host: 13th Gen Intel(R) Core(TM) i5-13420H, 12 cores, 7G,  Windows 11 , 64 bit Build 26100 (10.0.26100.9444)
Time: Tue Oct  6 15:13:05 2026 SE Asia Standard Time elapsed time: 22.840762 seconds (0d 0h 0m 22s)

---------------  T H R E A D  ---------------

Current thread (0x000002780a23a040):  JavaThread "C2 CompilerThread0" daemon [_thread_in_native, id=20440, stack(0x000000a46ed00000,0x000000a46ee00000) (1024K)]


Current CompileTask:
C2:22840 10626   !   4       org.eclipse.jdt.internal.core.search.indexing.BinaryIndexer::indexDocument (1172 bytes)

Stack: [0x000000a46ed00000,0x000000a46ee00000]
Native frames: (J=compiled Java code, j=interpreted, Vv=VM code, C=native code)
V  [jvm.dll+0x6d83e9]
V  [jvm.dll+0x8b5736]
V  [jvm.dll+0x8b7cee]
V  [jvm.dll+0x8b83d3]
V  [jvm.dll+0x284596]
V  [jvm.dll+0xc685d]
V  [jvm.dll+0xc6da1]
V  [jvm.dll+0x3bf18b]
V  [jvm.dll+0x1e4149]
V  [jvm.dll+0x24c853]
V  [jvm.dll+0x24bce0]
V  [jvm.dll+0x1cb4ae]
V  [jvm.dll+0x25baad]
V  [jvm.dll+0x25a03a]
V  [jvm.dll+0x3f8aae]
V  [jvm.dll+0x8600cd]
V  [jvm.dll+0x6d6c1d]
C  [ucrtbase.dll+0x2cd30]
C  [KERNEL32.DLL+0x2cd87]
C  [ntdll.dll+0xacaec]


---------------  P R O C E S S  ---------------

Threads class SMR info:
_java_thread_list=0x000002781271c9c0, length=63, elements={
0x00000277af079180, 0x00000277b15b43e0, 0x00000277b14be510, 0x00000277b15be660,
0x00000277b15bf320, 0x00000277b15b7b60, 0x00000277b15c40f0, 0x000002780a23a040,
0x00000277b15cb7f0, 0x000002780a456c60, 0x000002780a4fdc00, 0x00000278100463e0,
0x00000278101220d0, 0x00000278101bcbc0, 0x00000278101bd230, 0x000002780b966790,
0x000002780a4a9f40, 0x000002780a52ef20, 0x0000027810419f30, 0x0000027810419210,
0x00000278104184f0, 0x0000027810417e60, 0x00000278104198a0, 0x000002781041a5c0,
0x0000027810417140, 0x0000027811622db0, 0x00000278116247f0, 0x0000027811623440,
0x0000027811622090, 0x0000027811624160, 0x0000027811625510, 0x0000027811625ba0,
0x0000027811622720, 0x0000027811628990, 0x00000278116296b0, 0x0000027811627c70,
0x0000027811629020, 0x00000278116275e0, 0x0000027811628300, 0x0000027811626230,
0x00000278116268c0, 0x0000027811626f50, 0x00000278104177d0, 0x000002781099b670,
0x000002781099afe0, 0x000002781099c390, 0x000002781099eaf0, 0x000002781099f180,
0x000002781099e460, 0x000002781099d0b0, 0x000002781099bd00, 0x000002781099f810,
0x000002781099fea0, 0x000002781099ca20, 0x00000278109a0530, 0x00000278109a0bc0,
0x000002781099d740, 0x00000278109a1250, 0x000002781099ddd0, 0x00000278109a18e0,
0x00000278109a1f70, 0x00000278109a2600, 0x0000027811587e60
}

Java Threads: ( => current thread )
  0x00000277af079180 JavaThread "main"                              [_thread_blocked, id=24724, stack(0x000000a46e300000,0x000000a46e400000) (1024K)]
  0x00000277b15b43e0 JavaThread "Reference Handler"          daemon [_thread_blocked, id=14832, stack(0x000000a46e700000,0x000000a46e800000) (1024K)]
  0x00000277b14be510 JavaThread "Finalizer"                  daemon [_thread_blocked, id=27780, stack(0x000000a46e800000,0x000000a46e900000) (1024K)]
  0x00000277b15be660 JavaThread "Signal Dispatcher"          daemon [_thread_blocked, id=25828, stack(0x000000a46e900000,0x000000a46ea00000) (1024K)]
  0x00000277b15bf320 JavaThread "Attach Listener"            daemon [_thread_blocked, id=4340, stack(0x000000a46ea00000,0x000000a46eb00000) (1024K)]
  0x00000277b15b7b60 JavaThread "Service Thread"             daemon [_thread_blocked, id=10920, stack(0x000000a46eb00000,0x000000a46ec00000) (1024K)]
  0x00000277b15c40f0 JavaThread "Monitor Deflation Thread"   daemon [_thread_blocked, id=27788, stack(0x000000a46ec00000,0x000000a46ed00000) (1024K)]
=>0x000002780a23a040 JavaThread "C2 CompilerThread0"         daemon [_thread_in_native, id=20440, stack(0x000000a46ed00000,0x000000a46ee00000) (1024K)]
  0x00000277b15cb7f0 JavaThread "C1 CompilerThread0"         daemon [_thread_blocked, id=13136, stack(0x000000a46ee00000,0x000000a46ef00000) (1024K)]
  0x000002780a456c60 JavaThread "Common-Cleaner"             daemon [_thread_blocked, id=26840, stack(0x000000a46f000000,0x000000a46f100000) (1024K)]
  0x000002780a4fdc00 JavaThread "Notification Thread"        daemon [_thread_blocked, id=2452, stack(0x000000a46f100000,0x000000a46f200000) (1024K)]
  0x00000278100463e0 JavaThread "Active Thread: Equinox Container: 535b6d08-dae3-498f-866d-022316f7980c"        [_thread_blocked, id=19592, stack(0x000000a46f800000,0x000000a46f900000) (1024K)]
  0x00000278101220d0 JavaThread "Refresh Thread: Equinox Container: 535b6d08-dae3-498f-866d-022316f7980c" daemon [_thread_blocked, id=6356, stack(0x000000a46f900000,0x000000a46fa00000) (1024K)]
  0x00000278101bcbc0 JavaThread "Framework Event Dispatcher: Equinox Container: 535b6d08-dae3-498f-866d-022316f7980c" daemon [_thread_blocked, id=20680, stack(0x000000a46fa00000,0x000000a46fb00000) (1024K)]
  0x00000278101bd230 JavaThread "Start Level: Equinox Container: 535b6d08-dae3-498f-866d-022316f7980c" daemon [_thread_blocked, id=30352, stack(0x000000a46fb00000,0x000000a46fc00000) (1024K)]
  0x000002780b966790 JavaThread "Bundle File Closer"         daemon [_thread_blocked, id=26884, stack(0x000000a46fe00000,0x000000a46ff00000) (1024K)]
  0x000002780a4a9f40 JavaThread "SCR Component Actor"        daemon [_thread_blocked, id=25940, stack(0x000000a46ff00000,0x000000a470000000) (1024K)]
  0x000002780a52ef20 JavaThread "Worker-JM"                         [_thread_blocked, id=29900, stack(0x000000a470100000,0x000000a470200000) (1024K)]
  0x0000027810419f30 JavaThread "JNA Cleaner"                daemon [_thread_blocked, id=27460, stack(0x000000a470000000,0x000000a470100000) (1024K)]
  0x0000027810419210 JavaThread "Worker-0"                          [_thread_blocked, id=16460, stack(0x000000a470200000,0x000000a470300000) (1024K)]
  0x00000278104184f0 JavaThread "Worker-1"                          [_thread_blocked, id=27016, stack(0x000000a470300000,0x000000a470400000) (1024K)]
  0x0000027810417e60 JavaThread "Java indexing"              daemon [_thread_in_native, id=27468, stack(0x000000a470400000,0x000000a470500000) (1024K)]
  0x00000278104198a0 JavaThread "Worker-2"                          [_thread_blocked, id=4712, stack(0x000000a470700000,0x000000a470800000) (1024K)]
  0x000002781041a5c0 JavaThread "Worker-3: Building"                [_thread_in_native, id=26236, stack(0x000000a470800000,0x000000a470900000) (1024K)]
  0x0000027810417140 JavaThread "pool-2-thread-1"                   [_thread_blocked, id=26404, stack(0x000000a470900000,0x000000a470a00000) (1024K)]
  0x0000027811622db0 JavaThread "WorkspaceEventsHandler"            [_thread_blocked, id=25276, stack(0x000000a470e00000,0x000000a470f00000) (1024K)]
  0x00000278116247f0 JavaThread "pool-1-thread-1"                   [_thread_blocked, id=28388, stack(0x000000a470f00000,0x000000a471000000) (1024K)]
  0x0000027811623440 JavaThread "Worker-4: Java indexing... "        [_thread_blocked, id=30016, stack(0x000000a471000000,0x000000a471100000) (1024K)]
  0x0000027811622090 JavaThread "Worker-5"                          [_thread_blocked, id=25496, stack(0x000000a470a00000,0x000000a470b00000) (1024K)]
  0x0000027811624160 JavaThread "LocalFile Deleter"          daemon [_thread_blocked, id=26976, stack(0x000000a470c00000,0x000000a470d00000) (1024K)]
  0x0000027811625510 JavaThread "LocalFile Deleter"          daemon [_thread_blocked, id=26396, stack(0x000000a470d00000,0x000000a470e00000) (1024K)]
  0x0000027811625ba0 JavaThread "LocalFile Deleter"          daemon [_thread_blocked, id=28408, stack(0x000000a471100000,0x000000a471200000) (1024K)]
  0x0000027811622720 JavaThread "LocalFile Deleter"          daemon [_thread_blocked, id=25788, stack(0x000000a471200000,0x000000a471300000) (1024K)]
  0x0000027811628990 JavaThread "LocalFile Deleter"          daemon [_thread_blocked, id=8112, stack(0x000000a471300000,0x000000a471400000) (1024K)]
  0x00000278116296b0 JavaThread "LocalFile Deleter"          daemon [_thread_blocked, id=27136, stack(0x000000a471400000,0x000000a471500000) (1024K)]
  0x0000027811627c70 JavaThread "LocalFile Deleter"          daemon [_thread_blocked, id=27900, stack(0x000000a471500000,0x000000a471600000) (1024K)]
  0x0000027811629020 JavaThread "LocalFile Deleter"          daemon [_thread_blocked, id=14456, stack(0x000000a471600000,0x000000a471700000) (1024K)]
  0x00000278116275e0 JavaThread "LocalFile Deleter"          daemon [_thread_blocked, id=20892, stack(0x000000a471700000,0x000000a471800000) (1024K)]
  0x0000027811628300 JavaThread "LocalFile Deleter"          daemon [_thread_blocked, id=14728, stack(0x000000a471800000,0x000000a471900000) (1024K)]
  0x0000027811626230 JavaThread "LocalFile Deleter"          daemon [_thread_blocked, id=27524, stack(0x000000a471900000,0x000000a471a00000) (1024K)]
  0x00000278116268c0 JavaThread "LocalFile Deleter"          daemon [_thread_blocked, id=23776, stack(0x000000a471a00000,0x000000a471b00000) (1024K)]
  0x0000027811626f50 JavaThread "Compiler Source File Reader" daemon [_thread_blocked, id=23280, stack(0x000000a471b00000,0x000000a471c00000) (1024K)]
  0x00000278104177d0 JavaThread "Compiler Source File Reader" daemon [_thread_blocked, id=30176, stack(0x000000a471c00000,0x000000a471d00000) (1024K)]
  0x000002781099b670 JavaThread "Compiler Source File Reader" daemon [_thread_blocked, id=12612, stack(0x000000a471d00000,0x000000a471e00000) (1024K)]
  0x000002781099afe0 JavaThread "Compiler Source File Reader" daemon [_thread_blocked, id=8320, stack(0x000000a471e00000,0x000000a471f00000) (1024K)]
  0x000002781099c390 JavaThread "Compiler Source File Reader" daemon [_thread_blocked, id=29752, stack(0x000000a471f00000,0x000000a472000000) (1024K)]
  0x000002781099eaf0 JavaThread "Compiler Source File Reader" daemon [_thread_blocked, id=5816, stack(0x000000a472000000,0x000000a472100000) (1024K)]
  0x000002781099f180 JavaThread "Compiler Source File Reader" daemon [_thread_blocked, id=29784, stack(0x000000a472100000,0x000000a472200000) (1024K)]
  0x000002781099e460 JavaThread "Compiler Source File Reader" daemon [_thread_blocked, id=25896, stack(0x000000a472200000,0x000000a472300000) (1024K)]
  0x000002781099d0b0 JavaThread "Compiler Source File Reader" daemon [_thread_blocked, id=30240, stack(0x000000a472300000,0x000000a472400000) (1024K)]
  0x000002781099bd00 JavaThread "Compiler Source File Reader" daemon [_thread_blocked, id=30504, stack(0x000000a472400000,0x000000a472500000) (1024K)]
  0x000002781099f810 JavaThread "Keep-Alive-Timer"           daemon [_thread_blocked, id=26844, stack(0x000000a472500000,0x000000a472600000) (1024K)]
  0x000002781099fea0 JavaThread "Compiler Processing Task"   daemon [_thread_blocked, id=29620, stack(0x000000a472600000,0x000000a472700000) (1024K)]
  0x000002781099ca20 JavaThread "Compiler Class File Writer" daemon [_thread_blocked, id=27920, stack(0x000000a472700000,0x000000a472800000) (1024K)]
  0x00000278109a0530 JavaThread "Compiler Class File Writer" daemon [_thread_blocked, id=3124, stack(0x000000a472800000,0x000000a472900000) (1024K)]
  0x00000278109a0bc0 JavaThread "Compiler Class File Writer" daemon [_thread_blocked, id=13800, stack(0x000000a472900000,0x000000a472a00000) (1024K)]
  0x000002781099d740 JavaThread "Compiler Class File Writer" daemon [_thread_blocked, id=10832, stack(0x000000a472a00000,0x000000a472b00000) (1024K)]
  0x00000278109a1250 JavaThread "Compiler Class File Writer" daemon [_thread_blocked, id=28232, stack(0x000000a472b00000,0x000000a472c00000) (1024K)]
  0x000002781099ddd0 JavaThread "Compiler Class File Writer" daemon [_thread_blocked, id=24620, stack(0x000000a472c00000,0x000000a472d00000) (1024K)]
  0x00000278109a18e0 JavaThread "Compiler Class File Writer" daemon [_thread_blocked, id=2116, stack(0x000000a472d00000,0x000000a472e00000) (1024K)]
  0x00000278109a1f70 JavaThread "Compiler Class File Writer" daemon [_thread_blocked, id=29020, stack(0x000000a472e00000,0x000000a472f00000) (1024K)]
  0x00000278109a2600 JavaThread "Compiler Class File Writer" daemon [_thread_blocked, id=22396, stack(0x000000a472f00000,0x000000a473000000) (1024K)]
  0x0000027811587e60 JavaThread "Compiler Class File Writer" daemon [_thread_blocked, id=25844, stack(0x000000a473000000,0x000000a473100000) (1024K)]
Total: 63

Other Threads:
  0x00000277b14a45c0 VMThread "VM Thread"                           [id=26068, stack(0x000000a46e600000,0x000000a46e700000) (1024K)]
  0x00000277b139ca00 WatcherThread "VM Periodic Task Thread"        [id=12096, stack(0x000000a46e500000,0x000000a46e600000) (1024K)]
  0x00000277b152d060 WorkerThread "GC Thread#0"                     [id=26060, stack(0x000000a46e400000,0x000000a46e500000) (1024K)]
  0x000002780a4db990 WorkerThread "GC Thread#1"                     [id=30492, stack(0x000000a46f200000,0x000000a46f300000) (1024K)]
  0x000002780a4dc850 WorkerThread "GC Thread#2"                     [id=13268, stack(0x000000a46f300000,0x000000a46f400000) (1024K)]
  0x000002780a4dbd40 WorkerThread "GC Thread#3"                     [id=16176, stack(0x000000a46f400000,0x000000a46f500000) (1024K)]
  0x000002780a4dae80 WorkerThread "GC Thread#4"                     [id=19572, stack(0x000000a46f500000,0x000000a46f600000) (1024K)]
  0x000002780a4db5e0 WorkerThread "GC Thread#5"                     [id=20848, stack(0x000000a46f600000,0x000000a46f700000) (1024K)]
  0x000002780a4dc0f0 WorkerThread "GC Thread#6"                     [id=11792, stack(0x000000a46f700000,0x000000a46f800000) (1024K)]
  0x00000278100418e0 WorkerThread "GC Thread#7"                     [id=28548, stack(0x000000a46ef00000,0x000000a46f000000) (1024K)]
  0x0000027810040dd0 WorkerThread "GC Thread#8"                     [id=13888, stack(0x000000a46fc00000,0x000000a46fd00000) (1024K)]
  0x0000027810042b50 WorkerThread "GC Thread#9"                     [id=14876, stack(0x000000a46fd00000,0x000000a46fe00000) (1024K)]
Total: 12

Threads with active compile tasks:
C2 CompilerThread0  22864 10626   !   4       org.eclipse.jdt.internal.core.search.indexing.BinaryIndexer::indexDocument (1172 bytes)
Total: 1

VM state: not at safepoint (normal execution)

VM Mutex/Monitor currently owned by a thread: None

Heap address: 0x0000000080000000, size: 2048 MB, Compressed Oops mode: 32-bit

CDS archive(s) mapped at: [0x00000277c8000000-0x00000277c8ba0000-0x00000277c8ba0000), size 12189696, SharedBaseAddress: 0x00000277c8000000, ArchiveRelocationMode: 1.
Compressed class space mapped at: 0x00000277c9000000-0x0000027809000000, reserved size: 1073741824
Narrow klass base: 0x00000277c8000000, Narrow klass shift: 0, Narrow klass range: 0x100000000

GC Precious Log:
 CardTable entry size: 512
 CPUs: 12 total, 12 available
 Memory: 7895M
 Large Page Support: Disabled
 NUMA Support: Disabled
 Compressed Oops: Enabled (32-bit)
 Alignments: Space 512K, Generation 512K, Heap 2M
 Heap Min Capacity: 100M
 Heap Initial Capacity: 100M
 Heap Max Capacity: 2G
 Pre-touch: Disabled
 Parallel Workers: 10

Heap:
 PSYoungGen      total 5632K, used 3051K [0x00000000d5580000, 0x00000000d5c00000, 0x0000000100000000)
  eden space 4608K, 45% used [0x00000000d5580000,0x00000000d578f648,0x00000000d5a00000)
  from space 1024K, 92% used [0x00000000d5a00000,0x00000000d5aeb9a0,0x00000000d5b00000)
  to   space 1024K, 0% used [0x00000000d5b00000,0x00000000d5b00000,0x00000000d5c00000)
 ParOldGen       total 181760K, used 181731K [0x0000000080000000, 0x000000008b180000, 0x00000000d5580000)
  object space 181760K, 99% used [0x0000000080000000,0x000000008b178db8,0x000000008b180000)
 Metaspace       used 63940K, committed 65344K, reserved 1114112K
  class space    used 6924K, committed 7552K, reserved 1048576K

Card table byte_map: [0x00000277b0eb0000,0x00000277b12c0000] _byte_map_base: 0x00000277b0ab0000

Marking Bits: (ParMarkBitMap*) 0x00007ffc959044a0
 Begin Bits: [0x00000277c39c0000, 0x00000277c59c0000)
 End Bits:   [0x00000277c59c0000, 0x00000277c79c0000)

Polling page: 0x00000277af2a0000

Metaspace:

Usage:
  Non-class:     55.68 MB used.
      Class:      6.76 MB used.
       Both:     62.44 MB used.

Virtual space:
  Non-class space:       64.00 MB reserved,      56.44 MB ( 88%) committed,  1 nodes.
      Class space:        1.00 GB reserved,       7.38 MB ( <1%) committed,  1 nodes.
             Both:        1.06 GB reserved,      63.81 MB (  6%) committed. 

Chunk freelists:
   Non-Class:  7.26 MB
       Class:  8.63 MB
        Both:  15.89 MB

MaxMetaspaceSize: unlimited
CompressedClassSpaceSize: 1.00 GB
Initial GC threshold: 21.00 MB
Current GC threshold: 97.31 MB
CDS: on
 - commit_granule_bytes: 65536.
 - commit_granule_words: 8192.
 - virtual_space_node_default_size: 8388608.
 - enlarge_chunks_in_place: 1.
 - use_allocation_guard: 0.


Internal statistics:

num_allocs_failed_limit: 9.
num_arena_births: 1196.
num_arena_deaths: 14.
num_vsnodes_births: 2.
num_vsnodes_deaths: 0.
num_space_committed: 1021.
num_space_uncommitted: 0.
num_chunks_returned_to_freelist: 23.
num_chunks_taken_from_freelist: 4029.
num_chunk_merges: 12.
num_chunk_splits: 2458.
num_chunks_enlarged: 1378.
num_inconsistent_stats: 0.

CodeHeap 'non-profiled nmethods': size=120000Kb used=3710Kb max_used=3710Kb free=116290Kb
 bounds [0x00000277bc1e0000, 0x00000277bc580000, 0x00000277c3710000]
CodeHeap 'profiled nmethods': size=120000Kb used=21235Kb max_used=21235Kb free=98764Kb
 bounds [0x00000277b4710000, 0x00000277b5bd0000, 0x00000277bbc40000]
CodeHeap 'non-nmethods': size=5760Kb used=1452Kb max_used=1506Kb free=4307Kb
 bounds [0x00000277bbc40000, 0x00000277bbeb0000, 0x00000277bc1e0000]
CodeCache: size=245760Kb, used=26397Kb, max_used=26451Kb, free=219361Kb
 total_blobs=10643, nmethods=9880, adapters=669, full_count=0
Compilation: enabled, stopped_count=0, restarted_count=0

Compilation events (20 events):
Event: 22.754 Thread 0x00000277b15cb7f0 10659       2       java.io.BufferedInputStream::close (44 bytes)
Event: 22.754 Thread 0x00000277b15cb7f0 nmethod 10659 0x00000277b5bc6d10 code [0x00000277b5bc6ec0, 0x00000277b5bc7110]
Event: 22.756 Thread 0x00000277b15cb7f0 10662       2       org.eclipse.sisu.wire.EntrySetAdapter$ValueIterator::next (18 bytes)
Event: 22.756 Thread 0x00000277b15cb7f0 nmethod 10662 0x00000277b5bc7210 code [0x00000277b5bc73c0, 0x00000277b5bc7578]
Event: 22.790 Thread 0x00000277b15cb7f0 10664   !   2       sun.nio.ch.IOUtil::releaseScope (23 bytes)
Event: 22.790 Thread 0x00000277b15cb7f0 nmethod 10664 0x00000277b5bc7690 code [0x00000277b5bc7880, 0x00000277b5bc7b78]
Event: 22.790 Thread 0x00000277b15cb7f0 10665   !   2       java.nio.Buffer$2::releaseSession (28 bytes)
Event: 22.790 Thread 0x00000277b15cb7f0 nmethod 10665 0x00000277b5bc7e10 code [0x00000277b5bc7fe0, 0x00000277b5bc8210]
Event: 22.790 Thread 0x00000277b15cb7f0 10666       2       java.util.AbstractMap$2$1::hasNext (10 bytes)
Event: 22.791 Thread 0x00000277b15cb7f0 nmethod 10666 0x00000277b5bc8410 code [0x00000277b5bc85c0, 0x00000277b5bc86f8]
Event: 22.796 Thread 0x00000277b15cb7f0 10667       3       org.eclipse.jdt.core.Signature::createCharArrayTypeSignature (102 bytes)
Event: 22.797 Thread 0x00000277b15cb7f0 nmethod 10667 0x00000277b5bc8790 code [0x00000277b5bc8a60, 0x00000277b5bc97d8]
Event: 22.813 Thread 0x00000277b15cb7f0 10668       1       java.nio.channels.FileLock::position (5 bytes)
Event: 22.813 Thread 0x00000277b15cb7f0 nmethod 10668 0x00000277bc57eb10 code [0x00000277bc57eca0, 0x00000277bc57ed68]
Event: 22.813 Thread 0x00000277b15cb7f0 10669       1       java.nio.channels.FileLock::size (5 bytes)
Event: 22.813 Thread 0x00000277b15cb7f0 nmethod 10669 0x00000277bc57ee10 code [0x00000277bc57efa0, 0x00000277bc57f068]
Event: 22.831 Thread 0x00000277b15cb7f0 10672   !   2       com.google.inject.internal.InjectorImpl::getBinding (54 bytes)
Event: 22.831 Thread 0x00000277b15cb7f0 nmethod 10672 0x00000277b5bc9d10 code [0x00000277b5bc9f60, 0x00000277b5bca590]
Event: 22.831 Thread 0x00000277b15cb7f0 10673       2       org.eclipse.aether.DefaultSessionData$$Lambda/0x00000277c973da28::<init> (10 bytes)
Event: 22.831 Thread 0x00000277b15cb7f0 nmethod 10673 0x00000277b5bcaa90 code [0x00000277b5bcac20, 0x00000277b5bcad40]

GC Heap History (20 events):
Event: 22.749 GC heap before
{Heap before GC invocations=147 (full 3):
 PSYoungGen      total 5632K, used 5520K [0x00000000d5580000, 0x00000000d5d00000, 0x0000000100000000)
  eden space 4608K, 100% used [0x00000000d5580000,0x00000000d5a00000,0x00000000d5a00000)
  from space 1024K, 89% used [0x00000000d5a00000,0x00000000d5ae43c0,0x00000000d5b00000)
  to   space 1536K, 0% used [0x00000000d5b80000,0x00000000d5b80000,0x00000000d5d00000)
 ParOldGen       total 173056K, used 172678K [0x0000000080000000, 0x000000008a900000, 0x00000000d5580000)
  object space 173056K, 99% used [0x0000000080000000,0x000000008a8a1838,0x000000008a900000)
 Metaspace       used 63932K, committed 65344K, reserved 1114112K
  class space    used 6924K, committed 7552K, reserved 1048576K
}
Event: 22.750 GC heap after
{Heap after GC invocations=147 (full 3):
 PSYoungGen      total 5632K, used 807K [0x00000000d5580000, 0x00000000d5c80000, 0x0000000100000000)
  eden space 4608K, 0% used [0x00000000d5580000,0x00000000d5580000,0x00000000d5a00000)
  from space 1024K, 78% used [0x00000000d5b80000,0x00000000d5c49d80,0x00000000d5c80000)
  to   space 1024K, 0% used [0x00000000d5a00000,0x00000000d5a00000,0x00000000d5b00000)
 ParOldGen       total 173568K, used 173539K [0x0000000080000000, 0x000000008a980000, 0x00000000d5580000)
  object space 173568K, 99% used [0x0000000080000000,0x000000008a978e40,0x000000008a980000)
 Metaspace       used 63932K, committed 65344K, reserved 1114112K
  class space    used 6924K, committed 7552K, reserved 1048576K
}
Event: 22.758 GC heap before
{Heap before GC invocations=148 (full 3):
 PSYoungGen      total 5632K, used 5415K [0x00000000d5580000, 0x00000000d5c80000, 0x0000000100000000)
  eden space 4608K, 100% used [0x00000000d5580000,0x00000000d5a00000,0x00000000d5a00000)
  from space 1024K, 78% used [0x00000000d5b80000,0x00000000d5c49d80,0x00000000d5c80000)
  to   space 1024K, 0% used [0x00000000d5a00000,0x00000000d5a00000,0x00000000d5b00000)
 ParOldGen       total 173568K, used 173539K [0x0000000080000000, 0x000000008a980000, 0x00000000d5580000)
  object space 173568K, 99% used [0x0000000080000000,0x000000008a978e40,0x000000008a980000)
 Metaspace       used 63933K, committed 65344K, reserved 1114112K
  class space    used 6924K, committed 7552K, reserved 1048576K
}
Event: 22.759 GC heap after
{Heap after GC invocations=148 (full 3):
 PSYoungGen      total 5632K, used 865K [0x00000000d5580000, 0x00000000d5c00000, 0x0000000100000000)
  eden space 4608K, 0% used [0x00000000d5580000,0x00000000d5580000,0x00000000d5a00000)
  from space 1024K, 84% used [0x00000000d5a00000,0x00000000d5ad8578,0x00000000d5b00000)
  to   space 1024K, 0% used [0x00000000d5b00000,0x00000000d5b00000,0x00000000d5c00000)
 ParOldGen       total 174592K, used 174262K [0x0000000080000000, 0x000000008aa80000, 0x00000000d5580000)
  object space 174592K, 99% used [0x0000000080000000,0x000000008aa2d8b0,0x000000008aa80000)
 Metaspace       used 63933K, committed 65344K, reserved 1114112K
  class space    used 6924K, committed 7552K, reserved 1048576K
}
Event: 22.765 GC heap before
{Heap before GC invocations=149 (full 3):
 PSYoungGen      total 5632K, used 5458K [0x00000000d5580000, 0x00000000d5c00000, 0x0000000100000000)
  eden space 4608K, 99% used [0x00000000d5580000,0x00000000d59fc3f0,0x00000000d5a00000)
  from space 1024K, 84% used [0x00000000d5a00000,0x00000000d5ad8578,0x00000000d5b00000)
  to   space 1024K, 0% used [0x00000000d5b00000,0x00000000d5b00000,0x00000000d5c00000)
 ParOldGen       total 174592K, used 174262K [0x0000000080000000, 0x000000008aa80000, 0x00000000d5580000)
  object space 174592K, 99% used [0x0000000080000000,0x000000008aa2d8b0,0x000000008aa80000)
 Metaspace       used 63933K, committed 65344K, reserved 1114112K
  class space    used 6924K, committed 7552K, reserved 1048576K
}
Event: 22.766 GC heap after
{Heap after GC invocations=149 (full 3):
 PSYoungGen      total 5632K, used 758K [0x00000000d5580000, 0x00000000d5c00000, 0x0000000100000000)
  eden space 4608K, 0% used [0x00000000d5580000,0x00000000d5580000,0x00000000d5a00000)
  from space 1024K, 74% used [0x00000000d5b00000,0x00000000d5bbd8a8,0x00000000d5c00000)
  to   space 1024K, 0% used [0x00000000d5a00000,0x00000000d5a00000,0x00000000d5b00000)
 ParOldGen       total 175104K, used 175006K [0x0000000080000000, 0x000000008ab00000, 0x00000000d5580000)
  object space 175104K, 99% used [0x0000000080000000,0x000000008aae7bc8,0x000000008ab00000)
 Metaspace       used 63933K, committed 65344K, reserved 1114112K
  class space    used 6924K, committed 7552K, reserved 1048576K
}
Event: 22.775 GC heap before
{Heap before GC invocations=150 (full 3):
 PSYoungGen      total 5632K, used 5358K [0x00000000d5580000, 0x00000000d5c00000, 0x0000000100000000)
  eden space 4608K, 99% used [0x00000000d5580000,0x00000000d59fe0d0,0x00000000d5a00000)
  from space 1024K, 74% used [0x00000000d5b00000,0x00000000d5bbd8a8,0x00000000d5c00000)
  to   space 1024K, 0% used [0x00000000d5a00000,0x00000000d5a00000,0x00000000d5b00000)
 ParOldGen       total 175104K, used 175006K [0x0000000080000000, 0x000000008ab00000, 0x00000000d5580000)
  object space 175104K, 99% used [0x0000000080000000,0x000000008aae7bc8,0x000000008ab00000)
 Metaspace       used 63933K, committed 65344K, reserved 1114112K
  class space    used 6924K, committed 7552K, reserved 1048576K
}
Event: 22.776 GC heap after
{Heap after GC invocations=150 (full 3):
 PSYoungGen      total 5632K, used 845K [0x00000000d5580000, 0x00000000d5c00000, 0x0000000100000000)
  eden space 4608K, 0% used [0x00000000d5580000,0x00000000d5580000,0x00000000d5a00000)
  from space 1024K, 82% used [0x00000000d5a00000,0x00000000d5ad3650,0x00000000d5b00000)
  to   space 1024K, 0% used [0x00000000d5b00000,0x00000000d5b00000,0x00000000d5c00000)
 ParOldGen       total 176128K, used 175632K [0x0000000080000000, 0x000000008ac00000, 0x00000000d5580000)
  object space 176128K, 99% used [0x0000000080000000,0x000000008ab841a8,0x000000008ac00000)
 Metaspace       used 63933K, committed 65344K, reserved 1114112K
  class space    used 6924K, committed 7552K, reserved 1048576K
}
Event: 22.783 GC heap before
{Heap before GC invocations=151 (full 3):
 PSYoungGen      total 5632K, used 5453K [0x00000000d5580000, 0x00000000d5c00000, 0x0000000100000000)
  eden space 4608K, 100% used [0x00000000d5580000,0x00000000d5a00000,0x00000000d5a00000)
  from space 1024K, 82% used [0x00000000d5a00000,0x00000000d5ad3650,0x00000000d5b00000)
  to   space 1024K, 0% used [0x00000000d5b00000,0x00000000d5b00000,0x00000000d5c00000)
 ParOldGen       total 176128K, used 175632K [0x0000000080000000, 0x000000008ac00000, 0x00000000d5580000)
  object space 176128K, 99% used [0x0000000080000000,0x000000008ab841a8,0x000000008ac00000)
 Metaspace       used 63933K, committed 65344K, reserved 1114112K
  class space    used 6924K, committed 7552K, reserved 1048576K
}
Event: 22.783 GC heap after
{Heap after GC invocations=151 (full 3):
 PSYoungGen      total 5632K, used 908K [0x00000000d5580000, 0x00000000d5c00000, 0x0000000100000000)
  eden space 4608K, 0% used [0x00000000d5580000,0x00000000d5580000,0x00000000d5a00000)
  from space 1024K, 88% used [0x00000000d5b00000,0x00000000d5be3258,0x00000000d5c00000)
  to   space 1024K, 0% used [0x00000000d5a00000,0x00000000d5a00000,0x00000000d5b00000)
 ParOldGen       total 176640K, used 176346K [0x0000000080000000, 0x000000008ac80000, 0x00000000d5580000)
  object space 176640K, 99% used [0x0000000080000000,0x000000008ac368e0,0x000000008ac80000)
 Metaspace       used 63933K, committed 65344K, reserved 1114112K
  class space    used 6924K, committed 7552K, reserved 1048576K
}
Event: 22.791 GC heap before
{Heap before GC invocations=152 (full 3):
 PSYoungGen      total 5632K, used 5516K [0x00000000d5580000, 0x00000000d5c00000, 0x0000000100000000)
  eden space 4608K, 100% used [0x00000000d5580000,0x00000000d5a00000,0x00000000d5a00000)
  from space 1024K, 88% used [0x00000000d5b00000,0x00000000d5be3258,0x00000000d5c00000)
  to   space 1024K, 0% used [0x00000000d5a00000,0x00000000d5a00000,0x00000000d5b00000)
 ParOldGen       total 176640K, used 176346K [0x0000000080000000, 0x000000008ac80000, 0x00000000d5580000)
  object space 176640K, 99% used [0x0000000080000000,0x000000008ac368e0,0x000000008ac80000)
 Metaspace       used 63934K, committed 65344K, reserved 1114112K
  class space    used 6924K, committed 7552K, reserved 1048576K
}
Event: 22.792 GC heap after
{Heap after GC invocations=152 (full 3):
 PSYoungGen      total 5632K, used 860K [0x00000000d5580000, 0x00000000d5c00000, 0x0000000100000000)
  eden space 4608K, 0% used [0x00000000d5580000,0x00000000d5580000,0x00000000d5a00000)
  from space 1024K, 83% used [0x00000000d5a00000,0x00000000d5ad7070,0x00000000d5b00000)
  to   space 1024K, 0% used [0x00000000d5b00000,0x00000000d5b00000,0x00000000d5c00000)
 ParOldGen       total 177152K, used 177087K [0x0000000080000000, 0x000000008ad00000, 0x00000000d5580000)
  object space 177152K, 99% used [0x0000000080000000,0x000000008acefdc8,0x000000008ad00000)
 Metaspace       used 63934K, committed 65344K, reserved 1114112K
  class space    used 6924K, committed 7552K, reserved 1048576K
}
Event: 22.799 GC heap before
{Heap before GC invocations=153 (full 3):
 PSYoungGen      total 5632K, used 5468K [0x00000000d5580000, 0x00000000d5c00000, 0x0000000100000000)
  eden space 4608K, 100% used [0x00000000d5580000,0x00000000d5a00000,0x00000000d5a00000)
  from space 1024K, 83% used [0x00000000d5a00000,0x00000000d5ad7070,0x00000000d5b00000)
  to   space 1024K, 0% used [0x00000000d5b00000,0x00000000d5b00000,0x00000000d5c00000)
 ParOldGen       total 177152K, used 177087K [0x0000000080000000, 0x000000008ad00000, 0x00000000d5580000)
  object space 177152K, 99% used [0x0000000080000000,0x000000008acefdc8,0x000000008ad00000)
 Metaspace       used 63934K, committed 65344K, reserved 1114112K
  class space    used 6924K, committed 7552K, reserved 1048576K
}
Event: 22.800 GC heap after
{Heap after GC invocations=153 (full 3):
 PSYoungGen      total 5632K, used 926K [0x00000000d5580000, 0x00000000d5c00000, 0x0000000100000000)
  eden space 4608K, 0% used [0x00000000d5580000,0x00000000d5580000,0x00000000d5a00000)
  from space 1024K, 90% used [0x00000000d5b00000,0x00000000d5be79a0,0x00000000d5c00000)
  to   space 1024K, 0% used [0x00000000d5a00000,0x00000000d5a00000,0x00000000d5b00000)
 ParOldGen       total 178176K, used 177841K [0x0000000080000000, 0x000000008ae00000, 0x00000000d5580000)
  object space 178176K, 99% used [0x0000000080000000,0x000000008adac500,0x000000008ae00000)
 Metaspace       used 63934K, committed 65344K, reserved 1114112K
  class space    used 6924K, committed 7552K, reserved 1048576K
}
Event: 22.813 GC heap before
{Heap before GC invocations=154 (full 3):
 PSYoungGen      total 5632K, used 5534K [0x00000000d5580000, 0x00000000d5c00000, 0x0000000100000000)
  eden space 4608K, 100% used [0x00000000d5580000,0x00000000d5a00000,0x00000000d5a00000)
  from space 1024K, 90% used [0x00000000d5b00000,0x00000000d5be79a0,0x00000000d5c00000)
  to   space 1024K, 0% used [0x00000000d5a00000,0x00000000d5a00000,0x00000000d5b00000)
 ParOldGen       total 178176K, used 177841K [0x0000000080000000, 0x000000008ae00000, 0x00000000d5580000)
  object space 178176K, 99% used [0x0000000080000000,0x000000008adac500,0x000000008ae00000)
 Metaspace       used 63934K, committed 65344K, reserved 1114112K
  class space    used 6924K, committed 7552K, reserved 1048576K
}
Event: 22.814 GC heap after
{Heap after GC invocations=154 (full 3):
 PSYoungGen      total 5632K, used 979K [0x00000000d5580000, 0x00000000d5c00000, 0x0000000100000000)
  eden space 4608K, 0% used [0x00000000d5580000,0x00000000d5580000,0x00000000d5a00000)
  from space 1024K, 95% used [0x00000000d5a00000,0x00000000d5af4f88,0x00000000d5b00000)
  to   space 1024K, 0% used [0x00000000d5b00000,0x00000000d5b00000,0x00000000d5c00000)
 ParOldGen       total 178688K, used 178593K [0x0000000080000000, 0x000000008ae80000, 0x00000000d5580000)
  object space 178688K, 99% used [0x0000000080000000,0x000000008ae68470,0x000000008ae80000)
 Metaspace       used 63934K, committed 65344K, reserved 1114112K
  class space    used 6924K, committed 7552K, reserved 1048576K
}
Event: 22.825 GC heap before
{Heap before GC invocations=155 (full 3):
 PSYoungGen      total 5632K, used 5587K [0x00000000d5580000, 0x00000000d5c00000, 0x0000000100000000)
  eden space 4608K, 100% used [0x00000000d5580000,0x00000000d5a00000,0x00000000d5a00000)
  from space 1024K, 95% used [0x00000000d5a00000,0x00000000d5af4f88,0x00000000d5b00000)
  to   space 1024K, 0% used [0x00000000d5b00000,0x00000000d5b00000,0x00000000d5c00000)
 ParOldGen       total 178688K, used 178593K [0x0000000080000000, 0x000000008ae80000, 0x00000000d5580000)
  object space 178688K, 99% used [0x0000000080000000,0x000000008ae68470,0x000000008ae80000)
 Metaspace       used 63934K, committed 65344K, reserved 1114112K
  class space    used 6924K, committed 7552K, reserved 1048576K
}
Event: 22.826 GC heap after
{Heap after GC invocations=155 (full 3):
 PSYoungGen      total 5632K, used 948K [0x00000000d5580000, 0x00000000d5c00000, 0x0000000100000000)
  eden space 4608K, 0% used [0x00000000d5580000,0x00000000d5580000,0x00000000d5a00000)
  from space 1024K, 92% used [0x00000000d5b00000,0x00000000d5bed0c0,0x00000000d5c00000)
  to   space 1024K, 0% used [0x00000000d5a00000,0x00000000d5a00000,0x00000000d5b00000)
 ParOldGen       total 179712K, used 179420K [0x0000000080000000, 0x000000008af80000, 0x00000000d5580000)
  object space 179712K, 99% used [0x0000000080000000,0x000000008af372b8,0x000000008af80000)
 Metaspace       used 63934K, committed 65344K, reserved 1114112K
  class space    used 6924K, committed 7552K, reserved 1048576K
}
Event: 22.838 GC heap before
{Heap before GC invocations=156 (full 3):
 PSYoungGen      total 5632K, used 5556K [0x00000000d5580000, 0x00000000d5c00000, 0x0000000100000000)
  eden space 4608K, 100% used [0x00000000d5580000,0x00000000d5a00000,0x00000000d5a00000)
  from space 1024K, 92% used [0x00000000d5b00000,0x00000000d5bed0c0,0x00000000d5c00000)
  to   space 1024K, 0% used [0x00000000d5a00000,0x00000000d5a00000,0x00000000d5b00000)
 ParOldGen       total 179712K, used 179420K [0x0000000080000000, 0x000000008af80000, 0x00000000d5580000)
  object space 179712K, 99% used [0x0000000080000000,0x000000008af372b8,0x000000008af80000)
 Metaspace       used 63934K, committed 65344K, reserved 1114112K
  class space    used 6924K, committed 7552K, reserved 1048576K
}
Event: 22.839 GC heap after
{Heap after GC invocations=156 (full 3):
 PSYoungGen      total 5632K, used 960K [0x00000000d5580000, 0x00000000d5c00000, 0x0000000100000000)
  eden space 4608K, 0% used [0x00000000d5580000,0x00000000d5580000,0x00000000d5a00000)
  from space 1024K, 93% used [0x00000000d5a00000,0x00000000d5af0138,0x00000000d5b00000)
  to   space 1024K, 0% used [0x00000000d5b00000,0x00000000d5b00000,0x00000000d5c00000)
 ParOldGen       total 180224K, used 180181K [0x0000000080000000, 0x000000008b000000, 0x00000000d5580000)
  object space 180224K, 99% used [0x0000000080000000,0x000000008aff5640,0x000000008b000000)
 Metaspace       used 63934K, committed 65344K, reserved 1114112K
  class space    used 6924K, committed 7552K, reserved 1048576K
}

Dll operation events (20 events):
Event: 0.071 Attempting to load shared library C:\Users\CHI TAI\.antigravity-ide\extensions\redhat.java-1.56.0-win32-x64\jre\21.0.12.1-win32-x86_64\bin\instrument.dll
Event: 0.071 Loaded shared library C:\Users\CHI TAI\.antigravity-ide\extensions\redhat.java-1.56.0-win32-x64\jre\21.0.12.1-win32-x86_64\bin\instrument.dll
Event: 0.073 Attempting to load shared library C:\Users\CHI TAI\.antigravity-ide\extensions\redhat.java-1.56.0-win32-x64\jre\21.0.12.1-win32-x86_64\bin\net.dll
Event: 0.073 Loaded shared library C:\Users\CHI TAI\.antigravity-ide\extensions\redhat.java-1.56.0-win32-x64\jre\21.0.12.1-win32-x86_64\bin\net.dll
Event: 0.075 Attempting to load shared library C:\Users\CHI TAI\.antigravity-ide\extensions\redhat.java-1.56.0-win32-x64\jre\21.0.12.1-win32-x86_64\bin\nio.dll
Event: 0.076 Loaded shared library C:\Users\CHI TAI\.antigravity-ide\extensions\redhat.java-1.56.0-win32-x64\jre\21.0.12.1-win32-x86_64\bin\nio.dll
Event: 0.078 Attempting to load shared library C:\Users\CHI TAI\.antigravity-ide\extensions\redhat.java-1.56.0-win32-x64\jre\21.0.12.1-win32-x86_64\bin\zip.dll
Event: 0.078 Loaded shared library C:\Users\CHI TAI\.antigravity-ide\extensions\redhat.java-1.56.0-win32-x64\jre\21.0.12.1-win32-x86_64\bin\zip.dll
Event: 0.086 Attempting to load shared library C:\Users\CHI TAI\.antigravity-ide\extensions\redhat.java-1.56.0-win32-x64\jre\21.0.12.1-win32-x86_64\bin\jimage.dll
Event: 0.086 Loaded shared library C:\Users\CHI TAI\.antigravity-ide\extensions\redhat.java-1.56.0-win32-x64\jre\21.0.12.1-win32-x86_64\bin\jimage.dll
Event: 0.124 Attempting to load shared library c:\Users\CHI TAI\.antigravity-ide\extensions\redhat.java-1.56.0-win32-x64\jre\21.0.12.1-win32-x86_64\bin\verify.dll
Event: 0.125 Loaded shared library c:\Users\CHI TAI\.antigravity-ide\extensions\redhat.java-1.56.0-win32-x64\jre\21.0.12.1-win32-x86_64\bin\verify.dll
Event: 3.145 Attempting to load shared library C:\Users\CHI TAI\AppData\Roaming\Antigravity IDE\User\globalStorage\redhat.java\1.56.0\config_win\org.eclipse.equinox.launcher\org.eclipse.equinox.launcher.win32.win32.x86_64_1.3.100.v20260804-1928\eclipse_11924.dll
Event: 3.151 Loaded shared library C:\Users\CHI TAI\AppData\Roaming\Antigravity IDE\User\globalStorage\redhat.java\1.56.0\config_win\org.eclipse.equinox.launcher\org.eclipse.equinox.launcher.win32.win32.x86_64_1.3.100.v20260804-1928\eclipse_11924.dll
Event: 17.237 Attempting to load shared library C:\Users\CHI TAI\AppData\Local\Temp\jna-1462956512\jna7906193724857646660.dll
Event: 17.470 Loaded shared library C:\Users\CHI TAI\AppData\Local\Temp\jna-1462956512\jna7906193724857646660.dll
Event: 18.690 Attempting to load shared library C:\Users\CHI TAI\.antigravity-ide\extensions\redhat.java-1.56.0-win32-x64\jre\21.0.12.1-win32-x86_64\bin\sunmscapi.dll
Event: 18.694 Loaded shared library C:\Users\CHI TAI\.antigravity-ide\extensions\redhat.java-1.56.0-win32-x64\jre\21.0.12.1-win32-x86_64\bin\sunmscapi.dll
Event: 20.061 Attempting to load shared library C:\Users\CHI TAI\.antigravity-ide\extensions\redhat.java-1.56.0-win32-x64\jre\21.0.12.1-win32-x86_64\bin\extnet.dll
Event: 20.062 Loaded shared library C:\Users\CHI TAI\.antigravity-ide\extensions\redhat.java-1.56.0-win32-x64\jre\21.0.12.1-win32-x86_64\bin\extnet.dll

Deoptimization events (20 events):
Event: 22.570 Thread 0x000002781041a5c0 DEOPT PACKING pc=0x00000277b47ce6b9 sp=0x000000a4708fd2e0
Event: 22.570 Thread 0x000002781041a5c0 DEOPT UNPACKING pc=0x00000277bbc94242 sp=0x000000a4708fc7e0 mode 0
Event: 22.574 Thread 0x0000027810417e60 DEOPT PACKING pc=0x00000277b53e8602 sp=0x000000a4704fe6b0
Event: 22.574 Thread 0x0000027810417e60 DEOPT UNPACKING pc=0x00000277bbc94242 sp=0x000000a4704fdb00 mode 0
Event: 22.586 Thread 0x0000027810417e60 DEOPT PACKING pc=0x00000277b5309274 sp=0x000000a4704fe680
Event: 22.586 Thread 0x0000027810417e60 DEOPT UNPACKING pc=0x00000277bbc94242 sp=0x000000a4704fdaf8 mode 0
Event: 22.589 Thread 0x000002781041a5c0 Uncommon trap: trap_request=0xffffff45 fr.pc=0x00000277bc3bbd08 relative=0x0000000000000068
Event: 22.589 Thread 0x000002781041a5c0 Uncommon trap: reason=unstable_if action=reinterpret pc=0x00000277bc3bbd08 method=java.lang.Thread.getContextClassLoader()Ljava/lang/ClassLoader; @ 6 c2
Event: 22.589 Thread 0x000002781041a5c0 DEOPT PACKING pc=0x00000277bc3bbd08 sp=0x000000a4708fe1c0
Event: 22.589 Thread 0x000002781041a5c0 DEOPT UNPACKING pc=0x00000277bbc93aa2 sp=0x000000a4708fe148 mode 2
Event: 22.599 Thread 0x000002781041a5c0 DEOPT PACKING pc=0x00000277b4bdbb9f sp=0x000000a4708fdca0
Event: 22.599 Thread 0x000002781041a5c0 DEOPT UNPACKING pc=0x00000277bbc94242 sp=0x000000a4708fd178 mode 0
Event: 22.615 Thread 0x000002781041a5c0 DEOPT PACKING pc=0x00000277b5a859de sp=0x000000a4708fd390
Event: 22.615 Thread 0x000002781041a5c0 DEOPT UNPACKING pc=0x00000277bbc94242 sp=0x000000a4708fc878 mode 0
Event: 22.640 Thread 0x000002781041a5c0 DEOPT PACKING pc=0x00000277b4d00abe sp=0x000000a4708fd690
Event: 22.640 Thread 0x000002781041a5c0 DEOPT UNPACKING pc=0x00000277bbc94242 sp=0x000000a4708fcbd0 mode 0
Event: 22.643 Thread 0x000002781041a5c0 Uncommon trap: trap_request=0xffffff45 fr.pc=0x00000277bc557f80 relative=0x0000000000001140
Event: 22.643 Thread 0x000002781041a5c0 Uncommon trap: reason=unstable_if action=reinterpret pc=0x00000277bc557f80 method=org.codehaus.plexus.util.xml.pull.MXParser.nextImpl()I @ 858 c2
Event: 22.643 Thread 0x000002781041a5c0 DEOPT PACKING pc=0x00000277bc557f80 sp=0x000000a4708fd990
Event: 22.643 Thread 0x000002781041a5c0 DEOPT UNPACKING pc=0x00000277bbc93aa2 sp=0x000000a4708fd918 mode 2

Classes loaded (20 events):
Event: 22.673 Loading class sun/util/cldr/CLDRTimeZoneNameProviderImpl
Event: 22.674 Loading class sun/util/locale/provider/TimeZoneNameProviderImpl
Event: 22.674 Loading class sun/util/locale/provider/TimeZoneNameProviderImpl done
Event: 22.674 Loading class sun/util/cldr/CLDRTimeZoneNameProviderImpl done
Event: 22.675 Loading class sun/util/resources/cldr/TimeZoneNames
Event: 22.676 Loading class sun/util/resources/TimeZoneNamesBundle
Event: 22.676 Loading class sun/util/resources/OpenListResourceBundle
Event: 22.676 Loading class sun/util/resources/OpenListResourceBundle done
Event: 22.676 Loading class sun/util/resources/TimeZoneNamesBundle done
Event: 22.676 Loading class sun/util/resources/cldr/TimeZoneNames done
Event: 22.676 Loading class sun/util/resources/cldr/TimeZoneNames_en
Event: 22.677 Loading class sun/util/resources/cldr/TimeZoneNames_en done
Event: 22.677 Loading class sun/util/resources/cldr/TimeZoneNames_en_US
Event: 22.677 Loading class sun/util/resources/cldr/TimeZoneNames_en_US done
Event: 22.678 Loading class sun/util/cldr/CLDRBaseLocaleDataMetaInfo$TZCanonicalIDMapHolder
Event: 22.679 Loading class sun/util/cldr/CLDRBaseLocaleDataMetaInfo$TZCanonicalIDMapHolder done
Event: 22.682 Loading class sun/util/resources/TimeZoneNames
Event: 22.683 Loading class sun/util/resources/TimeZoneNames done
Event: 22.683 Loading class sun/util/resources/TimeZoneNames_en
Event: 22.683 Loading class sun/util/resources/TimeZoneNames_en done

Classes unloaded (7 events):
Event: 17.907 Thread 0x00000277b14a45c0 Unloading class 0x00000277c91a9400 'java/lang/invoke/LambdaForm$MH+0x00000277c91a9400'
Event: 17.907 Thread 0x00000277b14a45c0 Unloading class 0x00000277c91a9000 'java/lang/invoke/LambdaForm$MH+0x00000277c91a9000'
Event: 17.907 Thread 0x00000277b14a45c0 Unloading class 0x00000277c91a8c00 'java/lang/invoke/LambdaForm$MH+0x00000277c91a8c00'
Event: 17.907 Thread 0x00000277b14a45c0 Unloading class 0x00000277c91a8800 'java/lang/invoke/LambdaForm$MH+0x00000277c91a8800'
Event: 17.907 Thread 0x00000277b14a45c0 Unloading class 0x00000277c91a8400 'java/lang/invoke/LambdaForm$BMH+0x00000277c91a8400'
Event: 17.907 Thread 0x00000277b14a45c0 Unloading class 0x00000277c91a8000 'java/lang/invoke/LambdaForm$DMH+0x00000277c91a8000'
Event: 17.907 Thread 0x00000277b14a45c0 Unloading class 0x00000277c91a6c00 'java/lang/invoke/LambdaForm$DMH+0x00000277c91a6c00'

Classes redefined (0 events):
No events

Internal exceptions (20 events):
Event: 21.995 Thread 0x000002781099fea0 Exception <a 'java/lang/NullPointerException'{0x00000000d5ce64d8}> (0x00000000d5ce64d8) 
thrown [s\src\hotspot\share\interpreter\linkResolver.cpp, line 1372]
Event: 21.995 Thread 0x000002781099fea0 Exception <a 'java/lang/NullPointerException'{0x00000000d5ce6f38}> (0x00000000d5ce6f38) 
thrown [s\src\hotspot\share\interpreter\linkResolver.cpp, line 1372]
Event: 21.995 Thread 0x000002781099fea0 Exception <a 'java/lang/NullPointerException'{0x00000000d5ce79b8}> (0x00000000d5ce79b8) 
thrown [s\src\hotspot\share\interpreter\linkResolver.cpp, line 1372]
Event: 21.995 Thread 0x000002781099fea0 Exception <a 'java/lang/NullPointerException'{0x00000000d5ce8170}> (0x00000000d5ce8170) 
thrown [s\src\hotspot\share\interpreter\linkResolver.cpp, line 1372]
Event: 21.995 Thread 0x000002781099fea0 Exception <a 'java/lang/NullPointerException'{0x00000000d5ceb2b8}> (0x00000000d5ceb2b8) 
thrown [s\src\hotspot\share\interpreter\linkResolver.cpp, line 1372]
Event: 21.995 Thread 0x000002781099fea0 Exception <a 'java/lang/NullPointerException'{0x00000000d5cebce0}> (0x00000000d5cebce0) 
thrown [s\src\hotspot\share\interpreter\linkResolver.cpp, line 1372]
Event: 21.995 Thread 0x000002781099fea0 Exception <a 'java/lang/NullPointerException'{0x00000000d5cec458}> (0x00000000d5cec458) 
thrown [s\src\hotspot\share\interpreter\linkResolver.cpp, line 1372]
Event: 22.117 Thread 0x000002781041a5c0 Exception <a 'sun/nio/fs/WindowsException'{0x00000000d55c6a38}> (0x00000000d55c6a38) 
thrown [s\src\hotspot\share\prims\jni.cpp, line 520]
Event: 22.117 Thread 0x000002781041a5c0 Exception <a 'sun/nio/fs/WindowsException'{0x00000000d55c7328}> (0x00000000d55c7328) 
thrown [s\src\hotspot\share\prims\jni.cpp, line 520]
Event: 22.274 Thread 0x000002781041a5c0 Exception <a 'java/lang/NoSuchMethodError'{0x00000000d5795f28}: 'void java.lang.invoke.DirectMethodHandle$Holder.invokeStatic(java.lang.Object, java.lang.Object, java.lang.Object, int)'> (0x00000000d5795f28) 
thrown [s\src\hotspot\share\interpreter\linkResolver.cpp, line 773]
Event: 22.277 Thread 0x000002781041a5c0 Exception <a 'java/lang/NoSuchMethodError'{0x00000000d58eaa00}: 'void java.lang.invoke.DirectMethodHandle$Holder.invokeVirtual(java.lang.Object, java.lang.Object, int)'> (0x00000000d58eaa00) 
thrown [s\src\hotspot\share\interpreter\linkResolver.cpp, line 773]
Event: 22.296 Thread 0x000002781041a5c0 Exception <a 'java/lang/NoSuchMethodError'{0x00000000d597a7c8}: 'void java.lang.invoke.DirectMethodHandle$Holder.invokeInterface(java.lang.Object, java.lang.Object)'> (0x00000000d597a7c8) 
thrown [s\src\hotspot\share\interpreter\linkResolver.cpp, line 773]
Event: 22.590 Thread 0x000002781041a5c0 Exception <a 'java/lang/NoSuchMethodError'{0x00000000d5903b40}: 'java.lang.Object java.lang.invoke.DirectMethodHandle$Holder.newInvokeSpecial(java.lang.Object, java.lang.Object, int, java.lang.Object, java.lang.Object)'> (0x00000000d5903b40) 
thrown [s\src\hotspot\share\interpreter\linkResolver.cpp, line 773]
Event: 22.590 Thread 0x000002781041a5c0 Exception <a 'java/lang/NoSuchMethodError'{0x00000000d591ed20}: 'java.lang.Object java.lang.invoke.Invokers$Holder.linkToTargetMethod(java.lang.Object, int, java.lang.Object, java.lang.Object, java.lang.Object)'> (0x00000000d591ed20) 
thrown [s\src\hotspot\share\interpreter\linkResolver.cpp, line 773]
Event: 22.595 Thread 0x000002781041a5c0 Exception <a 'java/lang/NoSuchMethodError'{0x00000000d561c098}: 'void java.lang.invoke.DirectMethodHandle$Holder.invokeStatic(java.lang.Object, java.lang.Object, java.lang.Object, java.lang.Object, java.lang.Object, java.lang.Object, java.lang.Object, java.lang.Object)'> (0x00000000d561c098) 
thrown [s\src\hotspot\share\interpreter\linkResolver.cpp, line 773]
Event: 22.600 Thread 0x000002781041a5c0 Exception <a 'java/lang/NoSuchMethodError'{0x00000000d58b68f8}: 'int java.lang.invoke.DirectMethodHandle$Holder.invokeInterface(java.lang.Object, java.lang.Object)'> (0x00000000d58b68f8) 
thrown [s\src\hotspot\share\interpreter\linkResolver.cpp, line 773]
Event: 22.613 Thread 0x000002781041a5c0 Exception <a 'java/lang/NoSuchMethodError'{0x00000000d582b0a8}: 'java.lang.Object java.lang.invoke.DirectMethodHandle$Holder.newInvokeSpecial(java.lang.Object, java.lang.Object, java.lang.Object, java.lang.Object, java.lang.Object, java.lang.Object, java.lang.Object, java.lang.Object)'> (0x00000000d582b0a8) 
thrown [s\src\hotspot\share\interpreter\linkResolver.cpp, line 773]
Event: 22.615 Thread 0x000002781041a5c0 Exception <a 'java/lang/NoSuchMethodError'{0x00000000d58fdba0}: 'java.lang.Object java.lang.invoke.DirectMethodHandle$Holder.newInvokeSpecial(java.lang.Object, java.lang.Object, int)'> (0x00000000d58fdba0) 
thrown [s\src\hotspot\share\interpreter\linkResolver.cpp, line 773]
Event: 22.649 Thread 0x000002781041a5c0 Exception <a 'java/io/FileNotFoundException'{0x00000000d55f1ae0}> (0x00000000d55f1ae0) 
thrown [s\src\hotspot\share\prims\jni.cpp, line 520]
Event: 22.649 Thread 0x000002781041a5c0 Exception <a 'java/lang/NoSuchMethodError'{0x00000000d563d2a8}: 'void java.lang.invoke.DirectMethodHandle$Holder.invokeStatic(java.lang.Object, int)'> (0x00000000d563d2a8) 
thrown [s\src\hotspot\share\interpreter\linkResolver.cpp, line 773]

ZGC Phase Switch (0 events):
No events

VM Operations (20 events):
Event: 22.749 Executing safepoint VM operation: ParallelGCFailedAllocation (Allocation Failure)
Event: 22.750 Executing safepoint VM operation: ParallelGCFailedAllocation (Allocation Failure) done
Event: 22.758 Executing safepoint VM operation: ParallelGCFailedAllocation (Allocation Failure)
Event: 22.759 Executing safepoint VM operation: ParallelGCFailedAllocation (Allocation Failure) done
Event: 22.765 Executing safepoint VM operation: ParallelGCFailedAllocation (Allocation Failure)
Event: 22.766 Executing safepoint VM operation: ParallelGCFailedAllocation (Allocation Failure) done
Event: 22.775 Executing safepoint VM operation: ParallelGCFailedAllocation (Allocation Failure)
Event: 22.776 Executing safepoint VM operation: ParallelGCFailedAllocation (Allocation Failure) done
Event: 22.783 Executing safepoint VM operation: ParallelGCFailedAllocation (Allocation Failure)
Event: 22.783 Executing safepoint VM operation: ParallelGCFailedAllocation (Allocation Failure) done
Event: 22.791 Executing safepoint VM operation: ParallelGCFailedAllocation (Allocation Failure)
Event: 22.792 Executing safepoint VM operation: ParallelGCFailedAllocation (Allocation Failure) done
Event: 22.799 Executing safepoint VM operation: ParallelGCFailedAllocation (Allocation Failure)
Event: 22.800 Executing safepoint VM operation: ParallelGCFailedAllocation (Allocation Failure) done
Event: 22.813 Executing safepoint VM operation: ParallelGCFailedAllocation (Allocation Failure)
Event: 22.814 Executing safepoint VM operation: ParallelGCFailedAllocation (Allocation Failure) done
Event: 22.825 Executing safepoint VM operation: ParallelGCFailedAllocation (Allocation Failure)
Event: 22.826 Executing safepoint VM operation: ParallelGCFailedAllocation (Allocation Failure) done
Event: 22.838 Executing safepoint VM operation: ParallelGCFailedAllocation (Allocation Failure)
Event: 22.839 Executing safepoint VM operation: ParallelGCFailedAllocation (Allocation Failure) done

Memory protections (0 events):
No events

Nmethod flushes (20 events):
Event: 21.218 Thread 0x00000277b14a45c0 flushing  nmethod 0x00000277b4ed7590
Event: 21.218 Thread 0x00000277b14a45c0 flushing  nmethod 0x00000277b4ed8490
Event: 21.218 Thread 0x00000277b14a45c0 flushing  nmethod 0x00000277b4efab10
Event: 21.218 Thread 0x00000277b14a45c0 flushing  nmethod 0x00000277b4f5ce10
Event: 21.218 Thread 0x00000277b14a45c0 flushing  nmethod 0x00000277b4f76090
Event: 21.218 Thread 0x00000277b14a45c0 flushing  nmethod 0x00000277b4f79590
Event: 21.218 Thread 0x00000277b14a45c0 flushing  nmethod 0x00000277b4f7a490
Event: 21.218 Thread 0x00000277b14a45c0 flushing  nmethod 0x00000277b4f7ae10
Event: 21.218 Thread 0x00000277b14a45c0 flushing  nmethod 0x00000277b4f7c010
Event: 21.218 Thread 0x00000277b14a45c0 flushing  nmethod 0x00000277b4f94d90
Event: 21.218 Thread 0x00000277b14a45c0 flushing  nmethod 0x00000277b4f96190
Event: 21.218 Thread 0x00000277b14a45c0 flushing  nmethod 0x00000277b4f96790
Event: 21.218 Thread 0x00000277b14a45c0 flushing  nmethod 0x00000277b4f97010
Event: 21.218 Thread 0x00000277b14a45c0 flushing  nmethod 0x00000277b4f98090
Event: 21.218 Thread 0x00000277b14a45c0 flushing  nmethod 0x00000277b4f9a310
Event: 21.218 Thread 0x00000277b14a45c0 flushing  nmethod 0x00000277b4fba890
Event: 21.218 Thread 0x00000277b14a45c0 flushing  nmethod 0x00000277b4fcbe10
Event: 21.218 Thread 0x00000277b14a45c0 flushing  nmethod 0x00000277b4fda890
Event: 21.218 Thread 0x00000277b14a45c0 flushing  nmethod 0x00000277b5065690
Event: 21.218 Thread 0x00000277b14a45c0 flushing  nmethod 0x00000277b507ec10

Events (20 events):
Event: 21.531 Thread 0x000002781041a5c0 Thread added: 0x000002781099ca20
Event: 21.535 Thread 0x000002781041a5c0 Thread added: 0x00000278109a0530
Event: 21.609 Thread 0x000002781041a5c0 Thread added: 0x00000278109a0bc0
Event: 21.643 Thread 0x000002781041a5c0 Thread added: 0x000002781099d740
Event: 21.648 Thread 0x000002781041a5c0 Thread added: 0x00000278109a1250
Event: 21.652 Thread 0x000002781041a5c0 Thread added: 0x000002781099ddd0
Event: 21.655 Thread 0x000002781041a5c0 Thread added: 0x00000278109a18e0
Event: 21.655 Thread 0x000002781041a5c0 Thread added: 0x00000278109a1f70
Event: 21.655 Thread 0x000002781041a5c0 Thread added: 0x00000278109a2600
Event: 21.664 Thread 0x000002781041a5c0 Thread added: 0x0000027811587e60
Event: 22.303 Thread 0x000002781041a5c0 Thread added: 0x00000278115884f0
Event: 22.303 Thread 0x000002781041a5c0 Thread added: 0x0000027811586ab0
Event: 22.303 Thread 0x000002781041a5c0 Thread added: 0x0000027811587140
Event: 22.303 Thread 0x000002781041a5c0 Thread added: 0x0000027811585070
Event: 22.303 Thread 0x000002781041a5c0 Thread added: 0x0000027811588b80
Event: 22.535 Thread 0x0000027811587140 Thread exited: 0x0000027811587140
Event: 22.535 Thread 0x00000278115884f0 Thread exited: 0x00000278115884f0
Event: 22.535 Thread 0x0000027811585070 Thread exited: 0x0000027811585070
Event: 22.536 Thread 0x0000027811588b80 Thread exited: 0x0000027811588b80
Event: 22.536 Thread 0x0000027811586ab0 Thread exited: 0x0000027811586ab0


Dynamic libraries:
0x00007ff610f10000 - 0x00007ff610f1e000 	c:\Users\CHI TAI\.antigravity-ide\extensions\redhat.java-1.56.0-win32-x64\jre\21.0.12.1-win32-x86_64\bin\java.exe
0x00007ffd127e0000 - 0x00007ffd12a47000 	C:\WINDOWS\SYSTEM32\ntdll.dll
0x00007ffd12130000 - 0x00007ffd121fb000 	C:\WINDOWS\System32\KERNEL32.DLL
0x00007ffd0fbe0000 - 0x00007ffd0ffe2000 	C:\WINDOWS\System32\KERNELBASE.dll
0x00007ffd10270000 - 0x00007ffd103bc000 	C:\WINDOWS\System32\ucrtbase.dll
0x00007ffcfe6e0000 - 0x00007ffcfe6f8000 	c:\Users\CHI TAI\.antigravity-ide\extensions\redhat.java-1.56.0-win32-x64\jre\21.0.12.1-win32-x86_64\bin\jli.dll
0x00007ffcebad0000 - 0x00007ffcebaee000 	c:\Users\CHI TAI\.antigravity-ide\extensions\redhat.java-1.56.0-win32-x64\jre\21.0.12.1-win32-x86_64\bin\VCRUNTIME140.dll
0x00007ffd11e00000 - 0x00007ffd11fcf000 	C:\WINDOWS\System32\USER32.dll
0x00007ffd0fff0000 - 0x00007ffd10017000 	C:\WINDOWS\System32\win32u.dll
0x00007ffced5f0000 - 0x00007ffced880000 	C:\WINDOWS\WinSxS\amd64_microsoft.windows.common-controls_6595b64144ccf1df_6.0.26100.9278_none_3e0d1ba8e3303201\COMCTL32.dll
0x00007ffd10b60000 - 0x00007ffd10b8b000 	C:\WINDOWS\System32\GDI32.dll
0x00007ffd11850000 - 0x00007ffd118f9000 	C:\WINDOWS\System32\msvcrt.dll
0x00007ffd103d0000 - 0x00007ffd104f9000 	C:\WINDOWS\System32\gdi32full.dll
0x00007ffd0fa70000 - 0x00007ffd0fb13000 	C:\WINDOWS\System32\msvcp_win.dll
0x00007ffd12760000 - 0x00007ffd12791000 	C:\WINDOWS\System32\IMM32.DLL
0x00007ffcefc00000 - 0x00007ffcefc0c000 	c:\Users\CHI TAI\.antigravity-ide\extensions\redhat.java-1.56.0-win32-x64\jre\21.0.12.1-win32-x86_64\bin\vcruntime140_1.dll
0x00007ffc97d20000 - 0x00007ffc97dad000 	c:\Users\CHI TAI\.antigravity-ide\extensions\redhat.java-1.56.0-win32-x64\jre\21.0.12.1-win32-x86_64\bin\msvcp140.dll
0x00007ffc94c40000 - 0x00007ffc959e2000 	c:\Users\CHI TAI\.antigravity-ide\extensions\redhat.java-1.56.0-win32-x64\jre\21.0.12.1-win32-x86_64\bin\server\jvm.dll
0x00007ffd12200000 - 0x00007ffd122bc000 	C:\WINDOWS\System32\ADVAPI32.dll
0x00007ffd10da0000 - 0x00007ffd10e49000 	C:\WINDOWS\System32\sechost.dll
0x00007ffd10bc0000 - 0x00007ffd10cd8000 	C:\WINDOWS\System32\RPCRT4.dll
0x00007ffd105a0000 - 0x00007ffd10620000 	C:\WINDOWS\System32\WS2_32.dll
0x00007ffd0e510000 - 0x00007ffd0e56e000 	C:\WINDOWS\SYSTEM32\POWRPROF.dll
0x00007ffcfc1e0000 - 0x00007ffcfc216000 	C:\WINDOWS\SYSTEM32\WINMM.dll
0x00007ffcf7270000 - 0x00007ffcf727b000 	C:\WINDOWS\SYSTEM32\VERSION.dll
0x00007ffd0e4d0000 - 0x00007ffd0e4e5000 	C:\WINDOWS\SYSTEM32\UMPDC.dll
0x00007ffd0e7d0000 - 0x00007ffd0e7eb000 	C:\WINDOWS\SYSTEM32\kernel.appcore.dll
0x00007ffcecfe0000 - 0x00007ffcecfea000 	c:\Users\CHI TAI\.antigravity-ide\extensions\redhat.java-1.56.0-win32-x64\jre\21.0.12.1-win32-x86_64\bin\jimage.dll
0x00007ffd0c8f0000 - 0x00007ffd0cb3c000 	C:\WINDOWS\SYSTEM32\DBGHELP.DLL
0x00007ffd11900000 - 0x00007ffd11c85000 	C:\WINDOWS\System32\combase.dll
0x00007ffd10e50000 - 0x00007ffd10f29000 	C:\WINDOWS\System32\OLEAUT32.dll
0x00007ffce8a60000 - 0x00007ffce8a9b000 	C:\WINDOWS\SYSTEM32\dbgcore.DLL
0x00007ffd10020000 - 0x00007ffd100cc000 	C:\WINDOWS\System32\bcryptPrimitives.dll
0x00007ffcec6c0000 - 0x00007ffcec6cf000 	c:\Users\CHI TAI\.antigravity-ide\extensions\redhat.java-1.56.0-win32-x64\jre\21.0.12.1-win32-x86_64\bin\instrument.dll
0x00007ffcd6ff0000 - 0x00007ffcd7010000 	c:\Users\CHI TAI\.antigravity-ide\extensions\redhat.java-1.56.0-win32-x64\jre\21.0.12.1-win32-x86_64\bin\java.dll
0x00007ffd11050000 - 0x00007ffd117e8000 	C:\WINDOWS\System32\SHELL32.dll
0x00007ffd0d450000 - 0x00007ffd0dcfe000 	C:\WINDOWS\SYSTEM32\windows.storage.dll
0x00007ffd12030000 - 0x00007ffd1212b000 	C:\WINDOWS\System32\SHCORE.dll
0x00007ffd12550000 - 0x00007ffd125b6000 	C:\WINDOWS\System32\shlwapi.dll
0x00007ffd0f900000 - 0x00007ffd0f929000 	C:\WINDOWS\SYSTEM32\profapi.dll
0x00007ffcd69f0000 - 0x00007ffcd6a08000 	c:\Users\CHI TAI\.antigravity-ide\extensions\redhat.java-1.56.0-win32-x64\jre\21.0.12.1-win32-x86_64\bin\zip.dll
0x00007ffcd9700000 - 0x00007ffcd9710000 	C:\Users\CHI TAI\.antigravity-ide\extensions\redhat.java-1.56.0-win32-x64\jre\21.0.12.1-win32-x86_64\bin\net.dll
0x00007ffd05bc0000 - 0x00007ffd05cea000 	C:\WINDOWS\SYSTEM32\WINHTTP.dll
0x00007ffd0ed90000 - 0x00007ffd0edfc000 	C:\WINDOWS\system32\mswsock.dll
0x00007ffcd5e00000 - 0x00007ffcd5e16000 	C:\Users\CHI TAI\.antigravity-ide\extensions\redhat.java-1.56.0-win32-x64\jre\21.0.12.1-win32-x86_64\bin\nio.dll
0x00007ffcd64e0000 - 0x00007ffcd64f0000 	c:\Users\CHI TAI\.antigravity-ide\extensions\redhat.java-1.56.0-win32-x64\jre\21.0.12.1-win32-x86_64\bin\verify.dll
0x00007ffc97cd0000 - 0x00007ffc97d15000 	C:\Users\CHI TAI\AppData\Roaming\Antigravity IDE\User\globalStorage\redhat.java\1.56.0\config_win\org.eclipse.equinox.launcher\org.eclipse.equinox.launcher.win32.win32.x86_64_1.3.100.v20260804-1928\eclipse_11924.dll
0x00007ffd125c0000 - 0x00007ffd1275a000 	C:\WINDOWS\System32\ole32.dll
0x00007ffd0f080000 - 0x00007ffd0f09b000 	C:\WINDOWS\SYSTEM32\CRYPTSP.dll
0x00007ffd0e730000 - 0x00007ffd0e769000 	C:\WINDOWS\system32\rsaenh.dll
0x00007ffd0ee40000 - 0x00007ffd0ee74000 	C:\WINDOWS\SYSTEM32\USERENV.dll
0x00007ffd0f8d0000 - 0x00007ffd0f8fa000 	C:\WINDOWS\SYSTEM32\bcrypt.dll
0x00007ffd0f0a0000 - 0x00007ffd0f0ac000 	C:\WINDOWS\SYSTEM32\CRYPTBASE.dll
0x00007ffd0e110000 - 0x00007ffd0e143000 	C:\WINDOWS\SYSTEM32\IPHLPAPI.DLL
0x00007ffd11c90000 - 0x00007ffd11c9a000 	C:\WINDOWS\System32\NSI.dll
0x00007ffc97940000 - 0x00007ffc97989000 	C:\Users\CHI TAI\AppData\Local\Temp\jna-1462956512\jna7906193724857646660.dll
0x00007ffd10500000 - 0x00007ffd10508000 	C:\WINDOWS\System32\PSAPI.DLL
0x00007ffd05e70000 - 0x00007ffd05e8d000 	C:\WINDOWS\SYSTEM32\dhcpcsvc6.DLL
0x00007ffd05b90000 - 0x00007ffd05bb5000 	C:\WINDOWS\SYSTEM32\dhcpcsvc.DLL
0x00007ffcd4e00000 - 0x00007ffcd4e0e000 	C:\Users\CHI TAI\.antigravity-ide\extensions\redhat.java-1.56.0-win32-x64\jre\21.0.12.1-win32-x86_64\bin\sunmscapi.dll
0x00007ffd100e0000 - 0x00007ffd1025e000 	C:\WINDOWS\System32\CRYPT32.dll
0x00007ffd0f2c0000 - 0x00007ffd0f2f0000 	C:\WINDOWS\SYSTEM32\ncrypt.dll
0x00007ffd0f270000 - 0x00007ffd0f2af000 	C:\WINDOWS\SYSTEM32\NTASN1.dll
0x00007ffd0e1c0000 - 0x00007ffd0e318000 	C:\WINDOWS\SYSTEM32\DNSAPI.dll
0x00007ffd0eb70000 - 0x00007ffd0eb7d000 	C:\WINDOWS\SYSTEM32\DSPARSE.dll
0x00007ffd05e60000 - 0x00007ffd05e6b000 	C:\Windows\System32\rasadhlp.dll
0x00007ffd056a0000 - 0x00007ffd05726000 	C:\WINDOWS\System32\fwpuclnt.dll
0x00007ffcd3d60000 - 0x00007ffcd3d69000 	C:\Users\CHI TAI\.antigravity-ide\extensions\redhat.java-1.56.0-win32-x64\jre\21.0.12.1-win32-x86_64\bin\extnet.dll

JVMTI agents:
c:\Users\CHI TAI\.antigravity-ide\extensions\redhat.java-1.56.0-win32-x64\lombok\lombok-1.18.39-4050.jar path:c:\Users\CHI TAI\.antigravity-ide\extensions\redhat.java-1.56.0-win32-x64\jre\21.0.12.1-win32-x86_64\bin\instrument.dll, loaded, initialized, instrumentlib options:none

dbghelp: loaded successfully - version: 4.0.5 - missing functions: none
symbol engine: initialized successfully - sym options: 0x614 - pdb path: .;c:\Users\CHI TAI\.antigravity-ide\extensions\redhat.java-1.56.0-win32-x64\jre\21.0.12.1-win32-x86_64\bin;C:\WINDOWS\SYSTEM32;C:\WINDOWS\WinSxS\amd64_microsoft.windows.common-controls_6595b64144ccf1df_6.0.26100.9278_none_3e0d1ba8e3303201;c:\Users\CHI TAI\.antigravity-ide\extensions\redhat.java-1.56.0-win32-x64\jre\21.0.12.1-win32-x86_64\bin\server;C:\Users\CHI TAI\AppData\Roaming\Antigravity IDE\User\globalStorage\redhat.java\1.56.0\config_win\org.eclipse.equinox.launcher\org.eclipse.equinox.launcher.win32.win32.x86_64_1.3.100.v20260804-1928;C:\Users\CHI TAI\AppData\Local\Temp\jna-1462956512

VM Arguments:
jvm_args: --add-modules=ALL-SYSTEM --add-opens=java.base/java.util=ALL-UNNAMED --add-opens=java.base/java.lang=ALL-UNNAMED --add-opens=java.base/sun.nio.fs=ALL-UNNAMED -Declipse.application=org.eclipse.jdt.ls.core.id1 -Dosgi.bundles.defaultStartLevel=4 -Declipse.product=org.eclipse.jdt.ls.core.product -Djava.import.generatesMetadataFilesAtProjectRoot=false -Dm2e.project.cache.size=50 -DDetectVMInstallationsJob.disabled=true -Dfile.encoding=utf8 -XX:+UseParallelGC -XX:GCTimeRatio=4 -XX:AdaptiveSizePolicyWeight=90 -Dsun.zip.disableMemoryMapping=true -Xmx2G -Xms100m -Xlog:disable -javaagent:c:\Users\CHI TAI\.antigravity-ide\extensions\redhat.java-1.56.0-win32-x64\lombok\lombok-1.18.39-4050.jar -XX:+HeapDumpOnOutOfMemoryError -XX:HeapDumpPath=c:\Users\CHI TAI\AppData\Roaming\Antigravity IDE\User\workspaceStorage\7d69b7ec1bea4d07db66e797e26b716f\redhat.java -Daether.dependencyCollector.impl=bf 
java_command: c:\Users\CHI TAI\.antigravity-ide\extensions\redhat.java-1.56.0-win32-x64\server\plugins\org.eclipse.equinox.launcher_1.8.0.v20260804-1928.jar -configuration c:\Users\CHI TAI\AppData\Roaming\Antigravity IDE\User\globalStorage\redhat.java\1.56.0\config_win -data c:\Users\CHI TAI\AppData\Roaming\Antigravity IDE\User\workspaceStorage\7d69b7ec1bea4d07db66e797e26b716f\redhat.java\jdt_ws --stdio
java_class_path (initial): c:\Users\CHI TAI\.antigravity-ide\extensions\redhat.java-1.56.0-win32-x64\server\plugins\org.eclipse.equinox.launcher_1.8.0.v20260804-1928.jar
Launcher Type: SUN_STANDARD

[Global flags]
    uintx AdaptiveSizePolicyWeight                 = 90                                        {product} {command line}
     intx CICompilerCount                          = 4                                         {product} {ergonomic}
    uintx GCTimeRatio                              = 4                                         {product} {command line}
     bool HeapDumpOnOutOfMemoryError               = true                                   {manageable} {command line}
    ccstr HeapDumpPath                             = c:\Users\CHI TAI\AppData\Roaming\Antigravity IDE\User\workspaceStorage\7d69b7ec1bea4d07db66e797e26b716f\redhat.java         {manageable} {command line}
   size_t InitialHeapSize                          = 104857600                                 {product} {command line}
   size_t MaxHeapSize                              = 2147483648                                {product} {command line}
   size_t MaxNewSize                               = 715653120                                 {product} {ergonomic}
   size_t MinHeapDeltaBytes                        = 524288                                    {product} {ergonomic}
   size_t MinHeapSize                              = 104857600                                 {product} {command line}
   size_t NewSize                                  = 34603008                                  {product} {ergonomic}
    uintx NonNMethodCodeHeapSize                   = 5839372                                {pd product} {ergonomic}
    uintx NonProfiledCodeHeapSize                  = 122909434                              {pd product} {ergonomic}
   size_t OldSize                                  = 70254592                                  {product} {ergonomic}
    uintx ProfiledCodeHeapSize                     = 122909434                              {pd product} {ergonomic}
    uintx ReservedCodeCacheSize                    = 251658240                              {pd product} {ergonomic}
     bool SegmentedCodeCache                       = true                                      {product} {ergonomic}
   size_t SoftMaxHeapSize                          = 2147483648                             {manageable} {ergonomic}
     bool UseCompressedOops                        = true                           {product lp64_product} {ergonomic}
     bool UseLargePagesIndividualAllocation        = false                                  {pd product} {ergonomic}
     bool UseParallelGC                            = true                                      {product} {command line}

Logging:
Log output configuration:
 #0: stdout all=off uptime,level,tags foldmultilines=false
 #1: stderr all=off uptime,level,tags foldmultilines=false

Release file:
JAVA_VERSION="21.0.12.1" 
MODULES="java.base java.compiler java.datatransfer java.xml java.prefs java.desktop java.instrument java.logging java.management java.security.sasl java.naming java.rmi java.management.rmi java.net.http java.scripting java.security.jgss java.transaction.xa java.sql java.sql.rowset java.xml.crypto java.se java.smartcardio jdk.accessibility jdk.internal.jvmstat jdk.attach jdk.charsets jdk.internal.opt jdk.zipfs jdk.compiler jdk.crypto.ec jdk.crypto.cryptoki jdk.crypto.mscapi jdk.dynalink jdk.internal.ed jdk.editpad jdk.hotspot.agent jdk.httpserver jdk.internal.le jdk.internal.vm.ci jdk.internal.vm.compiler jdk.internal.vm.compiler.management jdk.jartool jdk.javadoc jdk.jcmd jdk.management jdk.management.agent jdk.jconsole jdk.jdeps jdk.jdwp.agent jdk.jdi jdk.jfr jdk.jshell jdk.jsobject jdk.jstatd jdk.localedata jdk.management.jfr jdk.naming.dns jdk.naming.rmi jdk.net jdk.nio.mapmode jdk.random jdk.sctp jdk.security.auth jdk.security.jgss jdk.unsupported jdk.unsupported.desktop jdk.xml.dom" 

Environment Variables:
JAVA_HOME=F:" /M
PATH=C:\Program Files\Microsoft SDKs\Azure\CLI2\wbin;C:\Program Files\Microsoft MPI\Bin\;F:\bin;C:\Windows\system32;C:\Windows;C:\Windows\System32\Wbem;C:\Windows\System32\WindowsPowerShell\v1.0\;C:\Windows\System32\OpenSSH\;C:\Program Files (x86)\NVIDIA Corporation\PhysX\Common;C:\Program Files\NVIDIA Corporation\NVIDIA NvDLISR;C:\Program Files\dotnet\;C:\Program Files (x86)\Microsoft SQL Server\170\Tools\Binn\;C:\Program Files\Microsoft SQL Server\170\Tools\Binn\;C:\Program Files\Microsoft SQL Server\Client SDK\ODBC\180\Tools\Binn\;C:\Program Files\Microsoft SQL Server\170\DTS\Binn\;C:\Program Files\Microsoft SQL Server\150\Tools\Binn\;C:\Program Files\Microsoft SQL Server\Client SDK\ODBC\170\Tools\Binn\;C:\Program Files\CodeBlocks\MinGW\bin;C:\WINDOWS\system32;C:\WINDOWS;C:\WINDOWS\System32\Wbem;C:\WINDOWS\System32\WindowsPowerShell\v1.0\;C:\WINDOWS\System32\OpenSSH\;C:\Program Files\Git\cmd;C:\Program Files\Cloudflare\Cloudflare WARP\;C:\Users\CHI TAI\AppData\Local\Programs\Python\Python314\Scripts\;C:\Users\CHI TAI\AppData\Local\Programs\Python\Python314\;C:\Users\CHI TAI\AppData\Local\Programs\Python\Launcher\;C:\Users\CHI TAI\AppData\Local\Microsoft\WindowsApps;C:\Users\CHI TAI\.dotnet\tools;F:\Microsoft VS Code\bin;F:\pycharm\PyCharm 2026.1.3\bin;C:\Users\CHI TAI\AppData\Local\Kingsoft\WPS Office\12.1.0.27458\clitool;C:\Users\CHI TAI\AppData\Local\Programs\DockerDesktop\resources\bin;F:\INTELLIJ IDEA 2026\IntelliJ IDEA 2026.2.1\bin;F:\ANTI\Antigravity IDE\bin
USERNAME=CHI TAI
OS=Windows_NT
PROCESSOR_IDENTIFIER=Intel64 Family 6 Model 186 Stepping 2, GenuineIntel
TMP=C:\Users\CHITAI~1\AppData\Local\Temp
TEMP=C:\Users\CHITAI~1\AppData\Local\Temp




Periodic native trim disabled

---------------  S Y S T E M  ---------------

OS:
 Windows 11 , 64 bit Build 26100 (10.0.26100.9444)
OS uptime: 0 days 2:35 hours
Hyper-V role detected

CPU: total 12 (initial active 12) (6 cores per cpu, 2 threads per core) family 6 model 186 stepping 2 microcode 0x5105, cx8, cmov, fxsr, ht, mmx, 3dnowpref, sse, sse2, sse3, ssse3, sse4.1, sse4.2, popcnt, lzcnt, tsc, tscinvbit, avx, avx2, aes, erms, clmul, bmi1, bmi2, adx, sha, fma, vzeroupper, clflush, clflushopt, clwb, hv, serialize, rdtscp, rdpid, fsrm, f16c, cet_ibt, cet_ss
Processor Information for processor 0
  Max Mhz: 2100, Current Mhz: 2100, Mhz Limit: 2100
Processor Information for processor 1
  Max Mhz: 2100, Current Mhz: 1453, Mhz Limit: 2100
Processor Information for processor 2
  Max Mhz: 2100, Current Mhz: 2100, Mhz Limit: 2100
Processor Information for processor 3
  Max Mhz: 2100, Current Mhz: 2100, Mhz Limit: 2100
Processor Information for processor 4
  Max Mhz: 2100, Current Mhz: 1453, Mhz Limit: 2100
Processor Information for processor 5
  Max Mhz: 2100, Current Mhz: 1453, Mhz Limit: 2100
Processor Information for processor 6
  Max Mhz: 2100, Current Mhz: 1453, Mhz Limit: 2100
Processor Information for processor 7
  Max Mhz: 2100, Current Mhz: 2100, Mhz Limit: 2100
Processor Information for processor 8
  Max Mhz: 2100, Current Mhz: 2100, Mhz Limit: 2100
Processor Information for processor 9
  Max Mhz: 2100, Current Mhz: 1540, Mhz Limit: 2100
Processor Information for processor 10
  Max Mhz: 2100, Current Mhz: 2100, Mhz Limit: 2100
Processor Information for processor 11
  Max Mhz: 2100, Current Mhz: 2100, Mhz Limit: 2100

Memory: 4k page, system-wide physical 7895M (321M free)
TotalPageFile size 21365M (AvailPageFile size 13M)
current process WorkingSet (physical memory assigned to process): 419M, peak: 420M
current process commit charge ("private bytes"): 470M, peak: 470M

vm_info: OpenJDK 64-Bit Server VM (21.0.12.1+1-LTS) for windows-amd64 JRE (21.0.12.1+1-LTS), built on 2026-08-18T00:00:00Z by "admin" with MS VC++ 17.12 (VS2022)

END.
