#
# There is insufficient memory for the Java Runtime Environment to continue.
# Native memory allocation (malloc) failed to allocate 48176 bytes. Error detail: Chunk::new
# Possible reasons:
#   The system is out of physical RAM or swap space
#   This process is running with CompressedOops enabled, and the Java Heap may be blocking the growth of the native heap
# Possible solutions:
#   Reduce memory load on the system
#   Increase physical memory or swap space
#   Check if swap backing store is full
#   Decrease Java heap size (-Xmx/-Xms)
#   Decrease number of Java threads
#   Decrease Java thread stack sizes (-Xss)
#   Set larger code cache with -XX:ReservedCodeCacheSize=
#   JVM is running with Unscaled Compressed Oops mode in which the Java heap is
#     placed in the first 4GB address space. The Java Heap base address is the
#     maximum limit for the native heap growth. Please use -XX:HeapBaseMinAddress
#     to set the Java Heap base and to place the Java Heap above 4GB virtual address.
# This output file may be truncated or incomplete.
#
#  Out of Memory Error (arena.cpp:168), pid=29048, tid=29000
#
# JRE version: OpenJDK Runtime Environment Temurin-21.0.12.1+1 (21.0.12.1+1) (build 21.0.12.1+1-LTS)
# Java VM: OpenJDK 64-Bit Server VM Temurin-21.0.12.1+1 (21.0.12.1+1-LTS, mixed mode, sharing, tiered, compressed oops, compressed class ptrs, parallel gc, windows-amd64)
# No core dump will be written. Minidumps are not enabled by default on client versions of Windows
#

---------------  S U M M A R Y ------------

Command Line: --add-modules=ALL-SYSTEM --add-opens=java.base/java.util=ALL-UNNAMED --add-opens=java.base/java.lang=ALL-UNNAMED --add-opens=java.base/sun.nio.fs=ALL-UNNAMED -Declipse.application=org.eclipse.jdt.ls.core.id1 -Dosgi.bundles.defaultStartLevel=4 -Declipse.product=org.eclipse.jdt.ls.core.product -Djava.import.generatesMetadataFilesAtProjectRoot=false -Dm2e.project.cache.size=50 -DDetectVMInstallationsJob.disabled=true -Dfile.encoding=utf8 -XX:+UseParallelGC -XX:GCTimeRatio=4 -XX:AdaptiveSizePolicyWeight=90 -Dsun.zip.disableMemoryMapping=true -Xmx2G -Xms100m -Xlog:disable -javaagent:c:\Users\CHI TAI\.antigravity-ide\extensions\redhat.java-1.56.0-win32-x64\lombok\lombok-1.18.39-4050.jar -XX:+HeapDumpOnOutOfMemoryError -XX:HeapDumpPath=c:\Users\CHI TAI\AppData\Roaming\Antigravity IDE\User\workspaceStorage\7d69b7ec1bea4d07db66e797e26b716f\redhat.java -Daether.dependencyCollector.impl=bf c:\Users\CHI TAI\.antigravity-ide\extensions\redhat.java-1.56.0-win32-x64\server\plugins\org.eclipse.equinox.launcher_1.8.0.v20260804-1928.jar -configuration c:\Users\CHI TAI\AppData\Roaming\Antigravity IDE\User\globalStorage\redhat.java\1.56.0\config_win -data c:\Users\CHI TAI\AppData\Roaming\Antigravity IDE\User\workspaceStorage\7d69b7ec1bea4d07db66e797e26b716f\redhat.java\jdt_ws --pipe=\\.\pipe\lsp-bf46b54cd23c21daef3d57ef83bede87-sock

Host: 13th Gen Intel(R) Core(TM) i5-13420H, 12 cores, 7G,  Windows 11 , 64 bit Build 26100 (10.0.26100.9444)
Time: Tue Oct  6 15:12:04 2026 SE Asia Standard Time elapsed time: 2.016995 seconds (0d 0h 0m 2s)

---------------  T H R E A D  ---------------

Current thread (0x000001fd849dc190):  JavaThread "C2 CompilerThread0" daemon [_thread_in_native, id=29000, stack(0x000000bac2500000,0x000000bac2600000) (1024K)]


Current CompileTask:
C2:2017 1781       4       java.io.WinNTFileSystem::normalize (143 bytes)

Stack: [0x000000bac2500000,0x000000bac2600000]
Native frames: (J=compiled Java code, j=interpreted, Vv=VM code, C=native code)
V  [jvm.dll+0x6d83e9]
V  [jvm.dll+0x8b5736]
V  [jvm.dll+0x8b7cee]
V  [jvm.dll+0x8b83d3]
V  [jvm.dll+0x284596]
V  [jvm.dll+0xc685d]
V  [jvm.dll+0xc6da1]
V  [jvm.dll+0x5df651]
V  [jvm.dll+0x38b701]
V  [jvm.dll+0x38ab1a]
V  [jvm.dll+0x24c700]
V  [jvm.dll+0x24bce0]
V  [jvm.dll+0x1cb4ae]
V  [jvm.dll+0x25baad]
V  [jvm.dll+0x25a03a]
V  [jvm.dll+0x3f8aae]
V  [jvm.dll+0x8600cd]
V  [jvm.dll+0x6d6c1d]
C  [ucrtbase.dll+0x2cd30]
C  [KERNEL32.DLL+0x2cd87]
C  [ntdll.dll+0xacaec]


---------------  P R O C E S S  ---------------

Threads class SMR info:
_java_thread_list=0x000001fde30055e0, length=12, elements={
0x000001fd8492b8b0, 0x000001fd849d4400, 0x000001fd848de240, 0x000001fd849d71a0,
0x000001fd849d7e80, 0x000001fd849d88e0, 0x000001fd849d9340, 0x000001fd849dc190,
0x000001fddd6a7160, 0x000001fddd8e6990, 0x000001fddd8dc5f0, 0x000001fddeae9b60
}

Java Threads: ( => current thread )
  0x000001fd8492b8b0 JavaThread "main"                              [_thread_in_native, id=2556, stack(0x000000bac1b00000,0x000000bac1c00000) (1024K)]
  0x000001fd849d4400 JavaThread "Reference Handler"          daemon [_thread_blocked, id=12580, stack(0x000000bac1f00000,0x000000bac2000000) (1024K)]
  0x000001fd848de240 JavaThread "Finalizer"                  daemon [_thread_blocked, id=21188, stack(0x000000bac2000000,0x000000bac2100000) (1024K)]
  0x000001fd849d71a0 JavaThread "Signal Dispatcher"          daemon [_thread_blocked, id=2848, stack(0x000000bac2100000,0x000000bac2200000) (1024K)]
  0x000001fd849d7e80 JavaThread "Attach Listener"            daemon [_thread_blocked, id=15164, stack(0x000000bac2200000,0x000000bac2300000) (1024K)]
  0x000001fd849d88e0 JavaThread "Service Thread"             daemon [_thread_blocked, id=23696, stack(0x000000bac2300000,0x000000bac2400000) (1024K)]
  0x000001fd849d9340 JavaThread "Monitor Deflation Thread"   daemon [_thread_blocked, id=6476, stack(0x000000bac2400000,0x000000bac2500000) (1024K)]
=>0x000001fd849dc190 JavaThread "C2 CompilerThread0"         daemon [_thread_in_native, id=29000, stack(0x000000bac2500000,0x000000bac2600000) (1024K)]
  0x000001fddd6a7160 JavaThread "C1 CompilerThread0"         daemon [_thread_blocked, id=26196, stack(0x000000bac2600000,0x000000bac2700000) (1024K)]
  0x000001fddd8e6990 JavaThread "Common-Cleaner"             daemon [_thread_blocked, id=24124, stack(0x000000bac2700000,0x000000bac2800000) (1024K)]
  0x000001fddd8dc5f0 JavaThread "Notification Thread"        daemon [_thread_blocked, id=26340, stack(0x000000bac2800000,0x000000bac2900000) (1024K)]
  0x000001fddeae9b60 JavaThread "Active Thread: Equinox Container: 08444248-d7dd-4947-93f6-ea1f171c4a84"        [_thread_blocked, id=27208, stack(0x000000bac2f00000,0x000000bac3000000) (1024K)]
Total: 12

Other Threads:
  0x000001fd848c45c0 VMThread "VM Thread"                           [id=25496, stack(0x000000bac1e00000,0x000000bac1f00000) (1024K)]
  0x000001fd847bca00 WatcherThread "VM Periodic Task Thread"        [id=25716, stack(0x000000bac1d00000,0x000000bac1e00000) (1024K)]
  0x000001fd8494c870 WorkerThread "GC Thread#0"                     [id=10092, stack(0x000000bac1c00000,0x000000bac1d00000) (1024K)]
  0x000001fdde824770 WorkerThread "GC Thread#1"                     [id=23468, stack(0x000000bac2900000,0x000000bac2a00000) (1024K)]
  0x000001fdde740c30 WorkerThread "GC Thread#2"                     [id=18224, stack(0x000000bac2a00000,0x000000bac2b00000) (1024K)]
  0x000001fdde740fe0 WorkerThread "GC Thread#3"                     [id=26588, stack(0x000000bac2b00000,0x000000bac2c00000) (1024K)]
  0x000001fdde7e1830 WorkerThread "GC Thread#4"                     [id=7020, stack(0x000000bac2c00000,0x000000bac2d00000) (1024K)]
  0x000001fdde7e1be0 WorkerThread "GC Thread#5"                     [id=25876, stack(0x000000bac2d00000,0x000000bac2e00000) (1024K)]
  0x000001fdde7e9400 WorkerThread "GC Thread#6"                     [id=25028, stack(0x000000bac2e00000,0x000000bac2f00000) (1024K)]
Total: 9

Threads with active compile tasks:
C2 CompilerThread0  2044 1781       4       java.io.WinNTFileSystem::normalize (143 bytes)
Total: 1

VM state: not at safepoint (normal execution)

VM Mutex/Monitor currently owned by a thread: None

Heap address: 0x0000000080000000, size: 2048 MB, Compressed Oops mode: 32-bit

CDS archive(s) mapped at: [0x000001fd9c000000-0x000001fd9cba0000-0x000001fd9cba0000), size 12189696, SharedBaseAddress: 0x000001fd9c000000, ArchiveRelocationMode: 1.
Compressed class space mapped at: 0x000001fd9d000000-0x000001fddd000000, reserved size: 1073741824
Narrow klass base: 0x000001fd9c000000, Narrow klass shift: 0, Narrow klass range: 0x100000000

GC Precious Log:
 CardTable entry size: 512
 CPUs: 12 total, 12 available
 Memory: 7895M
 Large Page Support: Disabled
 NUMA Support: Disabled
 Compressed Oops: Enabled (32-bit)
 Alignments: Space 512K, Generation 512K, Heap 2M
 Heap Min Capacity: 100M
 Heap Initial Capacity: 100M
 Heap Max Capacity: 2G
 Pre-touch: Disabled
 Parallel Workers: 10

Heap:
 PSYoungGen      total 29696K, used 28849K [0x00000000d5580000, 0x00000000d7680000, 0x0000000100000000)
  eden space 25600K, 99% used [0x00000000d5580000,0x00000000d6e765e8,0x00000000d6e80000)
  from space 4096K, 80% used [0x00000000d6e80000,0x00000000d71b5ea8,0x00000000d7280000)
  to   space 4096K, 0% used [0x00000000d7280000,0x00000000d7280000,0x00000000d7680000)
 ParOldGen       total 68608K, used 16K [0x0000000080000000, 0x0000000084300000, 0x00000000d5580000)
  object space 68608K, 0% used [0x0000000080000000,0x0000000080004000,0x0000000084300000)
 Metaspace       used 7991K, committed 8256K, reserved 1114112K
  class space    used 833K, committed 960K, reserved 1048576K

Card table byte_map: [0x000001fd842d0000,0x000001fd846e0000] _byte_map_base: 0x000001fd83ed0000

Marking Bits: (ParMarkBitMap*) 0x00007ffc61d044a0
 Begin Bits: [0x000001fd96de0000, 0x000001fd98de0000)
 End Bits:   [0x000001fd98de0000, 0x000001fd9ade0000)

Polling page: 0x000001fd829d0000

Metaspace:

Usage:
  Non-class:      6.99 MB used.
      Class:    833.54 KB used.
       Both:      7.80 MB used.

Virtual space:
  Non-class space:       64.00 MB reserved,       7.12 MB ( 11%) committed,  1 nodes.
      Class space:        1.00 GB reserved,     960.00 KB ( <1%) committed,  1 nodes.
             Both:        1.06 GB reserved,       8.06 MB ( <1%) committed. 

Chunk freelists:
   Non-Class:  8.81 MB
       Class:  14.91 MB
        Both:  23.72 MB

MaxMetaspaceSize: unlimited
CompressedClassSpaceSize: 1.00 GB
Initial GC threshold: 21.00 MB
Current GC threshold: 21.00 MB
CDS: on
 - commit_granule_bytes: 65536.
 - commit_granule_words: 8192.
 - virtual_space_node_default_size: 8388608.
 - enlarge_chunks_in_place: 1.
 - use_allocation_guard: 0.


Internal statistics:

num_allocs_failed_limit: 0.
num_arena_births: 228.
num_arena_deaths: 0.
num_vsnodes_births: 2.
num_vsnodes_deaths: 0.
num_space_committed: 129.
num_space_uncommitted: 0.
num_chunks_returned_to_freelist: 0.
num_chunks_taken_from_freelist: 419.
num_chunk_merges: 0.
num_chunk_splits: 271.
num_chunks_enlarged: 179.
num_inconsistent_stats: 0.

CodeHeap 'non-profiled nmethods': size=120000Kb used=690Kb max_used=690Kb free=119309Kb
 bounds [0x000001fd8f600000, 0x000001fd8f870000, 0x000001fd96b30000]
CodeHeap 'profiled nmethods': size=120000Kb used=3154Kb max_used=3154Kb free=116845Kb
 bounds [0x000001fd87b30000, 0x000001fd87e50000, 0x000001fd8f060000]
CodeHeap 'non-nmethods': size=5760Kb used=1219Kb max_used=1238Kb free=4541Kb
 bounds [0x000001fd8f060000, 0x000001fd8f2d0000, 0x000001fd8f600000]
CodeCache: size=245760Kb, used=5063Kb, max_used=5082Kb, free=240695Kb
 total_blobs=2263, nmethods=1780, adapters=390, full_count=0
Compilation: enabled, stopped_count=0, restarted_count=0

Compilation events (20 events):
Event: 1.795 Thread 0x000001fddd6a7160 nmethod 1772 0x000001fd87e3d610 code [0x000001fd87e3d920, 0x000001fd87e3eb58]
Event: 1.795 Thread 0x000001fddd6a7160 1773       1       sun.nio.fs.NativeBuffer::address (5 bytes)
Event: 1.795 Thread 0x000001fddd6a7160 nmethod 1773 0x000001fd8f6aa090 code [0x000001fd8f6aa220, 0x000001fd8f6aa2e8]
Event: 1.930 Thread 0x000001fddd6a7160 1774       3       java.net.URL::toExternalForm (9 bytes)
Event: 1.930 Thread 0x000001fddd6a7160 nmethod 1774 0x000001fd87e3f290 code [0x000001fd87e3f440, 0x000001fd87e3f620]
Event: 1.930 Thread 0x000001fd849dc190 1775       4       java.lang.System::getSecurityManager (12 bytes)
Event: 1.930 Thread 0x000001fd849dc190 nmethod 1775 0x000001fd8f6aa390 code [0x000001fd8f6aa500, 0x000001fd8f6aa568]
Event: 1.943 Thread 0x000001fddd6a7160 1776       3       java.lang.System::checkKey (34 bytes)
Event: 1.943 Thread 0x000001fddd6a7160 nmethod 1776 0x000001fd87e3f710 code [0x000001fd87e3f900, 0x000001fd87e3fca8]
Event: 1.943 Thread 0x000001fddd6a7160 1777       3       java.io.WinNTFileSystem::normalizePrefix (132 bytes)
Event: 1.944 Thread 0x000001fddd6a7160 nmethod 1777 0x000001fd87e3fe10 code [0x000001fd87e40220, 0x000001fd87e421c8]
Event: 1.944 Thread 0x000001fddd6a7160 1778       3       java.lang.ThreadLocal::get (35 bytes)
Event: 1.945 Thread 0x000001fddd6a7160 nmethod 1778 0x000001fd87e42e10 code [0x000001fd87e42fe0, 0x000001fd87e432e8]
Event: 1.974 Thread 0x000001fd849dc190 1779 %     4       java.io.WinNTFileSystem::normalize @ 58 (224 bytes)
Event: 1.975 Thread 0x000001fddd6a7160 1780       3       sun.nio.fs.WindowsPathParser::nextNonSlash (24 bytes)
Event: 1.975 Thread 0x000001fddd6a7160 nmethod 1780 0x000001fd87e43490 code [0x000001fd87e436a0, 0x000001fd87e43da8]
Event: 1.992 Thread 0x000001fd849dc190 nmethod 1779% 0x000001fd8f6aa690 code [0x000001fd8f6aa920, 0x000001fd8f6abdb0]
Event: 2.004 Thread 0x000001fd849dc190 1781       4       java.io.WinNTFileSystem::normalize (143 bytes)
Event: 2.005 Thread 0x000001fddd6a7160 1783       3       org.eclipse.osgi.framework.util.SecureAction::getProperty (31 bytes)
Event: 2.005 Thread 0x000001fddd6a7160 nmethod 1783 0x000001fd87e44110 code [0x000001fd87e44300, 0x000001fd87e44758]

GC Heap History (2 events):
Event: 0.779 GC heap before
{Heap before GC invocations=1 (full 0):
 PSYoungGen      total 29696K, used 25600K [0x00000000d5580000, 0x00000000d7680000, 0x0000000100000000)
  eden space 25600K, 100% used [0x00000000d5580000,0x00000000d6e80000,0x00000000d6e80000)
  from space 4096K, 0% used [0x00000000d7280000,0x00000000d7280000,0x00000000d7680000)
  to   space 4096K, 0% used [0x00000000d6e80000,0x00000000d6e80000,0x00000000d7280000)
 ParOldGen       total 68608K, used 0K [0x0000000080000000, 0x0000000084300000, 0x00000000d5580000)
  object space 68608K, 0% used [0x0000000080000000,0x0000000080000000,0x0000000084300000)
 Metaspace       used 4321K, committed 4544K, reserved 1114112K
  class space    used 472K, committed 576K, reserved 1048576K
}
Event: 0.785 GC heap after
{Heap after GC invocations=1 (full 0):
 PSYoungGen      total 29696K, used 3287K [0x00000000d5580000, 0x00000000d7680000, 0x0000000100000000)
  eden space 25600K, 0% used [0x00000000d5580000,0x00000000d5580000,0x00000000d6e80000)
  from space 4096K, 80% used [0x00000000d6e80000,0x00000000d71b5ea8,0x00000000d7280000)
  to   space 4096K, 0% used [0x00000000d7280000,0x00000000d7280000,0x00000000d7680000)
 ParOldGen       total 68608K, used 16K [0x0000000080000000, 0x0000000084300000, 0x00000000d5580000)
  object space 68608K, 0% used [0x0000000080000000,0x0000000080004000,0x0000000084300000)
 Metaspace       used 4321K, committed 4544K, reserved 1114112K
  class space    used 472K, committed 576K, reserved 1048576K
}

Dll operation events (16 events):
Event: 0.030 Attempting to load shared library c:\Users\CHI TAI\.antigravity-ide\extensions\redhat.java-1.56.0-win32-x64\jre\21.0.12.1-win32-x86_64\bin\java.dll
Event: 0.031 Loaded shared library c:\Users\CHI TAI\.antigravity-ide\extensions\redhat.java-1.56.0-win32-x64\jre\21.0.12.1-win32-x86_64\bin\java.dll
Event: 0.134 Attempting to load shared library c:\Users\CHI TAI\.antigravity-ide\extensions\redhat.java-1.56.0-win32-x64\jre\21.0.12.1-win32-x86_64\bin\zip.dll
Event: 0.136 Loaded shared library c:\Users\CHI TAI\.antigravity-ide\extensions\redhat.java-1.56.0-win32-x64\jre\21.0.12.1-win32-x86_64\bin\zip.dll
Event: 0.156 Attempting to load shared library C:\Users\CHI TAI\.antigravity-ide\extensions\redhat.java-1.56.0-win32-x64\jre\21.0.12.1-win32-x86_64\bin\instrument.dll
Event: 0.157 Loaded shared library C:\Users\CHI TAI\.antigravity-ide\extensions\redhat.java-1.56.0-win32-x64\jre\21.0.12.1-win32-x86_64\bin\instrument.dll
Event: 0.161 Attempting to load shared library C:\Users\CHI TAI\.antigravity-ide\extensions\redhat.java-1.56.0-win32-x64\jre\21.0.12.1-win32-x86_64\bin\net.dll
Event: 0.165 Loaded shared library C:\Users\CHI TAI\.antigravity-ide\extensions\redhat.java-1.56.0-win32-x64\jre\21.0.12.1-win32-x86_64\bin\net.dll
Event: 0.167 Attempting to load shared library C:\Users\CHI TAI\.antigravity-ide\extensions\redhat.java-1.56.0-win32-x64\jre\21.0.12.1-win32-x86_64\bin\nio.dll
Event: 0.168 Loaded shared library C:\Users\CHI TAI\.antigravity-ide\extensions\redhat.java-1.56.0-win32-x64\jre\21.0.12.1-win32-x86_64\bin\nio.dll
Event: 0.174 Attempting to load shared library C:\Users\CHI TAI\.antigravity-ide\extensions\redhat.java-1.56.0-win32-x64\jre\21.0.12.1-win32-x86_64\bin\zip.dll
Event: 0.174 Loaded shared library C:\Users\CHI TAI\.antigravity-ide\extensions\redhat.java-1.56.0-win32-x64\jre\21.0.12.1-win32-x86_64\bin\zip.dll
Event: 0.202 Attempting to load shared library C:\Users\CHI TAI\.antigravity-ide\extensions\redhat.java-1.56.0-win32-x64\jre\21.0.12.1-win32-x86_64\bin\jimage.dll
Event: 0.202 Loaded shared library C:\Users\CHI TAI\.antigravity-ide\extensions\redhat.java-1.56.0-win32-x64\jre\21.0.12.1-win32-x86_64\bin\jimage.dll
Event: 0.313 Attempting to load shared library c:\Users\CHI TAI\.antigravity-ide\extensions\redhat.java-1.56.0-win32-x64\jre\21.0.12.1-win32-x86_64\bin\verify.dll
Event: 0.314 Loaded shared library c:\Users\CHI TAI\.antigravity-ide\extensions\redhat.java-1.56.0-win32-x64\jre\21.0.12.1-win32-x86_64\bin\verify.dll

Deoptimization events (20 events):
Event: 1.210 Thread 0x000001fd8492b8b0 Uncommon trap: trap_request=0xffffff45 fr.pc=0x000001fd8f68db60 relative=0x0000000000000040
Event: 1.210 Thread 0x000001fd8492b8b0 Uncommon trap: reason=unstable_if action=reinterpret pc=0x000001fd8f68db60 method=java.util.concurrent.locks.AbstractQueuedSynchronizer.signalNext(Ljava/util/concurrent/locks/AbstractQueuedSynchronizer$Node;)V @ 1 c2
Event: 1.210 Thread 0x000001fd8492b8b0 DEOPT PACKING pc=0x000001fd8f68db60 sp=0x000000bac1bfe490
Event: 1.210 Thread 0x000001fd8492b8b0 DEOPT UNPACKING pc=0x000001fd8f0b3aa2 sp=0x000000bac1bfe420 mode 2
Event: 1.234 Thread 0x000001fd8492b8b0 Uncommon trap: trap_request=0xffffffde fr.pc=0x000001fd8f66a67c relative=0x0000000000000a1c
Event: 1.234 Thread 0x000001fd8492b8b0 Uncommon trap: reason=class_check action=maybe_recompile pc=0x000001fd8f66a67c method=java.util.HashMap.putVal(ILjava/lang/Object;Ljava/lang/Object;ZZ)Ljava/lang/Object; @ 253 c2
Event: 1.234 Thread 0x000001fd8492b8b0 DEOPT PACKING pc=0x000001fd8f66a67c sp=0x000000bac1bfe060
Event: 1.234 Thread 0x000001fd8492b8b0 DEOPT UNPACKING pc=0x000001fd8f0b3aa2 sp=0x000000bac1bfdfe0 mode 2
Event: 1.235 Thread 0x000001fd8492b8b0 Uncommon trap: trap_request=0xffffffde fr.pc=0x000001fd8f66a67c relative=0x0000000000000a1c
Event: 1.235 Thread 0x000001fd8492b8b0 Uncommon trap: reason=class_check action=maybe_recompile pc=0x000001fd8f66a67c method=java.util.HashMap.putVal(ILjava/lang/Object;Ljava/lang/Object;ZZ)Ljava/lang/Object; @ 253 c2
Event: 1.235 Thread 0x000001fd8492b8b0 DEOPT PACKING pc=0x000001fd8f66a67c sp=0x000000bac1bfe060
Event: 1.235 Thread 0x000001fd8492b8b0 DEOPT UNPACKING pc=0x000001fd8f0b3aa2 sp=0x000000bac1bfdfe0 mode 2
Event: 1.269 Thread 0x000001fd8492b8b0 DEOPT PACKING pc=0x000001fd87cafc08 sp=0x000000bac1bfc240
Event: 1.269 Thread 0x000001fd8492b8b0 DEOPT UNPACKING pc=0x000001fd8f0b4242 sp=0x000000bac1bfb6c0 mode 0
Event: 1.270 Thread 0x000001fd8492b8b0 DEOPT PACKING pc=0x000001fd87cafc08 sp=0x000000bac1bfc550
Event: 1.270 Thread 0x000001fd8492b8b0 DEOPT UNPACKING pc=0x000001fd8f0b4242 sp=0x000000bac1bfb9d0 mode 0
Event: 1.270 Thread 0x000001fd8492b8b0 DEOPT PACKING pc=0x000001fd87cafc08 sp=0x000000bac1bfc4a0
Event: 1.270 Thread 0x000001fd8492b8b0 DEOPT UNPACKING pc=0x000001fd8f0b4242 sp=0x000000bac1bfb920 mode 0
Event: 1.270 Thread 0x000001fd8492b8b0 DEOPT PACKING pc=0x000001fd87cafc08 sp=0x000000bac1bfc7a0
Event: 1.270 Thread 0x000001fd8492b8b0 DEOPT UNPACKING pc=0x000001fd8f0b4242 sp=0x000000bac1bfbc20 mode 0

Classes loaded (20 events):
Event: 1.264 Loading class javax/xml/parsers/ParserConfigurationException
Event: 1.264 Loading class javax/xml/parsers/ParserConfigurationException done
Event: 1.265 Loading class java/security/KeyStoreException
Event: 1.265 Loading class java/security/KeyStoreException done
Event: 1.281 Loading class java/util/LinkedList$ListItr
Event: 1.281 Loading class java/util/LinkedList$ListItr done
Event: 1.282 Loading class java/lang/Thread$Builder$OfPlatform
Event: 1.282 Loading class java/lang/Thread$Builder
Event: 1.282 Loading class java/lang/Thread$Builder done
Event: 1.282 Loading class java/lang/Thread$Builder$OfPlatform done
Event: 1.282 Loading class java/lang/Thread$Builder$OfVirtual
Event: 1.282 Loading class java/lang/Thread$Builder$OfVirtual done
Event: 1.288 Loading class sun/nio/fs/WindowsChannelFactory
Event: 1.288 Loading class sun/nio/fs/WindowsChannelFactory done
Event: 1.288 Loading class sun/nio/fs/WindowsChannelFactory$1
Event: 1.288 Loading class sun/nio/fs/WindowsChannelFactory$1 done
Event: 1.288 Loading class sun/nio/fs/WindowsChannelFactory$Flags
Event: 1.288 Loading class sun/nio/fs/WindowsChannelFactory$Flags done
Event: 1.289 Loading class sun/nio/ch/FileChannelImpl$Closer
Event: 1.289 Loading class sun/nio/ch/FileChannelImpl$Closer done

Classes unloaded (0 events):
No events

Classes redefined (0 events):
No events

Internal exceptions (20 events):
Event: 0.631 Thread 0x000001fd8492b8b0 Exception <a 'java/lang/NoSuchMethodError'{0x00000000d6592d88}: 'int java.lang.invoke.DirectMethodHandle$Holder.invokeStatic(java.lang.Object, java.lang.Object, java.lang.Object, java.lang.Object, java.lang.Object)'> (0x00000000d6592d88) 
thrown [s\src\hotspot\share\interpreter\linkResolver.cpp, line 773]
Event: 0.652 Thread 0x000001fd8492b8b0 Exception <a 'java/lang/NoSuchMethodError'{0x00000000d6627df0}: 'java.lang.Object java.lang.invoke.DirectMethodHandle$Holder.invokeInterface(java.lang.Object, java.lang.Object, int)'> (0x00000000d6627df0) 
thrown [s\src\hotspot\share\interpreter\linkResolver.cpp, line 773]
Event: 0.740 Thread 0x000001fd8492b8b0 Exception <a 'java/lang/NoSuchMethodError'{0x00000000d6aac798}: 'java.lang.ClassLoader java.lang.ClassLoader.getPlatformClassLoader(java.lang.Class)'> (0x00000000d6aac798) 
thrown [s\src\hotspot\share\interpreter\linkResolver.cpp, line 773]
Event: 0.793 Thread 0x000001fd8492b8b0 Exception <a 'java/lang/ClassNotFoundException'{0x00000000d55e1278}: sun/net/www/protocol/c/Handler> (0x00000000d55e1278) 
thrown [s\src\hotspot\share\classfile\systemDictionary.cpp, line 313]
Event: 0.794 Thread 0x000001fd8492b8b0 Exception <a 'java/lang/ClassNotFoundException'{0x00000000d55e25c0}: sun/net/www/protocol/f/Handler> (0x00000000d55e25c0) 
thrown [s\src\hotspot\share\classfile\systemDictionary.cpp, line 313]
Event: 0.794 Thread 0x000001fd8492b8b0 Exception <a 'java/lang/ClassNotFoundException'{0x00000000d55e3720}: sun/net/www/protocol/c/Handler> (0x00000000d55e3720) 
thrown [s\src\hotspot\share\classfile\systemDictionary.cpp, line 313]
Event: 0.802 Thread 0x000001fd8492b8b0 Exception <a 'java/io/FileNotFoundException'{0x00000000d560de20}> (0x00000000d560de20) 
thrown [s\src\hotspot\share\prims\jni.cpp, line 520]
Event: 0.838 Thread 0x000001fd8492b8b0 Implicit null exception at 0x000001fd8f657449 to 0x000001fd8f657da8
Event: 0.838 Thread 0x000001fd8492b8b0 Exception <a 'java/lang/NoSuchMethodError'{0x00000000d5741f90}: 'void java.lang.invoke.DirectMethodHandle$Holder.invokeStatic(java.lang.Object, java.lang.Object, java.lang.Object, java.lang.Object)'> (0x00000000d5741f90) 
thrown [s\src\hotspot\share\interpreter\linkResolver.cpp, line 773]
Event: 0.840 Thread 0x000001fd8492b8b0 Implicit null exception at 0x000001fd8f66c69a to 0x000001fd8f66c8a8
Event: 0.840 Thread 0x000001fd8492b8b0 Implicit null exception at 0x000001fd8f65e03d to 0x000001fd8f65e0c1
Event: 0.944 Thread 0x000001fd8492b8b0 Exception <a 'java/lang/NoSuchMethodError'{0x00000000d5a29a88}: 'void java.lang.invoke.DirectMethodHandle$Holder.invokeSpecial(java.lang.Object, java.lang.Object, java.lang.Object)'> (0x00000000d5a29a88) 
thrown [s\src\hotspot\share\interpreter\linkResolver.cpp, line 773]
Event: 1.110 Thread 0x000001fd8492b8b0 Exception <a 'java/lang/NoSuchMethodError'{0x00000000d64a5790}: 'int java.lang.invoke.DirectMethodHandle$Holder.invokeVirtual(java.lang.Object, java.lang.Object)'> (0x00000000d64a5790) 
thrown [s\src\hotspot\share\interpreter\linkResolver.cpp, line 773]
Event: 1.203 Thread 0x000001fd8492b8b0 Exception <a 'java/lang/NoSuchMethodError'{0x00000000d6631a38}: 'int java.lang.invoke.DirectMethodHandle$Holder.invokeStaticInit(java.lang.Object, java.lang.Object, java.lang.Object, java.lang.Object)'> (0x00000000d6631a38) 
thrown [s\src\hotspot\share\interpreter\linkResolver.cpp, line 773]
Event: 1.204 Thread 0x000001fd8492b8b0 Exception <a 'java/lang/IncompatibleClassChangeError'{0x00000000d663a120}: Found class java.lang.Object, but interface was expected> (0x00000000d663a120) 
thrown [s\src\hotspot\share\interpreter\linkResolver.cpp, line 840]
Event: 1.205 Thread 0x000001fd8492b8b0 Exception <a 'java/lang/NoSuchMethodError'{0x00000000d6640fd0}: 'void java.lang.invoke.DirectMethodHandle$Holder.invokeStaticInit(java.lang.Object, java.lang.Object)'> (0x00000000d6640fd0) 
thrown [s\src\hotspot\share\interpreter\linkResolver.cpp, line 773]
Event: 1.205 Thread 0x000001fd8492b8b0 Exception <a 'java/lang/NoSuchMethodError'{0x00000000d664aaa8}: 'int java.lang.invoke.DirectMethodHandle$Holder.invokeStaticInit(java.lang.Object, java.lang.Object)'> (0x00000000d664aaa8) 
thrown [s\src\hotspot\share\interpreter\linkResolver.cpp, line 773]
Event: 1.227 Thread 0x000001fd8492b8b0 Exception <a 'java/lang/NoSuchMethodError'{0x00000000d68bee50}: 'java.lang.Object java.lang.invoke.DirectMethodHandle$Holder.newInvokeSpecial(java.lang.Object, int, java.lang.Object)'> (0x00000000d68bee50) 
thrown [s\src\hotspot\share\interpreter\linkResolver.cpp, line 773]
Event: 1.251 Thread 0x000001fd8492b8b0 Exception <a 'java/lang/ClassNotFoundException'{0x00000000d6af3f20}: sun/net/www/protocol/plurl/Handler> (0x00000000d6af3f20) 
thrown [s\src\hotspot\share\classfile\systemDictionary.cpp, line 313]
Event: 1.251 Thread 0x000001fd8492b8b0 Exception <a 'java/lang/ClassNotFoundException'{0x00000000d6af4da0}: sun/net/www/protocol/plurl/Handler> (0x00000000d6af4da0) 
thrown [s\src\hotspot\share\classfile\systemDictionary.cpp, line 313]

ZGC Phase Switch (0 events):
No events

VM Operations (18 events):
Event: 0.132 Executing non-safepoint VM operation: HandshakeAllThreads (Deoptimize)
Event: 0.132 Executing non-safepoint VM operation: HandshakeAllThreads (Deoptimize) done
Event: 0.216 Executing non-safepoint VM operation: HandshakeAllThreads (Deoptimize)
Event: 0.216 Executing non-safepoint VM operation: HandshakeAllThreads (Deoptimize) done
Event: 0.555 Executing non-safepoint VM operation: HandshakeAllThreads (Deoptimize)
Event: 0.555 Executing non-safepoint VM operation: HandshakeAllThreads (Deoptimize) done
Event: 0.569 Executing non-safepoint VM operation: HandshakeAllThreads (Deoptimize)
Event: 0.569 Executing non-safepoint VM operation: HandshakeAllThreads (Deoptimize) done
Event: 0.765 Executing safepoint VM operation: ICBufferFull
Event: 0.765 Executing safepoint VM operation: ICBufferFull done
Event: 0.779 Executing safepoint VM operation: ParallelGCFailedAllocation (Allocation Failure)
Event: 0.785 Executing safepoint VM operation: ParallelGCFailedAllocation (Allocation Failure) done
Event: 1.216 Executing non-safepoint VM operation: HandshakeAllThreads (Deoptimize)
Event: 1.216 Executing non-safepoint VM operation: HandshakeAllThreads (Deoptimize) done
Event: 1.221 Executing non-safepoint VM operation: HandshakeAllThreads (Deoptimize)
Event: 1.221 Executing non-safepoint VM operation: HandshakeAllThreads (Deoptimize) done
Event: 1.248 Executing non-safepoint VM operation: HandshakeAllThreads (Deoptimize)
Event: 1.248 Executing non-safepoint VM operation: HandshakeAllThreads (Deoptimize) done

Memory protections (0 events):
No events

Nmethod flushes (0 events):
No events

Events (12 events):
Event: 0.077 Thread 0x000001fd8492b8b0 Thread added: 0x000001fd8492b8b0
Event: 0.096 Thread 0x000001fd8492b8b0 Thread added: 0x000001fd849d4400
Event: 0.096 Thread 0x000001fd8492b8b0 Thread added: 0x000001fd848de240
Event: 0.096 Thread 0x000001fd8492b8b0 Thread added: 0x000001fd849d71a0
Event: 0.096 Thread 0x000001fd8492b8b0 Thread added: 0x000001fd849d7e80
Event: 0.096 Thread 0x000001fd8492b8b0 Thread added: 0x000001fd849d88e0
Event: 0.096 Thread 0x000001fd8492b8b0 Thread added: 0x000001fd849d9340
Event: 0.096 Thread 0x000001fd8492b8b0 Thread added: 0x000001fd849dc190
Event: 0.097 Thread 0x000001fd8492b8b0 Thread added: 0x000001fddd6a7160
Event: 0.159 Thread 0x000001fd8492b8b0 Thread added: 0x000001fddd8e6990
Event: 0.442 Thread 0x000001fd8492b8b0 Thread added: 0x000001fddd8dc5f0
Event: 1.210 Thread 0x000001fd8492b8b0 Thread added: 0x000001fddeae9b60


Dynamic libraries:
0x00007ff7482f0000 - 0x00007ff7482fe000 	c:\Users\CHI TAI\.antigravity-ide\extensions\redhat.java-1.56.0-win32-x64\jre\21.0.12.1-win32-x86_64\bin\java.exe
0x00007ffd127e0000 - 0x00007ffd12a47000 	C:\WINDOWS\SYSTEM32\ntdll.dll
0x00007ffd12130000 - 0x00007ffd121fb000 	C:\WINDOWS\System32\KERNEL32.DLL
0x00007ffd0fbe0000 - 0x00007ffd0ffe2000 	C:\WINDOWS\System32\KERNELBASE.dll
0x00007ffd10270000 - 0x00007ffd103bc000 	C:\WINDOWS\System32\ucrtbase.dll
0x00007ffcd6ff0000 - 0x00007ffcd7008000 	c:\Users\CHI TAI\.antigravity-ide\extensions\redhat.java-1.56.0-win32-x64\jre\21.0.12.1-win32-x86_64\bin\jli.dll
0x00007ffcd69f0000 - 0x00007ffcd6a0e000 	c:\Users\CHI TAI\.antigravity-ide\extensions\redhat.java-1.56.0-win32-x64\jre\21.0.12.1-win32-x86_64\bin\VCRUNTIME140.dll
0x00007ffd11e00000 - 0x00007ffd11fcf000 	C:\WINDOWS\System32\USER32.dll
0x00007ffced5f0000 - 0x00007ffced880000 	C:\WINDOWS\WinSxS\amd64_microsoft.windows.common-controls_6595b64144ccf1df_6.0.26100.9278_none_3e0d1ba8e3303201\COMCTL32.dll
0x00007ffd0fff0000 - 0x00007ffd10017000 	C:\WINDOWS\System32\win32u.dll
0x00007ffd11850000 - 0x00007ffd118f9000 	C:\WINDOWS\System32\msvcrt.dll
0x00007ffd10b60000 - 0x00007ffd10b8b000 	C:\WINDOWS\System32\GDI32.dll
0x00007ffd103d0000 - 0x00007ffd104f9000 	C:\WINDOWS\System32\gdi32full.dll
0x00007ffd0fa70000 - 0x00007ffd0fb13000 	C:\WINDOWS\System32\msvcp_win.dll
0x00007ffd12760000 - 0x00007ffd12791000 	C:\WINDOWS\System32\IMM32.DLL
0x00007ffcecfe0000 - 0x00007ffcecfec000 	c:\Users\CHI TAI\.antigravity-ide\extensions\redhat.java-1.56.0-win32-x64\jre\21.0.12.1-win32-x86_64\bin\vcruntime140_1.dll
0x00007ffc975d0000 - 0x00007ffc9765d000 	c:\Users\CHI TAI\.antigravity-ide\extensions\redhat.java-1.56.0-win32-x64\jre\21.0.12.1-win32-x86_64\bin\msvcp140.dll
0x00007ffc61040000 - 0x00007ffc61de2000 	c:\Users\CHI TAI\.antigravity-ide\extensions\redhat.java-1.56.0-win32-x64\jre\21.0.12.1-win32-x86_64\bin\server\jvm.dll
0x00007ffd12200000 - 0x00007ffd122bc000 	C:\WINDOWS\System32\ADVAPI32.dll
0x00007ffd10da0000 - 0x00007ffd10e49000 	C:\WINDOWS\System32\sechost.dll
0x00007ffd10bc0000 - 0x00007ffd10cd8000 	C:\WINDOWS\System32\RPCRT4.dll
0x00007ffd105a0000 - 0x00007ffd10620000 	C:\WINDOWS\System32\WS2_32.dll
0x00007ffd0e510000 - 0x00007ffd0e56e000 	C:\WINDOWS\SYSTEM32\POWRPROF.dll
0x00007ffcfc1e0000 - 0x00007ffcfc216000 	C:\WINDOWS\SYSTEM32\WINMM.dll
0x00007ffcf7270000 - 0x00007ffcf727b000 	C:\WINDOWS\SYSTEM32\VERSION.dll
0x00007ffd0e4d0000 - 0x00007ffd0e4e5000 	C:\WINDOWS\SYSTEM32\UMPDC.dll
0x00007ffd0e7d0000 - 0x00007ffd0e7eb000 	C:\WINDOWS\SYSTEM32\kernel.appcore.dll
0x00007ffcec6c0000 - 0x00007ffcec6ca000 	c:\Users\CHI TAI\.antigravity-ide\extensions\redhat.java-1.56.0-win32-x64\jre\21.0.12.1-win32-x86_64\bin\jimage.dll
0x00007ffd0c8f0000 - 0x00007ffd0cb3c000 	C:\WINDOWS\SYSTEM32\DBGHELP.DLL
0x00007ffd11900000 - 0x00007ffd11c85000 	C:\WINDOWS\System32\combase.dll
0x00007ffd10e50000 - 0x00007ffd10f29000 	C:\WINDOWS\System32\OLEAUT32.dll
0x00007ffce8a60000 - 0x00007ffce8a9b000 	C:\WINDOWS\SYSTEM32\dbgcore.DLL
0x00007ffd10020000 - 0x00007ffd100cc000 	C:\WINDOWS\System32\bcryptPrimitives.dll
0x00007ffcd9700000 - 0x00007ffcd970f000 	c:\Users\CHI TAI\.antigravity-ide\extensions\redhat.java-1.56.0-win32-x64\jre\21.0.12.1-win32-x86_64\bin\instrument.dll
0x00007ffcd3cb0000 - 0x00007ffcd3cd0000 	c:\Users\CHI TAI\.antigravity-ide\extensions\redhat.java-1.56.0-win32-x64\jre\21.0.12.1-win32-x86_64\bin\java.dll
0x00007ffd11050000 - 0x00007ffd117e8000 	C:\WINDOWS\System32\SHELL32.dll
0x00007ffd0d450000 - 0x00007ffd0dcfe000 	C:\WINDOWS\SYSTEM32\windows.storage.dll
0x00007ffd12030000 - 0x00007ffd1212b000 	C:\WINDOWS\System32\SHCORE.dll
0x00007ffd12550000 - 0x00007ffd125b6000 	C:\WINDOWS\System32\shlwapi.dll
0x00007ffd0f900000 - 0x00007ffd0f929000 	C:\WINDOWS\SYSTEM32\profapi.dll
0x00007ffcd5c90000 - 0x00007ffcd5ca8000 	c:\Users\CHI TAI\.antigravity-ide\extensions\redhat.java-1.56.0-win32-x64\jre\21.0.12.1-win32-x86_64\bin\zip.dll
0x00007ffcd64e0000 - 0x00007ffcd64f0000 	C:\Users\CHI TAI\.antigravity-ide\extensions\redhat.java-1.56.0-win32-x64\jre\21.0.12.1-win32-x86_64\bin\net.dll
0x00007ffd05bc0000 - 0x00007ffd05cea000 	C:\WINDOWS\SYSTEM32\WINHTTP.dll
0x00007ffd0ed90000 - 0x00007ffd0edfc000 	C:\WINDOWS\system32\mswsock.dll
0x00007ffcd3840000 - 0x00007ffcd3856000 	C:\Users\CHI TAI\.antigravity-ide\extensions\redhat.java-1.56.0-win32-x64\jre\21.0.12.1-win32-x86_64\bin\nio.dll
0x00007ffcd5de0000 - 0x00007ffcd5df0000 	c:\Users\CHI TAI\.antigravity-ide\extensions\redhat.java-1.56.0-win32-x64\jre\21.0.12.1-win32-x86_64\bin\verify.dll

JVMTI agents:
c:\Users\CHI TAI\.antigravity-ide\extensions\redhat.java-1.56.0-win32-x64\lombok\lombok-1.18.39-4050.jar path:c:\Users\CHI TAI\.antigravity-ide\extensions\redhat.java-1.56.0-win32-x64\jre\21.0.12.1-win32-x86_64\bin\instrument.dll, loaded, initialized, instrumentlib options:none

dbghelp: loaded successfully - version: 4.0.5 - missing functions: none
symbol engine: initialized successfully - sym options: 0x614 - pdb path: .;c:\Users\CHI TAI\.antigravity-ide\extensions\redhat.java-1.56.0-win32-x64\jre\21.0.12.1-win32-x86_64\bin;C:\WINDOWS\SYSTEM32;C:\WINDOWS\WinSxS\amd64_microsoft.windows.common-controls_6595b64144ccf1df_6.0.26100.9278_none_3e0d1ba8e3303201;c:\Users\CHI TAI\.antigravity-ide\extensions\redhat.java-1.56.0-win32-x64\jre\21.0.12.1-win32-x86_64\bin\server

VM Arguments:
jvm_args: --add-modules=ALL-SYSTEM --add-opens=java.base/java.util=ALL-UNNAMED --add-opens=java.base/java.lang=ALL-UNNAMED --add-opens=java.base/sun.nio.fs=ALL-UNNAMED -Declipse.application=org.eclipse.jdt.ls.core.id1 -Dosgi.bundles.defaultStartLevel=4 -Declipse.product=org.eclipse.jdt.ls.core.product -Djava.import.generatesMetadataFilesAtProjectRoot=false -Dm2e.project.cache.size=50 -DDetectVMInstallationsJob.disabled=true -Dfile.encoding=utf8 -XX:+UseParallelGC -XX:GCTimeRatio=4 -XX:AdaptiveSizePolicyWeight=90 -Dsun.zip.disableMemoryMapping=true -Xmx2G -Xms100m -Xlog:disable -javaagent:c:\Users\CHI TAI\.antigravity-ide\extensions\redhat.java-1.56.0-win32-x64\lombok\lombok-1.18.39-4050.jar -XX:+HeapDumpOnOutOfMemoryError -XX:HeapDumpPath=c:\Users\CHI TAI\AppData\Roaming\Antigravity IDE\User\workspaceStorage\7d69b7ec1bea4d07db66e797e26b716f\redhat.java -Daether.dependencyCollector.impl=bf 
java_command: c:\Users\CHI TAI\.antigravity-ide\extensions\redhat.java-1.56.0-win32-x64\server\plugins\org.eclipse.equinox.launcher_1.8.0.v20260804-1928.jar -configuration c:\Users\CHI TAI\AppData\Roaming\Antigravity IDE\User\globalStorage\redhat.java\1.56.0\config_win -data c:\Users\CHI TAI\AppData\Roaming\Antigravity IDE\User\workspaceStorage\7d69b7ec1bea4d07db66e797e26b716f\redhat.java\jdt_ws --pipe=\\.\pipe\lsp-bf46b54cd23c21daef3d57ef83bede87-sock
java_class_path (initial): c:\Users\CHI TAI\.antigravity-ide\extensions\redhat.java-1.56.0-win32-x64\server\plugins\org.eclipse.equinox.launcher_1.8.0.v20260804-1928.jar
Launcher Type: SUN_STANDARD

[Global flags]
    uintx AdaptiveSizePolicyWeight                 = 90                                        {product} {command line}
     intx CICompilerCount                          = 4                                         {product} {ergonomic}
    uintx GCTimeRatio                              = 4                                         {product} {command line}
     bool HeapDumpOnOutOfMemoryError               = true                                   {manageable} {command line}
    ccstr HeapDumpPath                             = c:\Users\CHI TAI\AppData\Roaming\Antigravity IDE\User\workspaceStorage\7d69b7ec1bea4d07db66e797e26b716f\redhat.java         {manageable} {command line}
   size_t InitialHeapSize                          = 104857600                                 {product} {command line}
   size_t MaxHeapSize                              = 2147483648                                {product} {command line}
   size_t MaxNewSize                               = 715653120                                 {product} {ergonomic}
   size_t MinHeapDeltaBytes                        = 524288                                    {product} {ergonomic}
   size_t MinHeapSize                              = 104857600                                 {product} {command line}
   size_t NewSize                                  = 34603008                                  {product} {ergonomic}
    uintx NonNMethodCodeHeapSize                   = 5839372                                {pd product} {ergonomic}
    uintx NonProfiledCodeHeapSize                  = 122909434                              {pd product} {ergonomic}
   size_t OldSize                                  = 70254592                                  {product} {ergonomic}
    uintx ProfiledCodeHeapSize                     = 122909434                              {pd product} {ergonomic}
    uintx ReservedCodeCacheSize                    = 251658240                              {pd product} {ergonomic}
     bool SegmentedCodeCache                       = true                                      {product} {ergonomic}
   size_t SoftMaxHeapSize                          = 2147483648                             {manageable} {ergonomic}
     bool UseCompressedOops                        = true                           {product lp64_product} {ergonomic}
     bool UseLargePagesIndividualAllocation        = false                                  {pd product} {ergonomic}
     bool UseParallelGC                            = true                                      {product} {command line}

Logging:
Log output configuration:
 #0: stdout all=off uptime,level,tags foldmultilines=false
 #1: stderr all=off uptime,level,tags foldmultilines=false

Release file:
JAVA_VERSION="21.0.12.1" 
MODULES="java.base java.compiler java.datatransfer java.xml java.prefs java.desktop java.instrument java.logging java.management java.security.sasl java.naming java.rmi java.management.rmi java.net.http java.scripting java.security.jgss java.transaction.xa java.sql java.sql.rowset java.xml.crypto java.se java.smartcardio jdk.accessibility jdk.internal.jvmstat jdk.attach jdk.charsets jdk.internal.opt jdk.zipfs jdk.compiler jdk.crypto.ec jdk.crypto.cryptoki jdk.crypto.mscapi jdk.dynalink jdk.internal.ed jdk.editpad jdk.hotspot.agent jdk.httpserver jdk.internal.le jdk.internal.vm.ci jdk.internal.vm.compiler jdk.internal.vm.compiler.management jdk.jartool jdk.javadoc jdk.jcmd jdk.management jdk.management.agent jdk.jconsole jdk.jdeps jdk.jdwp.agent jdk.jdi jdk.jfr jdk.jshell jdk.jsobject jdk.jstatd jdk.localedata jdk.management.jfr jdk.naming.dns jdk.naming.rmi jdk.net jdk.nio.mapmode jdk.random jdk.sctp jdk.security.auth jdk.security.jgss jdk.unsupported jdk.unsupported.desktop jdk.xml.dom" 

Environment Variables:
JAVA_HOME=F:" /M
PATH=C:\Program Files\Microsoft SDKs\Azure\CLI2\wbin;C:\Program Files\Microsoft MPI\Bin\;F:\bin;C:\Windows\system32;C:\Windows;C:\Windows\System32\Wbem;C:\Windows\System32\WindowsPowerShell\v1.0\;C:\Windows\System32\OpenSSH\;C:\Program Files (x86)\NVIDIA Corporation\PhysX\Common;C:\Program Files\NVIDIA Corporation\NVIDIA NvDLISR;C:\Program Files\dotnet\;C:\Program Files (x86)\Microsoft SQL Server\170\Tools\Binn\;C:\Program Files\Microsoft SQL Server\170\Tools\Binn\;C:\Program Files\Microsoft SQL Server\Client SDK\ODBC\180\Tools\Binn\;C:\Program Files\Microsoft SQL Server\170\DTS\Binn\;C:\Program Files\Microsoft SQL Server\150\Tools\Binn\;C:\Program Files\Microsoft SQL Server\Client SDK\ODBC\170\Tools\Binn\;C:\Program Files\CodeBlocks\MinGW\bin;C:\WINDOWS\system32;C:\WINDOWS;C:\WINDOWS\System32\Wbem;C:\WINDOWS\System32\WindowsPowerShell\v1.0\;C:\WINDOWS\System32\OpenSSH\;C:\Program Files\Git\cmd;C:\Program Files\Cloudflare\Cloudflare WARP\;C:\Users\CHI TAI\AppData\Local\Programs\Python\Python314\Scripts\;C:\Users\CHI TAI\AppData\Local\Programs\Python\Python314\;C:\Users\CHI TAI\AppData\Local\Programs\Python\Launcher\;C:\Users\CHI TAI\AppData\Local\Microsoft\WindowsApps;C:\Users\CHI TAI\.dotnet\tools;F:\Microsoft VS Code\bin;F:\pycharm\PyCharm 2026.1.3\bin;C:\Users\CHI TAI\AppData\Local\Kingsoft\WPS Office\12.1.0.27458\clitool;C:\Users\CHI TAI\AppData\Local\Programs\DockerDesktop\resources\bin;F:\INTELLIJ IDEA 2026\IntelliJ IDEA 2026.2.1\bin;F:\ANTI\Antigravity IDE\bin
USERNAME=CHI TAI
OS=Windows_NT
PROCESSOR_IDENTIFIER=Intel64 Family 6 Model 186 Stepping 2, GenuineIntel
TMP=C:\Users\CHITAI~1\AppData\Local\Temp
TEMP=C:\Users\CHITAI~1\AppData\Local\Temp




Periodic native trim disabled

---------------  S Y S T E M  ---------------

OS:
 Windows 11 , 64 bit Build 26100 (10.0.26100.9444)
OS uptime: 0 days 2:34 hours
Hyper-V role detected

CPU: total 12 (initial active 12) (6 cores per cpu, 2 threads per core) family 6 model 186 stepping 2 microcode 0x5105, cx8, cmov, fxsr, ht, mmx, 3dnowpref, sse, sse2, sse3, ssse3, sse4.1, sse4.2, popcnt, lzcnt, tsc, tscinvbit, avx, avx2, aes, erms, clmul, bmi1, bmi2, adx, sha, fma, vzeroupper, clflush, clflushopt, clwb, hv, serialize, rdtscp, rdpid, fsrm, f16c, cet_ibt, cet_ss
Processor Information for processor 0
  Max Mhz: 2100, Current Mhz: 2100, Mhz Limit: 2100
Processor Information for processor 1
  Max Mhz: 2100, Current Mhz: 2100, Mhz Limit: 2100
Processor Information for processor 2
  Max Mhz: 2100, Current Mhz: 2100, Mhz Limit: 2100
Processor Information for processor 3
  Max Mhz: 2100, Current Mhz: 2100, Mhz Limit: 2100
Processor Information for processor 4
  Max Mhz: 2100, Current Mhz: 2100, Mhz Limit: 2100
Processor Information for processor 5
  Max Mhz: 2100, Current Mhz: 2100, Mhz Limit: 2100
Processor Information for processor 6
  Max Mhz: 2100, Current Mhz: 2100, Mhz Limit: 2100
Processor Information for processor 7
  Max Mhz: 2100, Current Mhz: 1453, Mhz Limit: 2100
Processor Information for processor 8
  Max Mhz: 2100, Current Mhz: 2100, Mhz Limit: 2100
Processor Information for processor 9
  Max Mhz: 2100, Current Mhz: 2100, Mhz Limit: 2100
Processor Information for processor 10
  Max Mhz: 2100, Current Mhz: 1540, Mhz Limit: 2100
Processor Information for processor 11
  Max Mhz: 2100, Current Mhz: 1540, Mhz Limit: 2100

Memory: 4k page, system-wide physical 7895M (239M free)
TotalPageFile size 21365M (AvailPageFile size 71M)
current process WorkingSet (physical memory assigned to process): 89M, peak: 89M
current process commit charge ("private bytes"): 246M, peak: 246M

vm_info: OpenJDK 64-Bit Server VM (21.0.12.1+1-LTS) for windows-amd64 JRE (21.0.12.1+1-LTS), built on 2026-08-18T00:00:00Z by "admin" with MS VC++ 17.12 (VS2022)

END.
