#
# There is insufficient memory for the Java Runtime Environment to continue.
# Native memory allocation (malloc) failed to allocate 670256 bytes. Error detail: Chunk::new
# Possible reasons:
#   The system is out of physical RAM or swap space
#   This process is running with CompressedOops enabled, and the Java Heap may be blocking the growth of the native heap
# Possible solutions:
#   Reduce memory load on the system
#   Increase physical memory or swap space
#   Check if swap backing store is full
#   Decrease Java heap size (-Xmx/-Xms)
#   Decrease number of Java threads
#   Decrease Java thread stack sizes (-Xss)
#   Set larger code cache with -XX:ReservedCodeCacheSize=
#   JVM is running with Unscaled Compressed Oops mode in which the Java heap is
#     placed in the first 4GB address space. The Java Heap base address is the
#     maximum limit for the native heap growth. Please use -XX:HeapBaseMinAddress
#     to set the Java Heap base and to place the Java Heap above 4GB virtual address.
# This output file may be truncated or incomplete.
#
#  Out of Memory Error (arena.cpp:168), pid=30048, tid=13744
#
# JRE version: OpenJDK Runtime Environment Temurin-21.0.12.1+1 (21.0.12.1+1) (build 21.0.12.1+1-LTS)
# Java VM: OpenJDK 64-Bit Server VM Temurin-21.0.12.1+1 (21.0.12.1+1-LTS, mixed mode, sharing, tiered, compressed oops, compressed class ptrs, parallel gc, windows-amd64)
# No core dump will be written. Minidumps are not enabled by default on client versions of Windows
#

---------------  S U M M A R Y ------------

Command Line: --add-modules=ALL-SYSTEM --add-opens=java.base/java.util=ALL-UNNAMED --add-opens=java.base/java.lang=ALL-UNNAMED --add-opens=java.base/sun.nio.fs=ALL-UNNAMED -Declipse.application=org.eclipse.jdt.ls.core.id1 -Dosgi.bundles.defaultStartLevel=4 -Declipse.product=org.eclipse.jdt.ls.core.product -Djava.import.generatesMetadataFilesAtProjectRoot=false -Dm2e.project.cache.size=50 -DDetectVMInstallationsJob.disabled=true -Dfile.encoding=utf8 -XX:+UseParallelGC -XX:GCTimeRatio=4 -XX:AdaptiveSizePolicyWeight=90 -Dsun.zip.disableMemoryMapping=true -Xmx2G -Xms100m -Xlog:disable -javaagent:c:\Users\CHI TAI\.antigravity-ide\extensions\redhat.java-1.56.0-win32-x64\lombok\lombok-1.18.39-4050.jar -XX:+HeapDumpOnOutOfMemoryError -XX:HeapDumpPath=c:\Users\CHI TAI\AppData\Roaming\Antigravity IDE\User\workspaceStorage\7d69b7ec1bea4d07db66e797e26b716f\redhat.java -Daether.dependencyCollector.impl=bf c:\Users\CHI TAI\.antigravity-ide\extensions\redhat.java-1.56.0-win32-x64\server\plugins\org.eclipse.equinox.launcher_1.8.0.v20260804-1928.jar -configuration c:\Users\CHI TAI\AppData\Roaming\Antigravity IDE\User\globalStorage\redhat.java\1.56.0\config_win -data c:\Users\CHI TAI\AppData\Roaming\Antigravity IDE\User\workspaceStorage\7d69b7ec1bea4d07db66e797e26b716f\redhat.java\jdt_ws --stdio

Host: 13th Gen Intel(R) Core(TM) i5-13420H, 12 cores, 7G,  Windows 11 , 64 bit Build 26100 (10.0.26100.9444)
Time: Tue Oct  6 15:13:13 2026 SE Asia Standard Time elapsed time: 8.357135 seconds (0d 0h 0m 8s)

---------------  T H R E A D  ---------------

Current thread (0x000002227a7fe010):  JavaThread "C2 CompilerThread2" daemon [_thread_in_native, id=13744, stack(0x000000c00ca00000,0x000000c00cb00000) (1024K)]


Current CompileTask:
C2:8357 10429       4       org.eclipse.jdt.internal.compiler.parser.Scanner::internalScanIdentifierOrKeyword (5041 bytes)

Stack: [0x000000c00ca00000,0x000000c00cb00000]
Native frames: (J=compiled Java code, j=interpreted, Vv=VM code, C=native code)
V  [jvm.dll+0x6d83e9]
V  [jvm.dll+0x8b5736]
V  [jvm.dll+0x8b7cee]
V  [jvm.dll+0x8b83d3]
V  [jvm.dll+0x284596]
V  [jvm.dll+0xc685d]
V  [jvm.dll+0xc6da1]
V  [jvm.dll+0x3bf151]
V  [jvm.dll+0x38b6d2]
V  [jvm.dll+0x38ab1a]
V  [jvm.dll+0x24c700]
V  [jvm.dll+0x24bce0]
V  [jvm.dll+0x1cb4ae]
V  [jvm.dll+0x25baad]
V  [jvm.dll+0x25a03a]
V  [jvm.dll+0x3f8aae]
V  [jvm.dll+0x8600cd]
V  [jvm.dll+0x6d6c1d]
C  [ucrtbase.dll+0x2cd30]
C  [KERNEL32.DLL+0x2cd87]
C  [ntdll.dll+0xacaec]


---------------  P R O C E S S  ---------------

Threads class SMR info:
_java_thread_list=0x0000022248645b90, length=64, elements={
0x00000222605c9450, 0x0000022262b94400, 0x0000022262a9e1f0, 0x0000022262b972f0,
0x0000022262b99080, 0x0000022262b99d40, 0x0000022262b9af40, 0x0000022262b9d870,
0x000002227a7fb060, 0x000002227aa568b0, 0x000002227ab3f400, 0x0000022245b98d90,
0x0000022245067110, 0x00000222459af700, 0x00000222459b0550, 0x0000022245dbd780,
0x0000022246212780, 0x000002227a7fbe00, 0x000002227a7fe010, 0x0000022245ce77c0,
0x0000022245e42050, 0x0000022245e3f8f0, 0x0000022245e426e0, 0x0000022245e3f260,
0x0000022245e40610, 0x0000022245e40ca0, 0x0000022245e41330, 0x0000022245e419c0,
0x0000022247e65560, 0x0000022247e65bf0, 0x0000022247e64840, 0x0000022247e66280,
0x0000022247e66fa0, 0x0000022247e64ed0, 0x0000022247e641b0, 0x0000022247e69700,
0x0000022247e69d90, 0x0000022247e67cc0, 0x0000022247e68350, 0x0000022247e689e0,
0x0000022247e69070, 0x0000022247e66910, 0x0000022247e6a420, 0x0000022247e6aab0,
0x0000022247e67630, 0x0000022247e6b140, 0x0000022247e6b7d0, 0x000002224637d450,
0x000002224637dae0, 0x0000022246380240, 0x000002224637cdc0, 0x0000022246380f60,
0x00000222463815f0, 0x000002224637ee90, 0x000002224637e170, 0x00000222463829a0,
0x0000022246381c80, 0x0000022246383030, 0x00000222463836c0, 0x0000022246383d50,
0x0000022246382310, 0x00000222463808d0, 0x00000222463843e0, 0x000002224c5ca430
}

Java Threads: ( => current thread )
  0x00000222605c9450 JavaThread "main"                              [_thread_blocked, id=13248, stack(0x000000c00ac00000,0x000000c00ad00000) (1024K)]
  0x0000022262b94400 JavaThread "Reference Handler"          daemon [_thread_blocked, id=5576, stack(0x000000c00b000000,0x000000c00b100000) (1024K)]
  0x0000022262a9e1f0 JavaThread "Finalizer"                  daemon [_thread_blocked, id=14476, stack(0x000000c00b100000,0x000000c00b200000) (1024K)]
  0x0000022262b972f0 JavaThread "Signal Dispatcher"          daemon [_thread_blocked, id=27628, stack(0x000000c00b200000,0x000000c00b300000) (1024K)]
  0x0000022262b99080 JavaThread "Attach Listener"            daemon [_thread_blocked, id=10176, stack(0x000000c00b300000,0x000000c00b400000) (1024K)]
  0x0000022262b99d40 JavaThread "Service Thread"             daemon [_thread_blocked, id=5808, stack(0x000000c00b400000,0x000000c00b500000) (1024K)]
  0x0000022262b9af40 JavaThread "Monitor Deflation Thread"   daemon [_thread_blocked, id=28468, stack(0x000000c00b500000,0x000000c00b600000) (1024K)]
  0x0000022262b9d870 JavaThread "C2 CompilerThread0"         daemon [_thread_blocked, id=28288, stack(0x000000c00b600000,0x000000c00b700000) (1024K)]
  0x000002227a7fb060 JavaThread "C1 CompilerThread0"         daemon [_thread_blocked, id=22452, stack(0x000000c00b700000,0x000000c00b800000) (1024K)]
  0x000002227aa568b0 JavaThread "Common-Cleaner"             daemon [_thread_blocked, id=30336, stack(0x000000c00b900000,0x000000c00ba00000) (1024K)]
  0x000002227ab3f400 JavaThread "Notification Thread"        daemon [_thread_blocked, id=22444, stack(0x000000c00ba00000,0x000000c00bb00000) (1024K)]
  0x0000022245b98d90 JavaThread "Active Thread: Equinox Container: 8b9101b7-d915-4841-9e2e-bef567076fcd"        [_thread_blocked, id=27232, stack(0x000000c00c200000,0x000000c00c300000) (1024K)]
  0x0000022245067110 JavaThread "Refresh Thread: Equinox Container: 8b9101b7-d915-4841-9e2e-bef567076fcd" daemon [_thread_blocked, id=26828, stack(0x000000c00c400000,0x000000c00c500000) (1024K)]
  0x00000222459af700 JavaThread "Framework Event Dispatcher: Equinox Container: 8b9101b7-d915-4841-9e2e-bef567076fcd" daemon [_thread_blocked, id=29724, stack(0x000000c00c500000,0x000000c00c600000) (1024K)]
  0x00000222459b0550 JavaThread "Start Level: Equinox Container: 8b9101b7-d915-4841-9e2e-bef567076fcd" daemon [_thread_blocked, id=26500, stack(0x000000c00c600000,0x000000c00c700000) (1024K)]
  0x0000022245dbd780 JavaThread "Bundle File Closer"         daemon [_thread_blocked, id=30348, stack(0x000000c00c900000,0x000000c00ca00000) (1024K)]
  0x0000022246212780 JavaThread "SCR Component Actor"        daemon [_thread_blocked, id=29064, stack(0x000000c00b800000,0x000000c00b900000) (1024K)]
  0x000002227a7fbe00 JavaThread "C2 CompilerThread1"         daemon [_thread_in_native, id=30144, stack(0x000000c00bb00000,0x000000c00bc00000) (1024K)]
=>0x000002227a7fe010 JavaThread "C2 CompilerThread2"         daemon [_thread_in_native, id=13744, stack(0x000000c00ca00000,0x000000c00cb00000) (1024K)]
  0x0000022245ce77c0 JavaThread "Worker-JM"                         [_thread_blocked, id=29452, stack(0x000000c00cb00000,0x000000c00cc00000) (1024K)]
  0x0000022245e42050 JavaThread "JNA Cleaner"                daemon [_thread_blocked, id=28852, stack(0x000000c00cc00000,0x000000c00cd00000) (1024K)]
  0x0000022245e3f8f0 JavaThread "Worker-0"                          [_thread_blocked, id=26360, stack(0x000000c00cd00000,0x000000c00ce00000) (1024K)]
  0x0000022245e426e0 JavaThread "Worker-1"                          [_thread_blocked, id=13236, stack(0x000000c00ce00000,0x000000c00cf00000) (1024K)]
  0x0000022245e3f260 JavaThread "Java indexing"              daemon [_thread_blocked, id=25004, stack(0x000000c00cf00000,0x000000c00d000000) (1024K)]
  0x0000022245e40610 JavaThread "Worker-2"                          [_thread_blocked, id=17644, stack(0x000000c00d200000,0x000000c00d300000) (1024K)]
  0x0000022245e40ca0 JavaThread "Worker-3: Building"                [_thread_in_native, id=25732, stack(0x000000c00d300000,0x000000c00d400000) (1024K)]
  0x0000022245e41330 JavaThread "pool-2-thread-1"                   [_thread_blocked, id=27032, stack(0x000000c00d400000,0x000000c00d500000) (1024K)]
  0x0000022245e419c0 JavaThread "WorkspaceEventsHandler"            [_thread_blocked, id=26880, stack(0x000000c00d500000,0x000000c00d600000) (1024K)]
  0x0000022247e65560 JavaThread "pool-1-thread-1"                   [_thread_blocked, id=24840, stack(0x000000c00d600000,0x000000c00d700000) (1024K)]
  0x0000022247e65bf0 JavaThread "Worker-4: Java indexing... "        [_thread_blocked, id=3588, stack(0x000000c00d700000,0x000000c00d800000) (1024K)]
  0x0000022247e64840 JavaThread "Worker-5"                          [_thread_blocked, id=30448, stack(0x000000c00d800000,0x000000c00d900000) (1024K)]
  0x0000022247e66280 JavaThread "LocalFile Deleter"          daemon [_thread_blocked, id=30328, stack(0x000000c00d900000,0x000000c00da00000) (1024K)]
  0x0000022247e66fa0 JavaThread "LocalFile Deleter"          daemon [_thread_blocked, id=29536, stack(0x000000c00da00000,0x000000c00db00000) (1024K)]
  0x0000022247e64ed0 JavaThread "LocalFile Deleter"          daemon [_thread_blocked, id=5968, stack(0x000000c00db00000,0x000000c00dc00000) (1024K)]
  0x0000022247e641b0 JavaThread "LocalFile Deleter"          daemon [_thread_blocked, id=25344, stack(0x000000c00dc00000,0x000000c00dd00000) (1024K)]
  0x0000022247e69700 JavaThread "LocalFile Deleter"          daemon [_thread_blocked, id=21032, stack(0x000000c00dd00000,0x000000c00de00000) (1024K)]
  0x0000022247e69d90 JavaThread "LocalFile Deleter"          daemon [_thread_blocked, id=4452, stack(0x000000c00de00000,0x000000c00df00000) (1024K)]
  0x0000022247e67cc0 JavaThread "LocalFile Deleter"          daemon [_thread_blocked, id=992, stack(0x000000c00df00000,0x000000c00e000000) (1024K)]
  0x0000022247e68350 JavaThread "LocalFile Deleter"          daemon [_thread_blocked, id=29640, stack(0x000000c00e000000,0x000000c00e100000) (1024K)]
  0x0000022247e689e0 JavaThread "LocalFile Deleter"          daemon [_thread_blocked, id=30512, stack(0x000000c00e100000,0x000000c00e200000) (1024K)]
  0x0000022247e69070 JavaThread "LocalFile Deleter"          daemon [_thread_blocked, id=25536, stack(0x000000c00e200000,0x000000c00e300000) (1024K)]
  0x0000022247e66910 JavaThread "LocalFile Deleter"          daemon [_thread_blocked, id=26708, stack(0x000000c00e300000,0x000000c00e400000) (1024K)]
  0x0000022247e6a420 JavaThread "LocalFile Deleter"          daemon [_thread_blocked, id=16728, stack(0x000000c00e400000,0x000000c00e500000) (1024K)]
  0x0000022247e6aab0 JavaThread "Compiler Source File Reader" daemon [_thread_blocked, id=29136, stack(0x000000c00e500000,0x000000c00e600000) (1024K)]
  0x0000022247e67630 JavaThread "Compiler Source File Reader" daemon [_thread_blocked, id=18816, stack(0x000000c00e600000,0x000000c00e700000) (1024K)]
  0x0000022247e6b140 JavaThread "Compiler Source File Reader" daemon [_thread_blocked, id=26100, stack(0x000000c00e700000,0x000000c00e800000) (1024K)]
  0x0000022247e6b7d0 JavaThread "Compiler Source File Reader" daemon [_thread_blocked, id=10780, stack(0x000000c00e800000,0x000000c00e900000) (1024K)]
  0x000002224637d450 JavaThread "Compiler Source File Reader" daemon [_thread_blocked, id=28516, stack(0x000000c00e900000,0x000000c00ea00000) (1024K)]
  0x000002224637dae0 JavaThread "Compiler Source File Reader" daemon [_thread_blocked, id=24432, stack(0x000000c00ea00000,0x000000c00eb00000) (1024K)]
  0x0000022246380240 JavaThread "Compiler Source File Reader" daemon [_thread_blocked, id=1412, stack(0x000000c00eb00000,0x000000c00ec00000) (1024K)]
  0x000002224637cdc0 JavaThread "Compiler Source File Reader" daemon [_thread_blocked, id=19368, stack(0x000000c00ec00000,0x000000c00ed00000) (1024K)]
  0x0000022246380f60 JavaThread "Compiler Source File Reader" daemon [_thread_blocked, id=12420, stack(0x000000c00ed00000,0x000000c00ee00000) (1024K)]
  0x00000222463815f0 JavaThread "Compiler Source File Reader" daemon [_thread_blocked, id=23836, stack(0x000000c00ee00000,0x000000c00ef00000) (1024K)]
  0x000002224637ee90 JavaThread "Compiler Processing Task"   daemon [_thread_blocked, id=260, stack(0x000000c00ef00000,0x000000c00f000000) (1024K)]
  0x000002224637e170 JavaThread "Compiler Class File Writer" daemon [_thread_blocked, id=26456, stack(0x000000c00f000000,0x000000c00f100000) (1024K)]
  0x00000222463829a0 JavaThread "Compiler Class File Writer" daemon [_thread_blocked, id=21020, stack(0x000000c00f100000,0x000000c00f200000) (1024K)]
  0x0000022246381c80 JavaThread "Compiler Class File Writer" daemon [_thread_blocked, id=29568, stack(0x000000c00f200000,0x000000c00f300000) (1024K)]
  0x0000022246383030 JavaThread "Compiler Class File Writer" daemon [_thread_blocked, id=26416, stack(0x000000c00f300000,0x000000c00f400000) (1024K)]
  0x00000222463836c0 JavaThread "Compiler Class File Writer" daemon [_thread_blocked, id=29768, stack(0x000000c00f400000,0x000000c00f500000) (1024K)]
  0x0000022246383d50 JavaThread "Compiler Class File Writer" daemon [_thread_blocked, id=22440, stack(0x000000c00f500000,0x000000c00f600000) (1024K)]
  0x0000022246382310 JavaThread "Compiler Class File Writer" daemon [_thread_blocked, id=14980, stack(0x000000c00f600000,0x000000c00f700000) (1024K)]
  0x00000222463808d0 JavaThread "Compiler Class File Writer" daemon [_thread_blocked, id=28960, stack(0x000000c00f700000,0x000000c00f800000) (1024K)]
  0x00000222463843e0 JavaThread "Compiler Class File Writer" daemon [_thread_blocked, id=30320, stack(0x000000c00f800000,0x000000c00f900000) (1024K)]
  0x000002224c5ca430 JavaThread "Compiler Class File Writer" daemon [_thread_blocked, id=28040, stack(0x000000c00f900000,0x000000c00fa00000) (1024K)]
Total: 64

Other Threads:
  0x0000022262b8faf0 VMThread "VM Thread"                           [id=22516, stack(0x000000c00af00000,0x000000c00b000000) (1024K)]
  0x000002226297ca00 WatcherThread "VM Periodic Task Thread"        [id=30424, stack(0x000000c00ae00000,0x000000c00af00000) (1024K)]
  0x0000022262b0d2b0 WorkerThread "GC Thread#0"                     [id=28540, stack(0x000000c00ad00000,0x000000c00ae00000) (1024K)]
  0x00000222455af4d0 WorkerThread "GC Thread#1"                     [id=29352, stack(0x000000c00bc00000,0x000000c00bd00000) (1024K)]
  0x0000022245983a20 WorkerThread "GC Thread#2"                     [id=29176, stack(0x000000c00bd00000,0x000000c00be00000) (1024K)]
  0x00000222457efee0 WorkerThread "GC Thread#3"                     [id=13276, stack(0x000000c00be00000,0x000000c00bf00000) (1024K)]
  0x00000222457f0290 WorkerThread "GC Thread#4"                     [id=23596, stack(0x000000c00bf00000,0x000000c00c000000) (1024K)]
  0x00000222457f0a40 WorkerThread "GC Thread#5"                     [id=30204, stack(0x000000c00c000000,0x000000c00c100000) (1024K)]
  0x00000222453d8c20 WorkerThread "GC Thread#6"                     [id=28500, stack(0x000000c00c100000,0x000000c00c200000) (1024K)]
  0x00000222452b15b0 WorkerThread "GC Thread#7"                     [id=28084, stack(0x000000c00c300000,0x000000c00c400000) (1024K)]
  0x00000222452b2470 WorkerThread "GC Thread#8"                     [id=8220, stack(0x000000c00c700000,0x000000c00c800000) (1024K)]
  0x00000222452b0e50 WorkerThread "GC Thread#9"                     [id=24312, stack(0x000000c00c800000,0x000000c00c900000) (1024K)]
Total: 12

Threads with active compile tasks:
C2 CompilerThread0  8393 10423   !   4       org.eclipse.osgi.internal.loader.classpath.ClasspathManager::defineClass (636 bytes)
C2 CompilerThread1  8393 10425   !   4       org.eclipse.osgi.internal.loader.ModuleClassLoader::defineClass (67 bytes)
C2 CompilerThread2  8393 10429       4       org.eclipse.jdt.internal.compiler.parser.Scanner::internalScanIdentifierOrKeyword (5041 bytes)
Total: 3

VM state: at safepoint (normal execution)

VM Mutex/Monitor currently owned by a thread:  ([mutex/lock_event])
[0x00007ffc958ff5b0] Threads_lock - owner thread: 0x0000022262b8faf0
[0x00007ffc958ff6b0] Heap_lock - owner thread: 0x0000022245e3f260

Heap address: 0x0000000080000000, size: 2048 MB, Compressed Oops mode: 32-bit

CDS archive(s) mapped at: [0x0000022200000000-0x0000022200ba0000-0x0000022200ba0000), size 12189696, SharedBaseAddress: 0x0000022200000000, ArchiveRelocationMode: 1.
Compressed class space mapped at: 0x0000022201000000-0x0000022241000000, reserved size: 1073741824
Narrow klass base: 0x0000022200000000, Narrow klass shift: 0, Narrow klass range: 0x100000000

GC Precious Log:
 CardTable entry size: 512
 CPUs: 12 total, 12 available
 Memory: 7895M
 Large Page Support: Disabled
 NUMA Support: Disabled
 Compressed Oops: Enabled (32-bit)
 Alignments: Space 512K, Generation 512K, Heap 2M
 Heap Min Capacity: 100M
 Heap Initial Capacity: 100M
 Heap Max Capacity: 2G
 Pre-touch: Disabled
 Parallel Workers: 10

Heap:
 PSYoungGen      total 5120K, used 4736K [0x00000000d5580000, 0x00000000d5c00000, 0x0000000100000000)
  eden space 4096K, 100% used [0x00000000d5580000,0x00000000d5980000,0x00000000d5980000)
  from space 1024K, 62% used [0x00000000d5b00000,0x00000000d5ba0000,0x00000000d5c00000)
  to   space 1024K, 98% used [0x00000000d5980000,0x00000000d5a7afa0,0x00000000d5a80000)
 ParOldGen       total 199680K, used 199282K [0x0000000080000000, 0x000000008c300000, 0x00000000d5580000)
  object space 199680K, 99% used [0x0000000080000000,0x000000008c29c9c8,0x000000008c300000)
 Metaspace       used 59247K, committed 60672K, reserved 1114112K
  class space    used 6381K, committed 7040K, reserved 1048576K

Card table byte_map: [0x0000022262490000,0x00000222628a0000] _byte_map_base: 0x0000022262090000

Marking Bits: (ParMarkBitMap*) 0x00007ffc959044a0
 Begin Bits: [0x0000022274fa0000, 0x0000022276fa0000)
 End Bits:   [0x0000022276fa0000, 0x0000022278fa0000)

Polling page: 0x0000022260900000

Metaspace:

Usage:
  Non-class:     51.63 MB used.
      Class:      6.23 MB used.
       Both:     57.86 MB used.

Virtual space:
  Non-class space:       64.00 MB reserved,      52.38 MB ( 82%) committed,  1 nodes.
      Class space:        1.00 GB reserved,       6.88 MB ( <1%) committed,  1 nodes.
             Both:        1.06 GB reserved,      59.25 MB (  5%) committed. 

Chunk freelists:
   Non-Class:  11.39 MB
       Class:  9.09 MB
        Both:  20.48 MB

MaxMetaspaceSize: unlimited
CompressedClassSpaceSize: 1.00 GB
Initial GC threshold: 21.00 MB
Current GC threshold: 97.31 MB
CDS: on
 - commit_granule_bytes: 65536.
 - commit_granule_words: 8192.
 - virtual_space_node_default_size: 8388608.
 - enlarge_chunks_in_place: 1.
 - use_allocation_guard: 0.


Internal statistics:

num_allocs_failed_limit: 9.
num_arena_births: 1198.
num_arena_deaths: 30.
num_vsnodes_births: 2.
num_vsnodes_deaths: 0.
num_space_committed: 948.
num_space_uncommitted: 0.
num_chunks_returned_to_freelist: 46.
num_chunks_taken_from_freelist: 4107.
num_chunk_merges: 15.
num_chunk_splits: 2442.
num_chunks_enlarged: 1291.
num_inconsistent_stats: 0.

CodeHeap 'non-profiled nmethods': size=120000Kb used=5965Kb max_used=5965Kb free=114034Kb
 bounds [0x000002226d7c0000, 0x000002226dda0000, 0x0000022274cf0000]
CodeHeap 'profiled nmethods': size=120000Kb used=19693Kb max_used=19693Kb free=100306Kb
 bounds [0x0000022265cf0000, 0x0000022267030000, 0x000002226d220000]
CodeHeap 'non-nmethods': size=5760Kb used=1422Kb max_used=1481Kb free=4337Kb
 bounds [0x000002226d220000, 0x000002226d490000, 0x000002226d7c0000]
CodeCache: size=245760Kb, used=27080Kb, max_used=27139Kb, free=218677Kb
 total_blobs=10379, nmethods=9655, adapters=629, full_count=0
Compilation: enabled, stopped_count=0, restarted_count=0

Compilation events (20 events):
Event: 8.269 Thread 0x000002227a7fbe00 nmethod 10417 0x000002226dd8fd10 code [0x000002226dd8fec0, 0x000002226dd900e0]
Event: 8.269 Thread 0x000002227a7fe010 10424       4       org.eclipse.osgi.internal.loader.classpath.ClasspathManager::definePackage (162 bytes)
Event: 8.269 Thread 0x000002227a7fb060 nmethod 10421 0x0000022267028b10 code [0x0000022267028ce0, 0x00000222670290e8]
Event: 8.269 Thread 0x000002227a7fbe00 10425   !   4       org.eclipse.osgi.internal.loader.ModuleClassLoader::defineClass (67 bytes)
Event: 8.269 Thread 0x000002227a7fb060 10420       3       java.lang.StackTraceElement::of (39 bytes)
Event: 8.270 Thread 0x000002227a7fb060 nmethod 10420 0x0000022267029290 code [0x0000022267029480, 0x00000222670299a8]
Event: 8.270 Thread 0x000002227a7fb060 10419       3       com.google.inject.internal.ProvidesMethodScanner::annotationClasses (4 bytes)
Event: 8.270 Thread 0x000002227a7fb060 nmethod 10419 0x0000022267029b90 code [0x0000022267029d20, 0x0000022267029e38]
Event: 8.277 Thread 0x000002227a7fb060 10426   !   3       java.lang.ref.Reference::processPendingReferences (118 bytes)
Event: 8.277 Thread 0x000002227a7fb060 nmethod 10426 0x0000022267029f10 code [0x000002226702a160, 0x000002226702ab10]
Event: 8.292 Thread 0x000002227a7fe010 nmethod 10424 0x000002226dd90690 code [0x000002226dd909a0, 0x000002226dd92190]
Event: 8.292 Thread 0x000002227a7fe010 10428       4       java.util.ArrayDeque::poll (5 bytes)
Event: 8.293 Thread 0x000002227a7fe010 nmethod 10428 0x000002226dd93390 code [0x000002226dd93520, 0x000002226dd93618]
Event: 8.321 Thread 0x000002227a7fe010 10429       4       org.eclipse.jdt.internal.compiler.parser.Scanner::internalScanIdentifierOrKeyword (5041 bytes)
Event: 8.321 Thread 0x000002227a7fb060 10430       3       org.eclipse.jdt.internal.core.search.matching.ModulePattern::createIndexKey (2 bytes)
Event: 8.322 Thread 0x000002227a7fb060 nmethod 10430 0x00000222660c0510 code [0x00000222660c06a0, 0x00000222660c0790]
Event: 8.322 Thread 0x000002227a7fb060 10431       3       org.eclipse.jdt.internal.core.search.indexing.AbstractIndexer::addModuleExportedPackages (42 bytes)
Event: 8.322 Thread 0x000002227a7fb060 nmethod 10431 0x000002226702ae10 code [0x000002226702b020, 0x000002226702b670]
Event: 8.322 Thread 0x000002227a7fb060 10432       3       org.eclipse.jdt.internal.core.search.indexing.AbstractIndexer::addModuleReference (12 bytes)
Event: 8.322 Thread 0x000002227a7fb060 nmethod 10432 0x000002226702b990 code [0x000002226702bb80, 0x000002226702c0e8]

GC Heap History (20 events):
Event: 8.243 GC heap before
{Heap before GC invocations=148 (full 3):
 PSYoungGen      total 5632K, used 5458K [0x00000000d5580000, 0x00000000d5c80000, 0x0000000100000000)
  eden space 4608K, 100% used [0x00000000d5580000,0x00000000d5a00000,0x00000000d5a00000)
  from space 1024K, 83% used [0x00000000d5b80000,0x00000000d5c54868,0x00000000d5c80000)
  to   space 1024K, 0% used [0x00000000d5a00000,0x00000000d5a00000,0x00000000d5b00000)
 ParOldGen       total 191488K, used 191226K [0x0000000080000000, 0x000000008bb00000, 0x00000000d5580000)
  object space 191488K, 99% used [0x0000000080000000,0x000000008babe8f8,0x000000008bb00000)
 Metaspace       used 59115K, committed 60544K, reserved 1114112K
  class space    used 6371K, committed 7040K, reserved 1048576K
}
Event: 8.244 GC heap after
{Heap after GC invocations=148 (full 3):
 PSYoungGen      total 5632K, used 901K [0x00000000d5580000, 0x00000000d5c00000, 0x0000000100000000)
  eden space 4608K, 0% used [0x00000000d5580000,0x00000000d5580000,0x00000000d5a00000)
  from space 1024K, 88% used [0x00000000d5a00000,0x00000000d5ae15e8,0x00000000d5b00000)
  to   space 1024K, 0% used [0x00000000d5b00000,0x00000000d5b00000,0x00000000d5c00000)
 ParOldGen       total 192000K, used 191888K [0x0000000080000000, 0x000000008bb80000, 0x00000000d5580000)
  object space 192000K, 99% used [0x0000000080000000,0x000000008bb643e0,0x000000008bb80000)
 Metaspace       used 59115K, committed 60544K, reserved 1114112K
  class space    used 6371K, committed 7040K, reserved 1048576K
}
Event: 8.252 GC heap before
{Heap before GC invocations=149 (full 3):
 PSYoungGen      total 5632K, used 5509K [0x00000000d5580000, 0x00000000d5c00000, 0x0000000100000000)
  eden space 4608K, 100% used [0x00000000d5580000,0x00000000d5a00000,0x00000000d5a00000)
  from space 1024K, 88% used [0x00000000d5a00000,0x00000000d5ae15e8,0x00000000d5b00000)
  to   space 1024K, 0% used [0x00000000d5b00000,0x00000000d5b00000,0x00000000d5c00000)
 ParOldGen       total 192000K, used 191888K [0x0000000080000000, 0x000000008bb80000, 0x00000000d5580000)
  object space 192000K, 99% used [0x0000000080000000,0x000000008bb643e0,0x000000008bb80000)
 Metaspace       used 59117K, committed 60544K, reserved 1114112K
  class space    used 6371K, committed 7040K, reserved 1048576K
}
Event: 8.253 GC heap after
{Heap after GC invocations=149 (full 3):
 PSYoungGen      total 5632K, used 853K [0x00000000d5580000, 0x00000000d5c00000, 0x0000000100000000)
  eden space 4608K, 0% used [0x00000000d5580000,0x00000000d5580000,0x00000000d5a00000)
  from space 1024K, 83% used [0x00000000d5b00000,0x00000000d5bd55b0,0x00000000d5c00000)
  to   space 1024K, 0% used [0x00000000d5a00000,0x00000000d5a00000,0x00000000d5b00000)
 ParOldGen       total 193024K, used 192657K [0x0000000080000000, 0x000000008bc80000, 0x00000000d5580000)
  object space 193024K, 99% used [0x0000000080000000,0x000000008bc24478,0x000000008bc80000)
 Metaspace       used 59117K, committed 60544K, reserved 1114112K
  class space    used 6371K, committed 7040K, reserved 1048576K
}
Event: 8.258 GC heap before
{Heap before GC invocations=150 (full 3):
 PSYoungGen      total 5632K, used 5461K [0x00000000d5580000, 0x00000000d5c00000, 0x0000000100000000)
  eden space 4608K, 100% used [0x00000000d5580000,0x00000000d5a00000,0x00000000d5a00000)
  from space 1024K, 83% used [0x00000000d5b00000,0x00000000d5bd55b0,0x00000000d5c00000)
  to   space 1024K, 0% used [0x00000000d5a00000,0x00000000d5a00000,0x00000000d5b00000)
 ParOldGen       total 193024K, used 192657K [0x0000000080000000, 0x000000008bc80000, 0x00000000d5580000)
  object space 193024K, 99% used [0x0000000080000000,0x000000008bc24478,0x000000008bc80000)
 Metaspace       used 59132K, committed 60608K, reserved 1114112K
  class space    used 6374K, committed 7040K, reserved 1048576K
}
Event: 8.259 GC heap after
{Heap after GC invocations=150 (full 3):
 PSYoungGen      total 5632K, used 1023K [0x00000000d5580000, 0x00000000d5e00000, 0x0000000100000000)
  eden space 4608K, 0% used [0x00000000d5580000,0x00000000d5580000,0x00000000d5a00000)
  from space 1024K, 99% used [0x00000000d5a00000,0x00000000d5affff8,0x00000000d5b00000)
  to   space 2048K, 0% used [0x00000000d5c00000,0x00000000d5c00000,0x00000000d5e00000)
 ParOldGen       total 193536K, used 193361K [0x0000000080000000, 0x000000008bd00000, 0x00000000d5580000)
  object space 193536K, 99% used [0x0000000080000000,0x000000008bcd4730,0x000000008bd00000)
 Metaspace       used 59132K, committed 60608K, reserved 1114112K
  class space    used 6374K, committed 7040K, reserved 1048576K
}
Event: 8.265 GC heap before
{Heap before GC invocations=151 (full 3):
 PSYoungGen      total 5632K, used 5631K [0x00000000d5580000, 0x00000000d5e00000, 0x0000000100000000)
  eden space 4608K, 100% used [0x00000000d5580000,0x00000000d5a00000,0x00000000d5a00000)
  from space 1024K, 99% used [0x00000000d5a00000,0x00000000d5affff8,0x00000000d5b00000)
  to   space 2048K, 0% used [0x00000000d5c00000,0x00000000d5c00000,0x00000000d5e00000)
 ParOldGen       total 193536K, used 193363K [0x0000000080000000, 0x000000008bd00000, 0x00000000d5580000)
  object space 193536K, 99% used [0x0000000080000000,0x000000008bcd4dc0,0x000000008bd00000)
 Metaspace       used 59225K, committed 60672K, reserved 1114112K
  class space    used 6378K, committed 7040K, reserved 1048576K
}
Event: 8.266 GC heap after
{Heap after GC invocations=151 (full 3):
 PSYoungGen      total 5632K, used 875K [0x00000000d5580000, 0x00000000d5d00000, 0x0000000100000000)
  eden space 4608K, 0% used [0x00000000d5580000,0x00000000d5580000,0x00000000d5a00000)
  from space 1024K, 85% used [0x00000000d5c00000,0x00000000d5cdac50,0x00000000d5d00000)
  to   space 1536K, 0% used [0x00000000d5a00000,0x00000000d5a00000,0x00000000d5b80000)
 ParOldGen       total 194560K, used 194325K [0x0000000080000000, 0x000000008be00000, 0x00000000d5580000)
  object space 194560K, 99% used [0x0000000080000000,0x000000008bdc56b8,0x000000008be00000)
 Metaspace       used 59225K, committed 60672K, reserved 1114112K
  class space    used 6378K, committed 7040K, reserved 1048576K
}
Event: 8.275 GC heap before
{Heap before GC invocations=152 (full 3):
 PSYoungGen      total 5632K, used 5483K [0x00000000d5580000, 0x00000000d5d00000, 0x0000000100000000)
  eden space 4608K, 100% used [0x00000000d5580000,0x00000000d5a00000,0x00000000d5a00000)
  from space 1024K, 85% used [0x00000000d5c00000,0x00000000d5cdac50,0x00000000d5d00000)
  to   space 1536K, 0% used [0x00000000d5a00000,0x00000000d5a00000,0x00000000d5b80000)
 ParOldGen       total 194560K, used 194329K [0x0000000080000000, 0x000000008be00000, 0x00000000d5580000)
  object space 194560K, 99% used [0x0000000080000000,0x000000008bdc65d0,0x000000008be00000)
 Metaspace       used 59245K, committed 60672K, reserved 1114112K
  class space    used 6381K, committed 7040K, reserved 1048576K
}
Event: 8.276 GC heap after
{Heap after GC invocations=152 (full 3):
 PSYoungGen      total 6144K, used 866K [0x00000000d5580000, 0x00000000d5c80000, 0x0000000100000000)
  eden space 4608K, 0% used [0x00000000d5580000,0x00000000d5580000,0x00000000d5a00000)
  from space 1536K, 56% used [0x00000000d5a00000,0x00000000d5ad8b08,0x00000000d5b80000)
  to   space 1024K, 0% used [0x00000000d5b80000,0x00000000d5b80000,0x00000000d5c80000)
 ParOldGen       total 195072K, used 195050K [0x0000000080000000, 0x000000008be80000, 0x00000000d5580000)
  object space 195072K, 99% used [0x0000000080000000,0x000000008be7ab60,0x000000008be80000)
 Metaspace       used 59245K, committed 60672K, reserved 1114112K
  class space    used 6381K, committed 7040K, reserved 1048576K
}
Event: 8.290 GC heap before
{Heap before GC invocations=153 (full 3):
 PSYoungGen      total 6144K, used 5445K [0x00000000d5580000, 0x00000000d5c80000, 0x0000000100000000)
  eden space 4608K, 99% used [0x00000000d5580000,0x00000000d59f8c40,0x00000000d5a00000)
  from space 1536K, 56% used [0x00000000d5a00000,0x00000000d5ad8b08,0x00000000d5b80000)
  to   space 1024K, 0% used [0x00000000d5b80000,0x00000000d5b80000,0x00000000d5c80000)
 ParOldGen       total 195072K, used 195050K [0x0000000080000000, 0x000000008be80000, 0x00000000d5580000)
  object space 195072K, 99% used [0x0000000080000000,0x000000008be7ab60,0x000000008be80000)
 Metaspace       used 59246K, committed 60672K, reserved 1114112K
  class space    used 6381K, committed 7040K, reserved 1048576K
}
Event: 8.291 GC heap after
{Heap after GC invocations=153 (full 3):
 PSYoungGen      total 5632K, used 875K [0x00000000d5580000, 0x00000000d5c80000, 0x0000000100000000)
  eden space 4608K, 0% used [0x00000000d5580000,0x00000000d5580000,0x00000000d5a00000)
  from space 1024K, 85% used [0x00000000d5b80000,0x00000000d5c5adb8,0x00000000d5c80000)
  to   space 1024K, 0% used [0x00000000d5a80000,0x00000000d5a80000,0x00000000d5b80000)
 ParOldGen       total 196096K, used 195818K [0x0000000080000000, 0x000000008bf80000, 0x00000000d5580000)
  object space 196096K, 99% used [0x0000000080000000,0x000000008bf3a950,0x000000008bf80000)
 Metaspace       used 59246K, committed 60672K, reserved 1114112K
  class space    used 6381K, committed 7040K, reserved 1048576K
}
Event: 8.304 GC heap before
{Heap before GC invocations=154 (full 3):
 PSYoungGen      total 5632K, used 5478K [0x00000000d5580000, 0x00000000d5c80000, 0x0000000100000000)
  eden space 4608K, 99% used [0x00000000d5580000,0x00000000d59febf0,0x00000000d5a00000)
  from space 1024K, 85% used [0x00000000d5b80000,0x00000000d5c5adb8,0x00000000d5c80000)
  to   space 1024K, 0% used [0x00000000d5a80000,0x00000000d5a80000,0x00000000d5b80000)
 ParOldGen       total 196096K, used 195818K [0x0000000080000000, 0x000000008bf80000, 0x00000000d5580000)
  object space 196096K, 99% used [0x0000000080000000,0x000000008bf3a950,0x000000008bf80000)
 Metaspace       used 59246K, committed 60672K, reserved 1114112K
  class space    used 6381K, committed 7040K, reserved 1048576K
}
Event: 8.305 GC heap after
{Heap after GC invocations=154 (full 3):
 PSYoungGen      total 5632K, used 971K [0x00000000d5580000, 0x00000000d5c00000, 0x0000000100000000)
  eden space 4608K, 0% used [0x00000000d5580000,0x00000000d5580000,0x00000000d5a00000)
  from space 1024K, 94% used [0x00000000d5a80000,0x00000000d5b72e68,0x00000000d5b80000)
  to   space 512K, 0% used [0x00000000d5b80000,0x00000000d5b80000,0x00000000d5c00000)
 ParOldGen       total 196608K, used 196520K [0x0000000080000000, 0x000000008c000000, 0x00000000d5580000)
  object space 196608K, 99% used [0x0000000080000000,0x000000008bfea280,0x000000008c000000)
 Metaspace       used 59246K, committed 60672K, reserved 1114112K
  class space    used 6381K, committed 7040K, reserved 1048576K
}
Event: 8.316 GC heap before
{Heap before GC invocations=155 (full 3):
 PSYoungGen      total 5632K, used 5578K [0x00000000d5580000, 0x00000000d5c00000, 0x0000000100000000)
  eden space 4608K, 99% used [0x00000000d5580000,0x00000000d59ffd90,0x00000000d5a00000)
  from space 1024K, 94% used [0x00000000d5a80000,0x00000000d5b72e68,0x00000000d5b80000)
  to   space 512K, 0% used [0x00000000d5b80000,0x00000000d5b80000,0x00000000d5c00000)
 ParOldGen       total 196608K, used 196520K [0x0000000080000000, 0x000000008c000000, 0x00000000d5580000)
  object space 196608K, 99% used [0x0000000080000000,0x000000008bfea280,0x000000008c000000)
 Metaspace       used 59246K, committed 60672K, reserved 1114112K
  class space    used 6381K, committed 7040K, reserved 1048576K
}
Event: 8.317 GC heap after
{Heap after GC invocations=155 (full 3):
 PSYoungGen      total 4608K, used 498K [0x00000000d5580000, 0x00000000d5e00000, 0x0000000100000000)
  eden space 4096K, 0% used [0x00000000d5580000,0x00000000d5580000,0x00000000d5980000)
  from space 512K, 97% used [0x00000000d5b80000,0x00000000d5bfcb80,0x00000000d5c00000)
  to   space 2048K, 0% used [0x00000000d5980000,0x00000000d5980000,0x00000000d5b80000)
 ParOldGen       total 197632K, used 197586K [0x0000000080000000, 0x000000008c100000, 0x00000000d5580000)
  object space 197632K, 99% used [0x0000000080000000,0x000000008c0f48a0,0x000000008c100000)
 Metaspace       used 59246K, committed 60672K, reserved 1114112K
  class space    used 6381K, committed 7040K, reserved 1048576K
}
Event: 8.328 GC heap before
{Heap before GC invocations=156 (full 3):
 PSYoungGen      total 4608K, used 4594K [0x00000000d5580000, 0x00000000d5e00000, 0x0000000100000000)
  eden space 4096K, 100% used [0x00000000d5580000,0x00000000d5980000,0x00000000d5980000)
  from space 512K, 97% used [0x00000000d5b80000,0x00000000d5bfcb80,0x00000000d5c00000)
  to   space 2048K, 0% used [0x00000000d5980000,0x00000000d5980000,0x00000000d5b80000)
 ParOldGen       total 197632K, used 197586K [0x0000000080000000, 0x000000008c100000, 0x00000000d5580000)
  object space 197632K, 99% used [0x0000000080000000,0x000000008c0f48a0,0x000000008c100000)
 Metaspace       used 59247K, committed 60672K, reserved 1114112K
  class space    used 6381K, committed 7040K, reserved 1048576K
}
Event: 8.329 GC heap after
{Heap after GC invocations=156 (full 3):
 PSYoungGen      total 5120K, used 690K [0x00000000d5580000, 0x00000000d5c00000, 0x0000000100000000)
  eden space 4096K, 0% used [0x00000000d5580000,0x00000000d5580000,0x00000000d5980000)
  from space 1024K, 67% used [0x00000000d5980000,0x00000000d5a2c8e8,0x00000000d5a80000)
  to   space 1024K, 0% used [0x00000000d5b00000,0x00000000d5b00000,0x00000000d5c00000)
 ParOldGen       total 198144K, used 198078K [0x0000000080000000, 0x000000008c180000, 0x00000000d5580000)
  object space 198144K, 99% used [0x0000000080000000,0x000000008c16fa30,0x000000008c180000)
 Metaspace       used 59247K, committed 60672K, reserved 1114112K
  class space    used 6381K, committed 7040K, reserved 1048576K
}
Event: 8.337 GC heap before
{Heap before GC invocations=157 (full 3):
 PSYoungGen      total 5120K, used 4627K [0x00000000d5580000, 0x00000000d5c00000, 0x0000000100000000)
  eden space 4096K, 96% used [0x00000000d5580000,0x00000000d5958418,0x00000000d5980000)
  from space 1024K, 67% used [0x00000000d5980000,0x00000000d5a2c8e8,0x00000000d5a80000)
  to   space 1024K, 0% used [0x00000000d5b00000,0x00000000d5b00000,0x00000000d5c00000)
 ParOldGen       total 198144K, used 198078K [0x0000000080000000, 0x000000008c180000, 0x00000000d5580000)
  object space 198144K, 99% used [0x0000000080000000,0x000000008c16fa30,0x000000008c180000)
 Metaspace       used 59247K, committed 60672K, reserved 1114112K
  class space    used 6381K, committed 7040K, reserved 1048576K
}
Event: 8.338 GC heap after
{Heap after GC invocations=157 (full 3):
 PSYoungGen      total 5120K, used 640K [0x00000000d5580000, 0x00000000d5c00000, 0x0000000100000000)
  eden space 4096K, 0% used [0x00000000d5580000,0x00000000d5580000,0x00000000d5980000)
  from space 1024K, 62% used [0x00000000d5b00000,0x00000000d5ba0000,0x00000000d5c00000)
  to   space 1024K, 0% used [0x00000000d5980000,0x00000000d5980000,0x00000000d5a80000)
 ParOldGen       total 199168K, used 198728K [0x0000000080000000, 0x000000008c280000, 0x00000000d5580000)
  object space 199168K, 99% used [0x0000000080000000,0x000000008c2122a8,0x000000008c280000)
 Metaspace       used 59247K, committed 60672K, reserved 1114112K
  class space    used 6381K, committed 7040K, reserved 1048576K
}

Dll operation events (20 events):
Event: 0.010 Attempting to load shared library c:\Users\CHI TAI\.antigravity-ide\extensions\redhat.java-1.56.0-win32-x64\jre\21.0.12.1-win32-x86_64\bin\java.dll
Event: 0.010 Loaded shared library c:\Users\CHI TAI\.antigravity-ide\extensions\redhat.java-1.56.0-win32-x64\jre\21.0.12.1-win32-x86_64\bin\java.dll
Event: 0.054 Attempting to load shared library c:\Users\CHI TAI\.antigravity-ide\extensions\redhat.java-1.56.0-win32-x64\jre\21.0.12.1-win32-x86_64\bin\zip.dll
Event: 0.055 Loaded shared library c:\Users\CHI TAI\.antigravity-ide\extensions\redhat.java-1.56.0-win32-x64\jre\21.0.12.1-win32-x86_64\bin\zip.dll
Event: 0.078 Attempting to load shared library C:\Users\CHI TAI\.antigravity-ide\extensions\redhat.java-1.56.0-win32-x64\jre\21.0.12.1-win32-x86_64\bin\instrument.dll
Event: 0.078 Loaded shared library C:\Users\CHI TAI\.antigravity-ide\extensions\redhat.java-1.56.0-win32-x64\jre\21.0.12.1-win32-x86_64\bin\instrument.dll
Event: 0.082 Attempting to load shared library C:\Users\CHI TAI\.antigravity-ide\extensions\redhat.java-1.56.0-win32-x64\jre\21.0.12.1-win32-x86_64\bin\net.dll
Event: 0.083 Loaded shared library C:\Users\CHI TAI\.antigravity-ide\extensions\redhat.java-1.56.0-win32-x64\jre\21.0.12.1-win32-x86_64\bin\net.dll
Event: 0.084 Attempting to load shared library C:\Users\CHI TAI\.antigravity-ide\extensions\redhat.java-1.56.0-win32-x64\jre\21.0.12.1-win32-x86_64\bin\nio.dll
Event: 0.085 Loaded shared library C:\Users\CHI TAI\.antigravity-ide\extensions\redhat.java-1.56.0-win32-x64\jre\21.0.12.1-win32-x86_64\bin\nio.dll
Event: 0.089 Attempting to load shared library C:\Users\CHI TAI\.antigravity-ide\extensions\redhat.java-1.56.0-win32-x64\jre\21.0.12.1-win32-x86_64\bin\zip.dll
Event: 0.089 Loaded shared library C:\Users\CHI TAI\.antigravity-ide\extensions\redhat.java-1.56.0-win32-x64\jre\21.0.12.1-win32-x86_64\bin\zip.dll
Event: 0.104 Attempting to load shared library C:\Users\CHI TAI\.antigravity-ide\extensions\redhat.java-1.56.0-win32-x64\jre\21.0.12.1-win32-x86_64\bin\jimage.dll
Event: 0.104 Loaded shared library C:\Users\CHI TAI\.antigravity-ide\extensions\redhat.java-1.56.0-win32-x64\jre\21.0.12.1-win32-x86_64\bin\jimage.dll
Event: 0.162 Attempting to load shared library c:\Users\CHI TAI\.antigravity-ide\extensions\redhat.java-1.56.0-win32-x64\jre\21.0.12.1-win32-x86_64\bin\verify.dll
Event: 0.163 Loaded shared library c:\Users\CHI TAI\.antigravity-ide\extensions\redhat.java-1.56.0-win32-x64\jre\21.0.12.1-win32-x86_64\bin\verify.dll
Event: 0.742 Attempting to load shared library C:\Users\CHI TAI\AppData\Roaming\Antigravity IDE\User\globalStorage\redhat.java\1.56.0\config_win\org.eclipse.equinox.launcher\org.eclipse.equinox.launcher.win32.win32.x86_64_1.3.100.v20260804-1928\eclipse_11924.dll
Event: 0.743 Loaded shared library C:\Users\CHI TAI\AppData\Roaming\Antigravity IDE\User\globalStorage\redhat.java\1.56.0\config_win\org.eclipse.equinox.launcher\org.eclipse.equinox.launcher.win32.win32.x86_64_1.3.100.v20260804-1928\eclipse_11924.dll
Event: 3.559 Attempting to load shared library C:\Users\CHI TAI\AppData\Local\Temp\jna-1462956512\jna3800521882413371176.dll
Event: 3.661 Loaded shared library C:\Users\CHI TAI\AppData\Local\Temp\jna-1462956512\jna3800521882413371176.dll

Deoptimization events (20 events):
Event: 8.208 Thread 0x000002224c5cc500 Uncommon trap: trap_request=0xffffffde fr.pc=0x000002226d99be20 relative=0x00000000000002c0
Event: 8.208 Thread 0x000002224c5cc500 Uncommon trap: reason=class_check action=maybe_recompile pc=0x000002226d99be20 method=java.util.Collections$UnmodifiableMap.getOrDefault(Ljava/lang/Object;Ljava/lang/Object;)Ljava/lang/Object; @ 6 c2
Event: 8.208 Thread 0x000002224c5cc500 DEOPT PACKING pc=0x000002226d99be20 sp=0x000000c00fafeb60
Event: 8.208 Thread 0x000002224c5cc500 DEOPT UNPACKING pc=0x000002226d273aa2 sp=0x000000c00fafeb00 mode 2
Event: 8.208 Thread 0x000002224c5cc500 Uncommon trap: trap_request=0xffffffde fr.pc=0x000002226d99be20 relative=0x00000000000002c0
Event: 8.208 Thread 0x000002224c5cc500 Uncommon trap: reason=class_check action=maybe_recompile pc=0x000002226d99be20 method=java.util.Collections$UnmodifiableMap.getOrDefault(Ljava/lang/Object;Ljava/lang/Object;)Ljava/lang/Object; @ 6 c2
Event: 8.208 Thread 0x000002224c5cc500 DEOPT PACKING pc=0x000002226d99be20 sp=0x000000c00fafeb60
Event: 8.208 Thread 0x000002224c5cc500 DEOPT UNPACKING pc=0x000002226d273aa2 sp=0x000000c00fafeb00 mode 2
Event: 8.252 Thread 0x0000022245e40ca0 Uncommon trap: trap_request=0xffffff6e fr.pc=0x000002226d8b4b18 relative=0x0000000000000178
Event: 8.252 Thread 0x0000022245e40ca0 Uncommon trap: reason=loop_limit_check action=maybe_recompile pc=0x000002226d8b4b18 method=java.lang.StringLatin1.lastIndexOf([BII)I @ 19 c2
Event: 8.252 Thread 0x0000022245e40ca0 DEOPT PACKING pc=0x000002226d8b4b18 sp=0x000000c00d3fd050
Event: 8.252 Thread 0x0000022245e40ca0 DEOPT UNPACKING pc=0x000002226d273aa2 sp=0x000000c00d3fcf08 mode 2
Event: 8.258 Thread 0x0000022245e40ca0 Uncommon trap: trap_request=0xffffff45 fr.pc=0x000002226d8fced8 relative=0x0000000000000278
Event: 8.258 Thread 0x0000022245e40ca0 Uncommon trap: reason=unstable_if action=reinterpret pc=0x000002226d8fced8 method=sun.nio.fs.WindowsPath.compareTo(Ljava/nio/file/Path;)I @ 76 c2
Event: 8.258 Thread 0x0000022245e40ca0 DEOPT PACKING pc=0x000002226d8fced8 sp=0x000000c00d3fc980
Event: 8.258 Thread 0x0000022245e40ca0 DEOPT UNPACKING pc=0x000002226d273aa2 sp=0x000000c00d3fc888 mode 2
Event: 8.259 Thread 0x0000022245e40ca0 Uncommon trap: trap_request=0xffffff45 fr.pc=0x000002226dd196fc relative=0x000000000000163c
Event: 8.259 Thread 0x0000022245e40ca0 Uncommon trap: reason=unstable_if action=reinterpret pc=0x000002226dd196fc method=lombok.eclipse.agent.EclipsePatcher$1.shouldTransform(Ljava/lang/ClassLoader;Ljava/lang/String;Ljava/lang/Class;Ljava/security/ProtectionDomain;[B)Z @ 80 c2
Event: 8.259 Thread 0x0000022245e40ca0 DEOPT PACKING pc=0x000002226dd196fc sp=0x000000c00d3fb780
Event: 8.259 Thread 0x0000022245e40ca0 DEOPT UNPACKING pc=0x000002226d273aa2 sp=0x000000c00d3fb680 mode 2

Classes loaded (20 events):
Event: 7.705 Loading class sun/util/locale/provider/TimeZoneNameProviderImpl done
Event: 7.705 Loading class sun/util/cldr/CLDRTimeZoneNameProviderImpl done
Event: 7.706 Loading class sun/util/resources/cldr/TimeZoneNames
Event: 7.707 Loading class sun/util/resources/TimeZoneNamesBundle
Event: 7.707 Loading class sun/util/resources/OpenListResourceBundle
Event: 7.707 Loading class sun/util/resources/OpenListResourceBundle done
Event: 7.707 Loading class sun/util/resources/TimeZoneNamesBundle done
Event: 7.707 Loading class sun/util/resources/cldr/TimeZoneNames done
Event: 7.707 Loading class sun/util/resources/cldr/TimeZoneNames_en
Event: 7.708 Loading class sun/util/resources/cldr/TimeZoneNames_en done
Event: 7.708 Loading class sun/util/resources/cldr/TimeZoneNames_en_US
Event: 7.708 Loading class sun/util/resources/cldr/TimeZoneNames_en_US done
Event: 7.709 Loading class sun/util/cldr/CLDRBaseLocaleDataMetaInfo$TZCanonicalIDMapHolder
Event: 7.709 Loading class sun/util/cldr/CLDRBaseLocaleDataMetaInfo$TZCanonicalIDMapHolder done
Event: 7.710 Loading class sun/util/resources/TimeZoneNames
Event: 7.711 Loading class sun/util/resources/TimeZoneNames done
Event: 7.711 Loading class sun/util/resources/TimeZoneNames_en
Event: 7.711 Loading class sun/util/resources/TimeZoneNames_en done
Event: 8.114 Loading class sun/nio/cs/ISO_8859_1$Decoder
Event: 8.115 Loading class sun/nio/cs/ISO_8859_1$Decoder done

Classes unloaded (15 events):
Event: 3.956 Thread 0x0000022262b8faf0 Unloading class 0x00000222011ad400 'java/lang/invoke/LambdaForm$MH+0x00000222011ad400'
Event: 3.956 Thread 0x0000022262b8faf0 Unloading class 0x00000222011ad000 'java/lang/invoke/LambdaForm$MH+0x00000222011ad000'
Event: 3.956 Thread 0x0000022262b8faf0 Unloading class 0x00000222011acc00 'java/lang/invoke/LambdaForm$MH+0x00000222011acc00'
Event: 3.956 Thread 0x0000022262b8faf0 Unloading class 0x00000222011ac800 'java/lang/invoke/LambdaForm$MH+0x00000222011ac800'
Event: 3.956 Thread 0x0000022262b8faf0 Unloading class 0x00000222011ac400 'java/lang/invoke/LambdaForm$BMH+0x00000222011ac400'
Event: 3.956 Thread 0x0000022262b8faf0 Unloading class 0x00000222011ac000 'java/lang/invoke/LambdaForm$DMH+0x00000222011ac000'
Event: 3.956 Thread 0x0000022262b8faf0 Unloading class 0x00000222011aac00 'java/lang/invoke/LambdaForm$DMH+0x00000222011aac00'
Event: 4.822 Thread 0x0000022262b8faf0 Unloading class 0x0000022201410c00 'jdk/internal/reflect/GeneratedSerializationConstructorAccessor30'
Event: 4.822 Thread 0x0000022262b8faf0 Unloading class 0x0000022201410400 'jdk/internal/reflect/GeneratedSerializationConstructorAccessor28'
Event: 4.822 Thread 0x0000022262b8faf0 Unloading class 0x0000022201409000 'jdk/internal/reflect/GeneratedSerializationConstructorAccessor26'
Event: 4.822 Thread 0x0000022262b8faf0 Unloading class 0x0000022201408c00 'jdk/internal/reflect/GeneratedSerializationConstructorAccessor25'
Event: 7.599 Thread 0x0000022262b8faf0 Unloading class 0x00000222016bd400 'java/lang/invoke/LambdaForm$DMH+0x00000222016bd400'
Event: 7.599 Thread 0x0000022262b8faf0 Unloading class 0x00000222016bd000 'java/lang/invoke/LambdaForm$DMH+0x00000222016bd000'
Event: 7.599 Thread 0x0000022262b8faf0 Unloading class 0x00000222016bc800 'java/lang/invoke/LambdaForm$DMH+0x00000222016bc800'
Event: 7.599 Thread 0x0000022262b8faf0 Unloading class 0x00000222016bc400 'java/lang/invoke/LambdaForm$DMH+0x00000222016bc400'

Classes redefined (0 events):
No events

Internal exceptions (20 events):
Event: 6.969 Thread 0x000002224637ee90 Exception <a 'java/lang/NullPointerException'{0x00000000d5f94c10}> (0x00000000d5f94c10) 
thrown [s\src\hotspot\share\interpreter\linkResolver.cpp, line 1372]
Event: 6.969 Thread 0x000002224637ee90 Exception <a 'java/lang/NullPointerException'{0x00000000d5f95638}> (0x00000000d5f95638) 
thrown [s\src\hotspot\share\interpreter\linkResolver.cpp, line 1372]
Event: 6.969 Thread 0x000002224637ee90 Exception <a 'java/lang/NullPointerException'{0x00000000d5f95db0}> (0x00000000d5f95db0) 
thrown [s\src\hotspot\share\interpreter\linkResolver.cpp, line 1372]
Event: 7.067 Thread 0x0000022247e64840 Exception <a 'sun/nio/fs/WindowsException'{0x00000000d5fe9f80}> (0x00000000d5fe9f80) 
thrown [s\src\hotspot\share\prims\jni.cpp, line 520]
Event: 7.068 Thread 0x0000022247e64840 Exception <a 'sun/nio/fs/WindowsException'{0x00000000d5ff6800}> (0x00000000d5ff6800) 
thrown [s\src\hotspot\share\prims\jni.cpp, line 520]
Event: 7.131 Thread 0x0000022245e40ca0 Exception <a 'sun/nio/fs/WindowsException'{0x00000000d575e480}> (0x00000000d575e480) 
thrown [s\src\hotspot\share\prims\jni.cpp, line 520]
Event: 7.131 Thread 0x0000022245e40ca0 Exception <a 'sun/nio/fs/WindowsException'{0x00000000d575ed70}> (0x00000000d575ed70) 
thrown [s\src\hotspot\share\prims\jni.cpp, line 520]
Event: 7.296 Thread 0x0000022245e40ca0 Exception <a 'java/lang/NoSuchMethodError'{0x00000000d5c61920}: 'void java.lang.invoke.DirectMethodHandle$Holder.invokeStatic(java.lang.Object, java.lang.Object, java.lang.Object, int)'> (0x00000000d5c61920) 
thrown [s\src\hotspot\share\interpreter\linkResolver.cpp, line 773]
Event: 7.300 Thread 0x0000022245e40ca0 Exception <a 'java/lang/NoSuchMethodError'{0x00000000d5e79168}: 'void java.lang.invoke.DirectMethodHandle$Holder.invokeVirtual(java.lang.Object, java.lang.Object, int)'> (0x00000000d5e79168) 
thrown [s\src\hotspot\share\interpreter\linkResolver.cpp, line 773]
Event: 7.331 Thread 0x0000022245e40ca0 Exception <a 'java/lang/NoSuchMethodError'{0x00000000d5b27418}: 'void java.lang.invoke.DirectMethodHandle$Holder.invokeInterface(java.lang.Object, java.lang.Object)'> (0x00000000d5b27418) 
thrown [s\src\hotspot\share\interpreter\linkResolver.cpp, line 773]
Event: 7.344 Thread 0x000002224c5c9710 Exception <a 'java/lang/NoSuchMethodError'{0x00000000d57d2c38}: 'void java.lang.invoke.DirectMethodHandle$Holder.invokeSpecial(java.lang.Object, java.lang.Object, java.lang.Object, java.lang.Object, java.lang.Object, java.lang.Object, java.lang.Object, java.lang.Object)'> (0x00000000d57d2c38) 
thrown [s\src\hotspot\share\interpreter\linkResolver.cpp, line 773]
Event: 7.533 Thread 0x0000022245e40ca0 Exception <a 'java/lang/NoSuchMethodError'{0x00000000d5823968}: 'java.lang.Object java.lang.invoke.DirectMethodHandle$Holder.newInvokeSpecial(java.lang.Object, java.lang.Object, int, java.lang.Object, java.lang.Object)'> (0x00000000d5823968) 
thrown [s\src\hotspot\share\interpreter\linkResolver.cpp, line 773]
Event: 7.533 Thread 0x0000022245e40ca0 Exception <a 'java/lang/NoSuchMethodError'{0x00000000d58509d8}: 'java.lang.Object java.lang.invoke.Invokers$Holder.linkToTargetMethod(java.lang.Object, int, java.lang.Object, java.lang.Object, java.lang.Object)'> (0x00000000d58509d8) 
thrown [s\src\hotspot\share\interpreter\linkResolver.cpp, line 773]
Event: 7.539 Thread 0x0000022245e40ca0 Exception <a 'java/lang/NoSuchMethodError'{0x00000000d5bcff40}: 'void java.lang.invoke.DirectMethodHandle$Holder.invokeStatic(java.lang.Object, java.lang.Object, java.lang.Object, java.lang.Object, java.lang.Object, java.lang.Object, java.lang.Object, java.lang.Object)'> (0x00000000d5bcff40) 
thrown [s\src\hotspot\share\interpreter\linkResolver.cpp, line 773]
Event: 7.550 Thread 0x0000022245e40ca0 Exception <a 'java/lang/NoSuchMethodError'{0x00000000d567a6e8}: 'int java.lang.invoke.DirectMethodHandle$Holder.invokeInterface(java.lang.Object, java.lang.Object)'> (0x00000000d567a6e8) 
thrown [s\src\hotspot\share\interpreter\linkResolver.cpp, line 773]
Event: 7.565 Thread 0x0000022245e40ca0 Exception <a 'java/lang/NoSuchMethodError'{0x00000000d5eaa868}: 'java.lang.Object java.lang.invoke.DirectMethodHandle$Holder.newInvokeSpecial(java.lang.Object, java.lang.Object, java.lang.Object, java.lang.Object, java.lang.Object, java.lang.Object, java.lang.Object, java.lang.Object)'> (0x00000000d5eaa868) 
thrown [s\src\hotspot\share\interpreter\linkResolver.cpp, line 773]
Event: 7.569 Thread 0x0000022245e40ca0 Exception <a 'java/lang/NoSuchMethodError'{0x00000000d55ac578}: 'java.lang.Object java.lang.invoke.DirectMethodHandle$Holder.newInvokeSpecial(java.lang.Object, java.lang.Object, int)'> (0x00000000d55ac578) 
thrown [s\src\hotspot\share\interpreter\linkResolver.cpp, line 773]
Event: 7.686 Thread 0x0000022245e40ca0 Exception <a 'java/io/FileNotFoundException'{0x00000000d55aca30}> (0x00000000d55aca30) 
thrown [s\src\hotspot\share\prims\jni.cpp, line 520]
Event: 7.687 Thread 0x0000022245e40ca0 Exception <a 'java/lang/NoSuchMethodError'{0x00000000d561ea58}: 'void java.lang.invoke.DirectMethodHandle$Holder.invokeStatic(java.lang.Object, int)'> (0x00000000d561ea58) 
thrown [s\src\hotspot\share\interpreter\linkResolver.cpp, line 773]
Event: 8.259 Thread 0x0000022245e40ca0 Implicit null exception at 0x000002226dd18777 to 0x000002226dd196e4

ZGC Phase Switch (0 events):
No events

VM Operations (20 events):
Event: 8.252 Executing safepoint VM operation: ParallelGCFailedAllocation (Allocation Failure)
Event: 8.253 Executing safepoint VM operation: ParallelGCFailedAllocation (Allocation Failure) done
Event: 8.258 Executing safepoint VM operation: ParallelGCFailedAllocation (Allocation Failure)
Event: 8.259 Executing safepoint VM operation: ParallelGCFailedAllocation (Allocation Failure) done
Event: 8.265 Executing safepoint VM operation: ParallelGCFailedAllocation (Allocation Failure)
Event: 8.265 Executing safepoint VM operation: ParallelGCFailedAllocation (Allocation Failure) done
Event: 8.265 Executing safepoint VM operation: ParallelGCSystemGC (GCLocker Initiated GC)
Event: 8.266 Executing safepoint VM operation: ParallelGCSystemGC (GCLocker Initiated GC) done
Event: 8.275 Executing safepoint VM operation: ParallelGCFailedAllocation (Allocation Failure)
Event: 8.276 Executing safepoint VM operation: ParallelGCFailedAllocation (Allocation Failure) done
Event: 8.290 Executing safepoint VM operation: ParallelGCFailedAllocation (Allocation Failure)
Event: 8.291 Executing safepoint VM operation: ParallelGCFailedAllocation (Allocation Failure) done
Event: 8.304 Executing safepoint VM operation: ParallelGCFailedAllocation (Allocation Failure)
Event: 8.305 Executing safepoint VM operation: ParallelGCFailedAllocation (Allocation Failure) done
Event: 8.316 Executing safepoint VM operation: ParallelGCFailedAllocation (Allocation Failure)
Event: 8.317 Executing safepoint VM operation: ParallelGCFailedAllocation (Allocation Failure) done
Event: 8.328 Executing safepoint VM operation: ParallelGCFailedAllocation (Allocation Failure)
Event: 8.329 Executing safepoint VM operation: ParallelGCFailedAllocation (Allocation Failure) done
Event: 8.337 Executing safepoint VM operation: ParallelGCFailedAllocation (Allocation Failure)
Event: 8.339 Executing safepoint VM operation: ParallelGCFailedAllocation (Allocation Failure) done

Memory protections (0 events):
No events

Nmethod flushes (20 events):
Event: 7.611 Thread 0x0000022262b8faf0 flushing  nmethod 0x0000022266565510
Event: 7.611 Thread 0x0000022262b8faf0 flushing  nmethod 0x0000022266567a10
Event: 7.611 Thread 0x0000022262b8faf0 flushing  nmethod 0x0000022266571990
Event: 7.611 Thread 0x0000022262b8faf0 flushing  nmethod 0x0000022266580510
Event: 7.611 Thread 0x0000022262b8faf0 flushing  nmethod 0x00000222665a9b90
Event: 7.611 Thread 0x0000022262b8faf0 flushing  nmethod 0x00000222665fcf10
Event: 7.611 Thread 0x0000022262b8faf0 flushing  nmethod 0x00000222665fea10
Event: 7.611 Thread 0x0000022262b8faf0 flushing  nmethod 0x0000022266600310
Event: 7.611 Thread 0x0000022262b8faf0 flushing  nmethod 0x0000022266602c90
Event: 7.611 Thread 0x0000022262b8faf0 flushing  nmethod 0x000002226660a890
Event: 7.611 Thread 0x0000022262b8faf0 flushing  nmethod 0x000002226660ac10
Event: 7.611 Thread 0x0000022262b8faf0 flushing  nmethod 0x000002226660af90
Event: 7.611 Thread 0x0000022262b8faf0 flushing  nmethod 0x000002226660b510
Event: 7.611 Thread 0x0000022262b8faf0 flushing  nmethod 0x000002226660b910
Event: 7.611 Thread 0x0000022262b8faf0 flushing  nmethod 0x000002226660e910
Event: 7.611 Thread 0x0000022262b8faf0 flushing  nmethod 0x000002226660ef10
Event: 7.611 Thread 0x0000022262b8faf0 flushing  nmethod 0x0000022266619790
Event: 7.611 Thread 0x0000022262b8faf0 flushing  nmethod 0x0000022266622710
Event: 7.611 Thread 0x0000022262b8faf0 flushing  nmethod 0x0000022266651d10
Event: 7.611 Thread 0x0000022262b8faf0 flushing  nmethod 0x0000022266658790

Events (20 events):
Event: 7.336 Thread 0x0000022245e40ca0 Thread added: 0x000002224c5cbe70
Event: 7.337 Thread 0x0000022245e40ca0 Thread added: 0x000002224c5c9710
Event: 7.337 Thread 0x0000022245e40ca0 Thread added: 0x000002224c5c9da0
Event: 7.337 Thread 0x0000022245e40ca0 Thread added: 0x000002224c5caac0
Event: 7.339 Thread 0x0000022245e40ca0 Thread added: 0x000002224c5cb150
Event: 7.475 Thread 0x000002224c5cb150 Thread exited: 0x000002224c5cb150
Event: 7.475 Thread 0x000002224c5cbe70 Thread exited: 0x000002224c5cbe70
Event: 7.475 Thread 0x000002224c5c9da0 Thread exited: 0x000002224c5c9da0
Event: 7.475 Thread 0x000002224c5caac0 Thread exited: 0x000002224c5caac0
Event: 7.475 Thread 0x000002224c5c9710 Thread exited: 0x000002224c5c9710
Event: 8.032 Thread 0x0000022245e40ca0 Thread added: 0x000002224c5cc500
Event: 8.032 Thread 0x0000022245e40ca0 Thread added: 0x000002224c5caac0
Event: 8.032 Thread 0x0000022245e40ca0 Thread added: 0x000002224c5cb150
Event: 8.032 Thread 0x0000022245e40ca0 Thread added: 0x000002224c5cb7e0
Event: 8.032 Thread 0x0000022245e40ca0 Thread added: 0x000002224c5c9710
Event: 8.233 Thread 0x000002224c5cb150 Thread exited: 0x000002224c5cb150
Event: 8.233 Thread 0x000002224c5cc500 Thread exited: 0x000002224c5cc500
Event: 8.233 Thread 0x000002224c5c9710 Thread exited: 0x000002224c5c9710
Event: 8.234 Thread 0x000002224c5caac0 Thread exited: 0x000002224c5caac0
Event: 8.234 Thread 0x000002224c5cb7e0 Thread exited: 0x000002224c5cb7e0


Dynamic libraries:
0x00007ff610f10000 - 0x00007ff610f1e000 	c:\Users\CHI TAI\.antigravity-ide\extensions\redhat.java-1.56.0-win32-x64\jre\21.0.12.1-win32-x86_64\bin\java.exe
0x00007ffd127e0000 - 0x00007ffd12a47000 	C:\WINDOWS\SYSTEM32\ntdll.dll
0x00007ffd12130000 - 0x00007ffd121fb000 	C:\WINDOWS\System32\KERNEL32.DLL
0x00007ffd0fbe0000 - 0x00007ffd0ffe2000 	C:\WINDOWS\System32\KERNELBASE.dll
0x00007ffd10270000 - 0x00007ffd103bc000 	C:\WINDOWS\System32\ucrtbase.dll
0x00007ffcfe6e0000 - 0x00007ffcfe6f8000 	c:\Users\CHI TAI\.antigravity-ide\extensions\redhat.java-1.56.0-win32-x64\jre\21.0.12.1-win32-x86_64\bin\jli.dll
0x00007ffcebad0000 - 0x00007ffcebaee000 	c:\Users\CHI TAI\.antigravity-ide\extensions\redhat.java-1.56.0-win32-x64\jre\21.0.12.1-win32-x86_64\bin\VCRUNTIME140.dll
0x00007ffd11e00000 - 0x00007ffd11fcf000 	C:\WINDOWS\System32\USER32.dll
0x00007ffd0fff0000 - 0x00007ffd10017000 	C:\WINDOWS\System32\win32u.dll
0x00007ffd10b60000 - 0x00007ffd10b8b000 	C:\WINDOWS\System32\GDI32.dll
0x00007ffd103d0000 - 0x00007ffd104f9000 	C:\WINDOWS\System32\gdi32full.dll
0x00007ffced5f0000 - 0x00007ffced880000 	C:\WINDOWS\WinSxS\amd64_microsoft.windows.common-controls_6595b64144ccf1df_6.0.26100.9278_none_3e0d1ba8e3303201\COMCTL32.dll
0x00007ffd0fa70000 - 0x00007ffd0fb13000 	C:\WINDOWS\System32\msvcp_win.dll
0x00007ffd11850000 - 0x00007ffd118f9000 	C:\WINDOWS\System32\msvcrt.dll
0x00007ffd12760000 - 0x00007ffd12791000 	C:\WINDOWS\System32\IMM32.DLL
0x00007ffcefc00000 - 0x00007ffcefc0c000 	c:\Users\CHI TAI\.antigravity-ide\extensions\redhat.java-1.56.0-win32-x64\jre\21.0.12.1-win32-x86_64\bin\vcruntime140_1.dll
0x00007ffc97d20000 - 0x00007ffc97dad000 	c:\Users\CHI TAI\.antigravity-ide\extensions\redhat.java-1.56.0-win32-x64\jre\21.0.12.1-win32-x86_64\bin\msvcp140.dll
0x00007ffc94c40000 - 0x00007ffc959e2000 	c:\Users\CHI TAI\.antigravity-ide\extensions\redhat.java-1.56.0-win32-x64\jre\21.0.12.1-win32-x86_64\bin\server\jvm.dll
0x00007ffd12200000 - 0x00007ffd122bc000 	C:\WINDOWS\System32\ADVAPI32.dll
0x00007ffd10da0000 - 0x00007ffd10e49000 	C:\WINDOWS\System32\sechost.dll
0x00007ffd10bc0000 - 0x00007ffd10cd8000 	C:\WINDOWS\System32\RPCRT4.dll
0x00007ffd105a0000 - 0x00007ffd10620000 	C:\WINDOWS\System32\WS2_32.dll
0x00007ffd0e510000 - 0x00007ffd0e56e000 	C:\WINDOWS\SYSTEM32\POWRPROF.dll
0x00007ffcf7270000 - 0x00007ffcf727b000 	C:\WINDOWS\SYSTEM32\VERSION.dll
0x00007ffcfc1e0000 - 0x00007ffcfc216000 	C:\WINDOWS\SYSTEM32\WINMM.dll
0x00007ffd0e4d0000 - 0x00007ffd0e4e5000 	C:\WINDOWS\SYSTEM32\UMPDC.dll
0x00007ffd0e7d0000 - 0x00007ffd0e7eb000 	C:\WINDOWS\SYSTEM32\kernel.appcore.dll
0x00007ffcecfe0000 - 0x00007ffcecfea000 	c:\Users\CHI TAI\.antigravity-ide\extensions\redhat.java-1.56.0-win32-x64\jre\21.0.12.1-win32-x86_64\bin\jimage.dll
0x00007ffd0c8f0000 - 0x00007ffd0cb3c000 	C:\WINDOWS\SYSTEM32\DBGHELP.DLL
0x00007ffd11900000 - 0x00007ffd11c85000 	C:\WINDOWS\System32\combase.dll
0x00007ffd10e50000 - 0x00007ffd10f29000 	C:\WINDOWS\System32\OLEAUT32.dll
0x00007ffce8a60000 - 0x00007ffce8a9b000 	C:\WINDOWS\SYSTEM32\dbgcore.DLL
0x00007ffd10020000 - 0x00007ffd100cc000 	C:\WINDOWS\System32\bcryptPrimitives.dll
0x00007ffcec6c0000 - 0x00007ffcec6cf000 	c:\Users\CHI TAI\.antigravity-ide\extensions\redhat.java-1.56.0-win32-x64\jre\21.0.12.1-win32-x86_64\bin\instrument.dll
0x00007ffcd6ff0000 - 0x00007ffcd7010000 	c:\Users\CHI TAI\.antigravity-ide\extensions\redhat.java-1.56.0-win32-x64\jre\21.0.12.1-win32-x86_64\bin\java.dll
0x00007ffd11050000 - 0x00007ffd117e8000 	C:\WINDOWS\System32\SHELL32.dll
0x00007ffd0d450000 - 0x00007ffd0dcfe000 	C:\WINDOWS\SYSTEM32\windows.storage.dll
0x00007ffd12030000 - 0x00007ffd1212b000 	C:\WINDOWS\System32\SHCORE.dll
0x00007ffd12550000 - 0x00007ffd125b6000 	C:\WINDOWS\System32\shlwapi.dll
0x00007ffd0f900000 - 0x00007ffd0f929000 	C:\WINDOWS\SYSTEM32\profapi.dll
0x00007ffcd69f0000 - 0x00007ffcd6a08000 	c:\Users\CHI TAI\.antigravity-ide\extensions\redhat.java-1.56.0-win32-x64\jre\21.0.12.1-win32-x86_64\bin\zip.dll
0x00007ffcd9700000 - 0x00007ffcd9710000 	C:\Users\CHI TAI\.antigravity-ide\extensions\redhat.java-1.56.0-win32-x64\jre\21.0.12.1-win32-x86_64\bin\net.dll
0x00007ffd05bc0000 - 0x00007ffd05cea000 	C:\WINDOWS\SYSTEM32\WINHTTP.dll
0x00007ffd0ed90000 - 0x00007ffd0edfc000 	C:\WINDOWS\system32\mswsock.dll
0x00007ffcd5e00000 - 0x00007ffcd5e16000 	C:\Users\CHI TAI\.antigravity-ide\extensions\redhat.java-1.56.0-win32-x64\jre\21.0.12.1-win32-x86_64\bin\nio.dll
0x00007ffcd64e0000 - 0x00007ffcd64f0000 	c:\Users\CHI TAI\.antigravity-ide\extensions\redhat.java-1.56.0-win32-x64\jre\21.0.12.1-win32-x86_64\bin\verify.dll
0x00007ffc97cd0000 - 0x00007ffc97d15000 	C:\Users\CHI TAI\AppData\Roaming\Antigravity IDE\User\globalStorage\redhat.java\1.56.0\config_win\org.eclipse.equinox.launcher\org.eclipse.equinox.launcher.win32.win32.x86_64_1.3.100.v20260804-1928\eclipse_11924.dll
0x00007ffd125c0000 - 0x00007ffd1275a000 	C:\WINDOWS\System32\ole32.dll
0x00007ffd0f080000 - 0x00007ffd0f09b000 	C:\WINDOWS\SYSTEM32\CRYPTSP.dll
0x00007ffd0e730000 - 0x00007ffd0e769000 	C:\WINDOWS\system32\rsaenh.dll
0x00007ffd0ee40000 - 0x00007ffd0ee74000 	C:\WINDOWS\SYSTEM32\USERENV.dll
0x00007ffd0f8d0000 - 0x00007ffd0f8fa000 	C:\WINDOWS\SYSTEM32\bcrypt.dll
0x00007ffd0f0a0000 - 0x00007ffd0f0ac000 	C:\WINDOWS\SYSTEM32\CRYPTBASE.dll
0x00007ffd0e110000 - 0x00007ffd0e143000 	C:\WINDOWS\SYSTEM32\IPHLPAPI.DLL
0x00007ffd11c90000 - 0x00007ffd11c9a000 	C:\WINDOWS\System32\NSI.dll
0x00007ffc97940000 - 0x00007ffc97989000 	C:\Users\CHI TAI\AppData\Local\Temp\jna-1462956512\jna3800521882413371176.dll
0x00007ffd10500000 - 0x00007ffd10508000 	C:\WINDOWS\System32\PSAPI.DLL
0x00007ffd05e70000 - 0x00007ffd05e8d000 	C:\WINDOWS\SYSTEM32\dhcpcsvc6.DLL
0x00007ffd05b90000 - 0x00007ffd05bb5000 	C:\WINDOWS\SYSTEM32\dhcpcsvc.DLL

JVMTI agents:
c:\Users\CHI TAI\.antigravity-ide\extensions\redhat.java-1.56.0-win32-x64\lombok\lombok-1.18.39-4050.jar path:c:\Users\CHI TAI\.antigravity-ide\extensions\redhat.java-1.56.0-win32-x64\jre\21.0.12.1-win32-x86_64\bin\instrument.dll, loaded, initialized, instrumentlib options:none

dbghelp: loaded successfully - version: 4.0.5 - missing functions: none
symbol engine: initialized successfully - sym options: 0x614 - pdb path: .;c:\Users\CHI TAI\.antigravity-ide\extensions\redhat.java-1.56.0-win32-x64\jre\21.0.12.1-win32-x86_64\bin;C:\WINDOWS\SYSTEM32;C:\WINDOWS\WinSxS\amd64_microsoft.windows.common-controls_6595b64144ccf1df_6.0.26100.9278_none_3e0d1ba8e3303201;c:\Users\CHI TAI\.antigravity-ide\extensions\redhat.java-1.56.0-win32-x64\jre\21.0.12.1-win32-x86_64\bin\server;C:\Users\CHI TAI\AppData\Roaming\Antigravity IDE\User\globalStorage\redhat.java\1.56.0\config_win\org.eclipse.equinox.launcher\org.eclipse.equinox.launcher.win32.win32.x86_64_1.3.100.v20260804-1928;C:\Users\CHI TAI\AppData\Local\Temp\jna-1462956512

VM Arguments:
jvm_args: --add-modules=ALL-SYSTEM --add-opens=java.base/java.util=ALL-UNNAMED --add-opens=java.base/java.lang=ALL-UNNAMED --add-opens=java.base/sun.nio.fs=ALL-UNNAMED -Declipse.application=org.eclipse.jdt.ls.core.id1 -Dosgi.bundles.defaultStartLevel=4 -Declipse.product=org.eclipse.jdt.ls.core.product -Djava.import.generatesMetadataFilesAtProjectRoot=false -Dm2e.project.cache.size=50 -DDetectVMInstallationsJob.disabled=true -Dfile.encoding=utf8 -XX:+UseParallelGC -XX:GCTimeRatio=4 -XX:AdaptiveSizePolicyWeight=90 -Dsun.zip.disableMemoryMapping=true -Xmx2G -Xms100m -Xlog:disable -javaagent:c:\Users\CHI TAI\.antigravity-ide\extensions\redhat.java-1.56.0-win32-x64\lombok\lombok-1.18.39-4050.jar -XX:+HeapDumpOnOutOfMemoryError -XX:HeapDumpPath=c:\Users\CHI TAI\AppData\Roaming\Antigravity IDE\User\workspaceStorage\7d69b7ec1bea4d07db66e797e26b716f\redhat.java -Daether.dependencyCollector.impl=bf 
java_command: c:\Users\CHI TAI\.antigravity-ide\extensions\redhat.java-1.56.0-win32-x64\server\plugins\org.eclipse.equinox.launcher_1.8.0.v20260804-1928.jar -configuration c:\Users\CHI TAI\AppData\Roaming\Antigravity IDE\User\globalStorage\redhat.java\1.56.0\config_win -data c:\Users\CHI TAI\AppData\Roaming\Antigravity IDE\User\workspaceStorage\7d69b7ec1bea4d07db66e797e26b716f\redhat.java\jdt_ws --stdio
java_class_path (initial): c:\Users\CHI TAI\.antigravity-ide\extensions\redhat.java-1.56.0-win32-x64\server\plugins\org.eclipse.equinox.launcher_1.8.0.v20260804-1928.jar
Launcher Type: SUN_STANDARD

[Global flags]
    uintx AdaptiveSizePolicyWeight                 = 90                                        {product} {command line}
     intx CICompilerCount                          = 4                                         {product} {ergonomic}
    uintx GCTimeRatio                              = 4                                         {product} {command line}
     bool HeapDumpOnOutOfMemoryError               = true                                   {manageable} {command line}
    ccstr HeapDumpPath                             = c:\Users\CHI TAI\AppData\Roaming\Antigravity IDE\User\workspaceStorage\7d69b7ec1bea4d07db66e797e26b716f\redhat.java         {manageable} {command line}
   size_t InitialHeapSize                          = 104857600                                 {product} {command line}
   size_t MaxHeapSize                              = 2147483648                                {product} {command line}
   size_t MaxNewSize                               = 715653120                                 {product} {ergonomic}
   size_t MinHeapDeltaBytes                        = 524288                                    {product} {ergonomic}
   size_t MinHeapSize                              = 104857600                                 {product} {command line}
   size_t NewSize                                  = 34603008                                  {product} {ergonomic}
    uintx NonNMethodCodeHeapSize                   = 5839372                                {pd product} {ergonomic}
    uintx NonProfiledCodeHeapSize                  = 122909434                              {pd product} {ergonomic}
   size_t OldSize                                  = 70254592                                  {product} {ergonomic}
    uintx ProfiledCodeHeapSize                     = 122909434                              {pd product} {ergonomic}
    uintx ReservedCodeCacheSize                    = 251658240                              {pd product} {ergonomic}
     bool SegmentedCodeCache                       = true                                      {product} {ergonomic}
   size_t SoftMaxHeapSize                          = 2147483648                             {manageable} {ergonomic}
     bool UseCompressedOops                        = true                           {product lp64_product} {ergonomic}
     bool UseLargePagesIndividualAllocation        = false                                  {pd product} {ergonomic}
     bool UseParallelGC                            = true                                      {product} {command line}

Logging:
Log output configuration:
 #0: stdout all=off uptime,level,tags foldmultilines=false
 #1: stderr all=off uptime,level,tags foldmultilines=false

Release file:
JAVA_VERSION="21.0.12.1" 
MODULES="java.base java.compiler java.datatransfer java.xml java.prefs java.desktop java.instrument java.logging java.management java.security.sasl java.naming java.rmi java.management.rmi java.net.http java.scripting java.security.jgss java.transaction.xa java.sql java.sql.rowset java.xml.crypto java.se java.smartcardio jdk.accessibility jdk.internal.jvmstat jdk.attach jdk.charsets jdk.internal.opt jdk.zipfs jdk.compiler jdk.crypto.ec jdk.crypto.cryptoki jdk.crypto.mscapi jdk.dynalink jdk.internal.ed jdk.editpad jdk.hotspot.agent jdk.httpserver jdk.internal.le jdk.internal.vm.ci jdk.internal.vm.compiler jdk.internal.vm.compiler.management jdk.jartool jdk.javadoc jdk.jcmd jdk.management jdk.management.agent jdk.jconsole jdk.jdeps jdk.jdwp.agent jdk.jdi jdk.jfr jdk.jshell jdk.jsobject jdk.jstatd jdk.localedata jdk.management.jfr jdk.naming.dns jdk.naming.rmi jdk.net jdk.nio.mapmode jdk.random jdk.sctp jdk.security.auth jdk.security.jgss jdk.unsupported jdk.unsupported.desktop jdk.xml.dom" 

Environment Variables:
JAVA_HOME=F:" /M
PATH=C:\Program Files\Microsoft SDKs\Azure\CLI2\wbin;C:\Program Files\Microsoft MPI\Bin\;F:\bin;C:\Windows\system32;C:\Windows;C:\Windows\System32\Wbem;C:\Windows\System32\WindowsPowerShell\v1.0\;C:\Windows\System32\OpenSSH\;C:\Program Files (x86)\NVIDIA Corporation\PhysX\Common;C:\Program Files\NVIDIA Corporation\NVIDIA NvDLISR;C:\Program Files\dotnet\;C:\Program Files (x86)\Microsoft SQL Server\170\Tools\Binn\;C:\Program Files\Microsoft SQL Server\170\Tools\Binn\;C:\Program Files\Microsoft SQL Server\Client SDK\ODBC\180\Tools\Binn\;C:\Program Files\Microsoft SQL Server\170\DTS\Binn\;C:\Program Files\Microsoft SQL Server\150\Tools\Binn\;C:\Program Files\Microsoft SQL Server\Client SDK\ODBC\170\Tools\Binn\;C:\Program Files\CodeBlocks\MinGW\bin;C:\WINDOWS\system32;C:\WINDOWS;C:\WINDOWS\System32\Wbem;C:\WINDOWS\System32\WindowsPowerShell\v1.0\;C:\WINDOWS\System32\OpenSSH\;C:\Program Files\Git\cmd;C:\Program Files\Cloudflare\Cloudflare WARP\;C:\Users\CHI TAI\AppData\Local\Programs\Python\Python314\Scripts\;C:\Users\CHI TAI\AppData\Local\Programs\Python\Python314\;C:\Users\CHI TAI\AppData\Local\Programs\Python\Launcher\;C:\Users\CHI TAI\AppData\Local\Microsoft\WindowsApps;C:\Users\CHI TAI\.dotnet\tools;F:\Microsoft VS Code\bin;F:\pycharm\PyCharm 2026.1.3\bin;C:\Users\CHI TAI\AppData\Local\Kingsoft\WPS Office\12.1.0.27458\clitool;C:\Users\CHI TAI\AppData\Local\Programs\DockerDesktop\resources\bin;F:\INTELLIJ IDEA 2026\IntelliJ IDEA 2026.2.1\bin;F:\ANTI\Antigravity IDE\bin
USERNAME=CHI TAI
OS=Windows_NT
PROCESSOR_IDENTIFIER=Intel64 Family 6 Model 186 Stepping 2, GenuineIntel
TMP=C:\Users\CHITAI~1\AppData\Local\Temp
TEMP=C:\Users\CHITAI~1\AppData\Local\Temp




Periodic native trim disabled

---------------  S Y S T E M  ---------------

OS:
 Windows 11 , 64 bit Build 26100 (10.0.26100.9444)
OS uptime: 0 days 2:35 hours
Hyper-V role detected

CPU: total 12 (initial active 12) (6 cores per cpu, 2 threads per core) family 6 model 186 stepping 2 microcode 0x5105, cx8, cmov, fxsr, ht, mmx, 3dnowpref, sse, sse2, sse3, ssse3, sse4.1, sse4.2, popcnt, lzcnt, tsc, tscinvbit, avx, avx2, aes, erms, clmul, bmi1, bmi2, adx, sha, fma, vzeroupper, clflush, clflushopt, clwb, hv, serialize, rdtscp, rdpid, fsrm, f16c, cet_ibt, cet_ss
Processor Information for processor 0
  Max Mhz: 2100, Current Mhz: 2100, Mhz Limit: 2100
Processor Information for processor 1
  Max Mhz: 2100, Current Mhz: 2100, Mhz Limit: 2100
Processor Information for processor 2
  Max Mhz: 2100, Current Mhz: 2100, Mhz Limit: 2100
Processor Information for processor 3
  Max Mhz: 2100, Current Mhz: 2100, Mhz Limit: 2100
Processor Information for processor 4
  Max Mhz: 2100, Current Mhz: 2100, Mhz Limit: 2100
Processor Information for processor 5
  Max Mhz: 2100, Current Mhz: 2100, Mhz Limit: 2100
Processor Information for processor 6
  Max Mhz: 2100, Current Mhz: 2100, Mhz Limit: 2100
Processor Information for processor 7
  Max Mhz: 2100, Current Mhz: 2100, Mhz Limit: 2100
Processor Information for processor 8
  Max Mhz: 2100, Current Mhz: 1540, Mhz Limit: 2100
Processor Information for processor 9
  Max Mhz: 2100, Current Mhz: 1540, Mhz Limit: 2100
Processor Information for processor 10
  Max Mhz: 2100, Current Mhz: 1540, Mhz Limit: 2100
Processor Information for processor 11
  Max Mhz: 2100, Current Mhz: 1540, Mhz Limit: 2100

Memory: 4k page, system-wide physical 7895M (226M free)
TotalPageFile size 21365M (AvailPageFile size 6M)
current process WorkingSet (physical memory assigned to process): 460M, peak: 460M
current process commit charge ("private bytes"): 504M, peak: 1675M

vm_info: OpenJDK 64-Bit Server VM (21.0.12.1+1-LTS) for windows-amd64 JRE (21.0.12.1+1-LTS), built on 2026-08-18T00:00:00Z by "admin" with MS VC++ 17.12 (VS2022)

END.
