#
# There is insufficient memory for the Java Runtime Environment to continue.
# Native memory allocation (mmap) failed to map 65536 bytes. Error detail: Failed to commit metaspace.
# Possible reasons:
#   The system is out of physical RAM or swap space
#   This process is running with CompressedOops enabled, and the Java Heap may be blocking the growth of the native heap
# Possible solutions:
#   Reduce memory load on the system
#   Increase physical memory or swap space
#   Check if swap backing store is full
#   Decrease Java heap size (-Xmx/-Xms)
#   Decrease number of Java threads
#   Decrease Java thread stack sizes (-Xss)
#   Set larger code cache with -XX:ReservedCodeCacheSize=
#   JVM is running with Unscaled Compressed Oops mode in which the Java heap is
#     placed in the first 4GB address space. The Java Heap base address is the
#     maximum limit for the native heap growth. Please use -XX:HeapBaseMinAddress
#     to set the Java Heap base and to place the Java Heap above 4GB virtual address.
# This output file may be truncated or incomplete.
#
#  Out of Memory Error (virtualSpaceNode.cpp:113), pid=26368, tid=25688
#
# JRE version: OpenJDK Runtime Environment Temurin-21.0.12.1+1 (21.0.12.1+1) (build 21.0.12.1+1-LTS)
# Java VM: OpenJDK 64-Bit Server VM Temurin-21.0.12.1+1 (21.0.12.1+1-LTS, mixed mode, sharing, tiered, compressed oops, compressed class ptrs, parallel gc, windows-amd64)
# No core dump will be written. Minidumps are not enabled by default on client versions of Windows
#

---------------  S U M M A R Y ------------

Command Line: --add-modules=ALL-SYSTEM --add-opens=java.base/java.util=ALL-UNNAMED --add-opens=java.base/java.lang=ALL-UNNAMED --add-opens=java.base/sun.nio.fs=ALL-UNNAMED -Declipse.application=org.eclipse.jdt.ls.core.id1 -Dosgi.bundles.defaultStartLevel=4 -Declipse.product=org.eclipse.jdt.ls.core.product -Djava.import.generatesMetadataFilesAtProjectRoot=false -Dm2e.project.cache.size=50 -DDetectVMInstallationsJob.disabled=true -Dfile.encoding=utf8 -XX:+UseParallelGC -XX:GCTimeRatio=4 -XX:AdaptiveSizePolicyWeight=90 -Dsun.zip.disableMemoryMapping=true -Xmx2G -Xms100m -Xlog:disable -javaagent:c:\Users\CHI TAI\.antigravity-ide\extensions\redhat.java-1.56.0-win32-x64\lombok\lombok-1.18.39-4050.jar c:\Users\CHI TAI\.antigravity-ide\extensions\redhat.java-1.56.0-win32-x64\server\plugins\org.eclipse.equinox.launcher_1.8.0.v20260804-1928.jar -configuration c:\Users\CHI TAI\AppData\Roaming\Antigravity IDE\User\globalStorage\redhat.java\1.56.0\config_ss_win -data c:\Users\CHI TAI\AppData\Roaming\Antigravity IDE\User\workspaceStorage\7d69b7ec1bea4d07db66e797e26b716f\redhat.java\ss_ws --pipe=\\.\pipe\lsp-37479b615c6c1539f79a6375f758f2f2-sock

Host: 13th Gen Intel(R) Core(TM) i5-13420H, 12 cores, 7G,  Windows 11 , 64 bit Build 26100 (10.0.26100.9444)
Time: Tue Oct  6 15:12:12 2026 SE Asia Standard Time elapsed time: 0.181841 seconds (0d 0h 0m 0s)

---------------  T H R E A D  ---------------

Current thread (0x000001ee8e52cf00):  JavaThread "main"             [_thread_in_vm, id=25688, stack(0x000000ae87a00000,0x000000ae87b00000) (1024K)]

Stack: [0x000000ae87a00000,0x000000ae87b00000]
Native frames: (J=compiled Java code, j=interpreted, Vv=VM code, C=native code)
V  [jvm.dll+0x6d83e9]
V  [jvm.dll+0x8b5736]
V  [jvm.dll+0x8b7cee]
V  [jvm.dll+0x8b83d3]
V  [jvm.dll+0x284596]
V  [jvm.dll+0x8b147e]
V  [jvm.dll+0x679ad4]
V  [jvm.dll+0x1e849b]
V  [jvm.dll+0x1e825e]
V  [jvm.dll+0x67c3d2]
V  [jvm.dll+0x67c202]
V  [jvm.dll+0x67a4ae]
V  [jvm.dll+0x281467]
V  [jvm.dll+0x72e6df]
V  [jvm.dll+0x72f21f]
V  [jvm.dll+0x3ccb91]
V  [jvm.dll+0x3cb967]
V  [jvm.dll+0x3cb908]
V  [jvm.dll+0x3dd3aa]
C  0x000001ee98c7925f

The last pc belongs to new (printed below).
Java frames: (J=compiled Java code, j=interpreted, Vv=VM code)
j  lombok.eclipse.agent.EclipseLoaderPatcher.patchEquinoxLoaders(Llombok/patcher/ScriptManager;Ljava/lang/Class;)V+94
j  lombok.eclipse.agent.EclipsePatcher.registerPatchScripts(Ljava/lang/instrument/Instrumentation;ZLjava/lang/Class;)V+44
j  lombok.eclipse.agent.EclipsePatcher.runAgent(Ljava/lang/String;Ljava/lang/instrument/Instrumentation;ZLjava/lang/Class;)V+4
j  lombok.core.AgentLauncher.runAgents(Ljava/lang/String;Ljava/lang/instrument/Instrumentation;ZLjava/lang/Class;)V+62
j  java.lang.invoke.LambdaForm$DMH+0x000001eea6004800.invokeStatic(Ljava/lang/Object;Ljava/lang/Object;Ljava/lang/Object;ILjava/lang/Object;)V+16 java.base@21.0.12.1
j  java.lang.invoke.LambdaForm$MH+0x000001eea6008c00.invoke(Ljava/lang/Object;Ljava/lang/Object;Ljava/lang/Object;)Ljava/lang/Object;+124 java.base@21.0.12.1
j  java.lang.invoke.Invokers$Holder.invokeExact_MT(Ljava/lang/Object;Ljava/lang/Object;Ljava/lang/Object;Ljava/lang/Object;)Ljava/lang/Object;+20 java.base@21.0.12.1
j  jdk.internal.reflect.DirectMethodHandleAccessor.invokeImpl(Ljava/lang/Object;[Ljava/lang/Object;)Ljava/lang/Object;+104 java.base@21.0.12.1
j  jdk.internal.reflect.DirectMethodHandleAccessor.invoke(Ljava/lang/Object;[Ljava/lang/Object;)Ljava/lang/Object;+23 java.base@21.0.12.1
j  java.lang.reflect.Method.invoke(Ljava/lang/Object;[Ljava/lang/Object;)Ljava/lang/Object;+102 java.base@21.0.12.1
j  lombok.launch.Agent.runLauncher(Ljava/lang/String;Ljava/lang/instrument/Instrumentation;Z)V+73
j  lombok.launch.Agent.premain(Ljava/lang/String;Ljava/lang/instrument/Instrumentation;)V+3
j  java.lang.invoke.LambdaForm$DMH+0x000001eea6000c00.invokeStatic(Ljava/lang/Object;Ljava/lang/Object;Ljava/lang/Object;)V+11 java.base@21.0.12.1
j  java.lang.invoke.LambdaForm$MH+0x000001eea6002800.invoke(Ljava/lang/Object;Ljava/lang/Object;Ljava/lang/Object;Ljava/lang/Object;)Ljava/lang/Object;+54 java.base@21.0.12.1
j  java.lang.invoke.LambdaForm$MH+0x000001eea6002c00.invokeExact_MT(Ljava/lang/Object;Ljava/lang/Object;Ljava/lang/Object;Ljava/lang/Object;Ljava/lang/Object;)Ljava/lang/Object;+22 java.base@21.0.12.1
j  jdk.internal.reflect.DirectMethodHandleAccessor.invokeImpl(Ljava/lang/Object;[Ljava/lang/Object;)Ljava/lang/Object;+72 java.base@21.0.12.1
j  jdk.internal.reflect.DirectMethodHandleAccessor.invoke(Ljava/lang/Object;[Ljava/lang/Object;)Ljava/lang/Object;+23 java.base@21.0.12.1
j  java.lang.reflect.Method.invoke(Ljava/lang/Object;[Ljava/lang/Object;)Ljava/lang/Object;+102 java.base@21.0.12.1
j  sun.instrument.InstrumentationImpl.loadClassAndStartAgent(Ljava/lang/String;Ljava/lang/String;Ljava/lang/String;)V+165 java.instrument@21.0.12.1
j  sun.instrument.InstrumentationImpl.loadClassAndCallPremain(Ljava/lang/String;Ljava/lang/String;)V+6 java.instrument@21.0.12.1
v  ~StubRoutines::call_stub 0x000001ee98c6100d
new  187 new  [0x000001ee98c790e0, 0x000001ee98c792e8]  520 bytes
[MachCode]
  0x000001ee98c790e0: 4883 ec08 | c5fa 1104 | 24eb 1f48 | 83ec 10c5 | fb11 0424 | eb14 4883 | ec10 4889 | 0424 48c7 
  0x000001ee98c79100: 4424 0800 | 0000 00eb | 0150 410f | b755 010f | cac1 ea10 | 488b 4de8 | 488b 4908 | 488b 4908 
  0x000001ee98c79120: 488b 4108 | 807c 1004 | 070f 85d3 | 0000 0066 | 8b54 d148 | 488b 4928 | 488b 4cd1 | 0851 80b9 
  0x000001ee98c79140: 3101 0000 | 040f 85b6 | 0000 008b | 5108 f6c2 | 010f 85aa | 0000 0049 | 8b87 b801 | 0000 488d 
  0x000001ee98c79160: 1c10 493b | 9fc8 0100 | 000f 8792 | 0000 0049 | 899f b801 | 0000 4883 | ea10 0f84 | 0f00 0000 
  0x000001ee98c79180: 33c9 c1ea | 0348 894c | d008 48ff | ca75 f648 | c700 0100 | 0000 5933 | f689 700c | 49ba 0000 
  0x000001ee98c791a0: 00a5 ee01 | 0000 492b | ca89 4808 | 49ba 076d | ce61 fc7f | 0000 4180 | 3a00 0f84 | 3c00 0000 
  0x000001ee98c791c0: 5048 8bc8 | 4883 ec20 | 40f6 c40f | 0f84 1900 | 0000 4883 | ec08 48b8 | 20eb 7761 | fc7f 0000 
  0x000001ee98c791e0: ffd0 4883 | c408 e90c | 0000 0048 | b820 eb77 | 61fc 7f00 | 00ff d048 | 83c4 2058 | e9cb 0000 
  0x000001ee98c79200: 0059 488b | 55e8 488b | 5208 488b | 5208 450f | b745 0141 | 0fc8 41c1 | e810 e805 | 0000 00e9 
  0x000001ee98c79220: a800 0000 | 488d 4424 | 084c 896d | c049 8bcf | c5f8 7749 | 89af b003 | 0000 4989 | 87a0 0300 
  0x000001ee98c79240: 0048 83ec | 2040 f6c4 | 0f0f 8419 | 0000 0048 | 83ec 0848 | b820 d341 | 61fc 7f00 | 00ff d048 
  0x000001ee98c79260: 83c4 08e9 | 0c00 0000 | 48b8 20d3 | 4161 fc7f | 0000 ffd0 | 4883 c420 | 49c7 87a0 | 0300 0000 
  0x000001ee98c79280: 0000 0049 | c787 b003 | 0000 0000 | 0000 49c7 | 87a8 0300 | 0000 0000 | 00c5 f877 | 4983 7f08 
  0x000001ee98c792a0: 000f 8405 | 0000 00e9 | 547c feff | 498b 87f8 | 0300 0049 | c787 f803 | 0000 0000 | 0000 4c8b 
  0x000001ee98c792c0: 6dc0 4c8b | 75c8 4e8d | 74f5 00c3 | 410f b65d | 0349 83c5 | 0349 ba50 | 35d1 61fc | 7f00 0041 
  0x000001ee98c792e0: ff24 da0f | 1f44 0000 
[/MachCode]

---------------  P R O C E S S  ---------------

Threads class SMR info:
_java_thread_list=0x000001eee741c0f0, length=10, elements={
0x000001ee8e52cf00, 0x000001ee8e5d1f60, 0x000001ee8e5d5fd0, 0x000001ee8e5d83b0,
0x000001ee8e5d92a0, 0x000001ee8e5dc8f0, 0x000001ee8e5e3870, 0x000001ee8e5e7170,
0x000001ee8e5ed8e0, 0x000001eee74c2470
}

Java Threads: ( => current thread )
=>0x000001ee8e52cf00 JavaThread "main"                              [_thread_in_vm, id=25688, stack(0x000000ae87a00000,0x000000ae87b00000) (1024K)]
  0x000001ee8e5d1f60 JavaThread "Reference Handler"          daemon [_thread_blocked, id=11800, stack(0x000000ae87e00000,0x000000ae87f00000) (1024K)]
  0x000001ee8e5d5fd0 JavaThread "Finalizer"                  daemon [_thread_blocked, id=14656, stack(0x000000ae87f00000,0x000000ae88000000) (1024K)]
  0x000001ee8e5d83b0 JavaThread "Signal Dispatcher"          daemon [_thread_blocked, id=25684, stack(0x000000ae88000000,0x000000ae88100000) (1024K)]
  0x000001ee8e5d92a0 JavaThread "Attach Listener"            daemon [_thread_blocked, id=13140, stack(0x000000ae88100000,0x000000ae88200000) (1024K)]
  0x000001ee8e5dc8f0 JavaThread "Service Thread"             daemon [_thread_blocked, id=24568, stack(0x000000ae88200000,0x000000ae88300000) (1024K)]
  0x000001ee8e5e3870 JavaThread "Monitor Deflation Thread"   daemon [_thread_blocked, id=28712, stack(0x000000ae88300000,0x000000ae88400000) (1024K)]
  0x000001ee8e5e7170 JavaThread "C2 CompilerThread0"         daemon [_thread_blocked, id=2548, stack(0x000000ae88400000,0x000000ae88500000) (1024K)]
  0x000001ee8e5ed8e0 JavaThread "C1 CompilerThread0"         daemon [_thread_blocked, id=25512, stack(0x000000ae88500000,0x000000ae88600000) (1024K)]
  0x000001eee74c2470 JavaThread "Common-Cleaner"             daemon [_thread_blocked, id=23432, stack(0x000000ae88600000,0x000000ae88700000) (1024K)]
Total: 10

Other Threads:
  0x000001ee8e4c4590 VMThread "VM Thread"                           [id=2504, stack(0x000000ae87d00000,0x000000ae87e00000) (1024K)]
  0x000001ee8e59d760 WatcherThread "VM Periodic Task Thread"        [id=13548, stack(0x000000ae87c00000,0x000000ae87d00000) (1024K)]
  0x000001ee8e54de50 WorkerThread "GC Thread#0"                     [id=3536, stack(0x000000ae87b00000,0x000000ae87c00000) (1024K)]
Total: 3

Threads with active compile tasks:
Total: 0

VM state: not at safepoint (normal execution)

VM Mutex/Monitor currently owned by a thread:  ([mutex/lock_event])
[0x00007ffc61cfd530] Metaspace_lock - owner thread: 0x000001ee8e52cf00

Heap address: 0x0000000080000000, size: 2048 MB, Compressed Oops mode: 32-bit

CDS archive(s) mapped at: [0x000001eea5000000-0x000001eea5ba0000-0x000001eea5ba0000), size 12189696, SharedBaseAddress: 0x000001eea5000000, ArchiveRelocationMode: 1.
Compressed class space mapped at: 0x000001eea6000000-0x000001eee6000000, reserved size: 1073741824
Narrow klass base: 0x000001eea5000000, Narrow klass shift: 0, Narrow klass range: 0x100000000

GC Precious Log:
 CardTable entry size: 512
 CPUs: 12 total, 12 available
 Memory: 7895M
 Large Page Support: Disabled
 NUMA Support: Disabled
 Compressed Oops: Enabled (32-bit)
 Alignments: Space 512K, Generation 512K, Heap 2M
 Heap Min Capacity: 100M
 Heap Initial Capacity: 100M
 Heap Max Capacity: 2G
 Pre-touch: Disabled
 Parallel Workers: 10

Heap:
 PSYoungGen      total 29696K, used 7684K [0x00000000d5580000, 0x00000000d7680000, 0x0000000100000000)
  eden space 25600K, 30% used [0x00000000d5580000,0x00000000d5d013d0,0x00000000d6e80000)
  from space 4096K, 0% used [0x00000000d7280000,0x00000000d7280000,0x00000000d7680000)
  to   space 4096K, 0% used [0x00000000d6e80000,0x00000000d6e80000,0x00000000d7280000)
 ParOldGen       total 68608K, used 0K [0x0000000080000000, 0x0000000084300000, 0x00000000d5580000)
  object space 68608K, 0% used [0x0000000080000000,0x0000000080000000,0x0000000084300000)
 Metaspace       used 995K, committed 1088K, reserved 1114112K
  class space    used 88K, committed 128K, reserved 1048576K

Card table byte_map: [0x000001ee8ded0000,0x000001ee8e2e0000] _byte_map_base: 0x000001ee8dad0000

Marking Bits: (ParMarkBitMap*) 0x00007ffc61d044a0
 Begin Bits: [0x000001eea09e0000, 0x000001eea29e0000)
 End Bits:   [0x000001eea29e0000, 0x000001eea49e0000)

Polling page: 0x000001ee8c350000

Metaspace:

Usage:
  Non-class:    907.46 KB used.
      Class:     88.22 KB used.
       Both:    995.68 KB used.

Virtual space:
  Non-class space:       64.00 MB reserved,     960.00 KB (  1%) committed,  1 nodes.
      Class space:        1.00 GB reserved,     128.00 KB ( <1%) committed,  1 nodes.
             Both:        1.06 GB reserved,       1.06 MB ( <1%) committed. 

Chunk freelists:
   Non-Class:  11.73 MB
       Class:  15.69 MB
        Both:  27.42 MB

MaxMetaspaceSize: unlimited
CompressedClassSpaceSize: 1.00 GB
Initial GC threshold: 21.00 MB
Current GC threshold: 21.00 MB
CDS: on
 - commit_granule_bytes: 65536.
 - commit_granule_words: 8192.
 - virtual_space_node_default_size: 8388608.
 - enlarge_chunks_in_place: 1.
 - use_allocation_guard: 0.


Internal statistics:

num_allocs_failed_limit: 0.
num_arena_births: 74.
num_arena_deaths: 0.
num_vsnodes_births: 2.
num_vsnodes_deaths: 0.
num_space_committed: 17.
num_space_uncommitted: 0.
num_chunks_returned_to_freelist: 0.
num_chunks_taken_from_freelist: 91.
num_chunk_merges: 0.
num_chunk_splits: 64.
num_chunks_enlarged: 40.
num_inconsistent_stats: 0.

CodeHeap 'non-profiled nmethods': size=120000Kb used=163Kb max_used=163Kb free=119836Kb
 bounds [0x000001ee99200000, 0x000001ee99470000, 0x000001eea0730000]
CodeHeap 'profiled nmethods': size=120000Kb used=647Kb max_used=647Kb free=119352Kb
 bounds [0x000001ee91730000, 0x000001ee919a0000, 0x000001ee98c60000]
CodeHeap 'non-nmethods': size=5760Kb used=1148Kb max_used=1163Kb free=4611Kb
 bounds [0x000001ee98c60000, 0x000001ee98ed0000, 0x000001ee99200000]
CodeCache: size=245760Kb, used=1958Kb, max_used=1973Kb, free=243799Kb
 total_blobs=885, nmethods=490, adapters=302, full_count=0
Compilation: enabled, stopped_count=0, restarted_count=0

Compilation events (20 events):
Event: 0.170 Thread 0x000001ee8e5ed8e0  481       3       java.util.ArrayList$Itr::hasNext (20 bytes)
Event: 0.170 Thread 0x000001ee8e5ed8e0 nmethod 481 0x000001ee917cee10 code [0x000001ee917cefc0, 0x000001ee917cf130]
Event: 0.176 Thread 0x000001ee8e5ed8e0  482       3       java.net.URI$Parser::checkChars (44 bytes)
Event: 0.176 Thread 0x000001ee8e5ed8e0 nmethod 482 0x000001ee917cf210 code [0x000001ee917cf440, 0x000001ee917cfa18]
Event: 0.177 Thread 0x000001ee8e5ed8e0  483       1       java.net.URI::getScheme (5 bytes)
Event: 0.177 Thread 0x000001ee8e5ed8e0 nmethod 483 0x000001ee99228710 code [0x000001ee992288a0, 0x000001ee99228968]
Event: 0.177 Thread 0x000001ee8e5ed8e0  484   !   3       java.lang.invoke.MemberName$Factory::resolve (159 bytes)
Event: 0.178 Thread 0x000001ee8e5ed8e0 nmethod 484 0x000001ee917cfd10 code [0x000001ee917cff40, 0x000001ee917d05c0]
Event: 0.178 Thread 0x000001ee8e5ed8e0  485       3       java.util.Objects::hashCode (13 bytes)
Event: 0.178 Thread 0x000001ee8e5ed8e0 nmethod 485 0x000001ee917d0890 code [0x000001ee917d0a40, 0x000001ee917d0c60]
Event: 0.178 Thread 0x000001ee8e5ed8e0  486       3       java.lang.invoke.MemberName::isResolved (13 bytes)
Event: 0.178 Thread 0x000001ee8e5ed8e0 nmethod 486 0x000001ee917d0d10 code [0x000001ee917d0ea0, 0x000001ee917d1000]
Event: 0.178 Thread 0x000001ee8e5ed8e0  487       3       java.util.regex.Pattern::has (15 bytes)
Event: 0.179 Thread 0x000001ee8e5ed8e0 nmethod 487 0x000001ee917d1090 code [0x000001ee917d1220, 0x000001ee917d1388]
Event: 0.179 Thread 0x000001ee8e5ed8e0  488       3       java.nio.Buffer::position (52 bytes)
Event: 0.180 Thread 0x000001ee8e5ed8e0 nmethod 488 0x000001ee917d1410 code [0x000001ee917d15c0, 0x000001ee917d1818]
Event: 0.180 Thread 0x000001ee8e5ed8e0  489       3       java.io.WinNTFileSystem::isLetter (30 bytes)
Event: 0.180 Thread 0x000001ee8e5ed8e0 nmethod 489 0x000001ee917d1910 code [0x000001ee917d1ac0, 0x000001ee917d1cb0]
Event: 0.180 Thread 0x000001ee8e5ed8e0  490       1       java.security.ProtectionDomain::getCodeSource (5 bytes)
Event: 0.180 Thread 0x000001ee8e5ed8e0 nmethod 490 0x000001ee99228a10 code [0x000001ee99228ba0, 0x000001ee99228c68]

GC Heap History (0 events):
No events

Dll operation events (16 events):
Event: 0.007 Attempting to load shared library c:\Users\CHI TAI\.antigravity-ide\extensions\redhat.java-1.56.0-win32-x64\jre\21.0.12.1-win32-x86_64\bin\java.dll
Event: 0.007 Loaded shared library c:\Users\CHI TAI\.antigravity-ide\extensions\redhat.java-1.56.0-win32-x64\jre\21.0.12.1-win32-x86_64\bin\java.dll
Event: 0.048 Attempting to load shared library c:\Users\CHI TAI\.antigravity-ide\extensions\redhat.java-1.56.0-win32-x64\jre\21.0.12.1-win32-x86_64\bin\zip.dll
Event: 0.048 Loaded shared library c:\Users\CHI TAI\.antigravity-ide\extensions\redhat.java-1.56.0-win32-x64\jre\21.0.12.1-win32-x86_64\bin\zip.dll
Event: 0.063 Attempting to load shared library C:\Users\CHI TAI\.antigravity-ide\extensions\redhat.java-1.56.0-win32-x64\jre\21.0.12.1-win32-x86_64\bin\instrument.dll
Event: 0.064 Loaded shared library C:\Users\CHI TAI\.antigravity-ide\extensions\redhat.java-1.56.0-win32-x64\jre\21.0.12.1-win32-x86_64\bin\instrument.dll
Event: 0.068 Attempting to load shared library C:\Users\CHI TAI\.antigravity-ide\extensions\redhat.java-1.56.0-win32-x64\jre\21.0.12.1-win32-x86_64\bin\net.dll
Event: 0.069 Loaded shared library C:\Users\CHI TAI\.antigravity-ide\extensions\redhat.java-1.56.0-win32-x64\jre\21.0.12.1-win32-x86_64\bin\net.dll
Event: 0.071 Attempting to load shared library C:\Users\CHI TAI\.antigravity-ide\extensions\redhat.java-1.56.0-win32-x64\jre\21.0.12.1-win32-x86_64\bin\nio.dll
Event: 0.071 Loaded shared library C:\Users\CHI TAI\.antigravity-ide\extensions\redhat.java-1.56.0-win32-x64\jre\21.0.12.1-win32-x86_64\bin\nio.dll
Event: 0.073 Attempting to load shared library C:\Users\CHI TAI\.antigravity-ide\extensions\redhat.java-1.56.0-win32-x64\jre\21.0.12.1-win32-x86_64\bin\zip.dll
Event: 0.073 Loaded shared library C:\Users\CHI TAI\.antigravity-ide\extensions\redhat.java-1.56.0-win32-x64\jre\21.0.12.1-win32-x86_64\bin\zip.dll
Event: 0.083 Attempting to load shared library C:\Users\CHI TAI\.antigravity-ide\extensions\redhat.java-1.56.0-win32-x64\jre\21.0.12.1-win32-x86_64\bin\jimage.dll
Event: 0.083 Loaded shared library C:\Users\CHI TAI\.antigravity-ide\extensions\redhat.java-1.56.0-win32-x64\jre\21.0.12.1-win32-x86_64\bin\jimage.dll
Event: 0.145 Attempting to load shared library c:\Users\CHI TAI\.antigravity-ide\extensions\redhat.java-1.56.0-win32-x64\jre\21.0.12.1-win32-x86_64\bin\verify.dll
Event: 0.145 Loaded shared library c:\Users\CHI TAI\.antigravity-ide\extensions\redhat.java-1.56.0-win32-x64\jre\21.0.12.1-win32-x86_64\bin\verify.dll

Deoptimization events (18 events):
Event: 0.075 Thread 0x000001ee8e52cf00 Uncommon trap: trap_request=0xffffffde fr.pc=0x000001ee9920f8a0 relative=0x0000000000000780
Event: 0.075 Thread 0x000001ee8e52cf00 Uncommon trap: reason=class_check action=maybe_recompile pc=0x000001ee9920f8a0 method=java.util.HashMap.putVal(ILjava/lang/Object;Ljava/lang/Object;ZZ)Ljava/lang/Object; @ 152 c2
Event: 0.075 Thread 0x000001ee8e52cf00 DEOPT PACKING pc=0x000001ee9920f8a0 sp=0x000000ae87afdcf0
Event: 0.075 Thread 0x000001ee8e52cf00 DEOPT UNPACKING pc=0x000001ee98cb3aa2 sp=0x000000ae87afdc50 mode 2
Event: 0.075 Thread 0x000001ee8e52cf00 Uncommon trap: trap_request=0xffffffde fr.pc=0x000001ee9920f8a0 relative=0x0000000000000780
Event: 0.075 Thread 0x000001ee8e52cf00 Uncommon trap: reason=class_check action=maybe_recompile pc=0x000001ee9920f8a0 method=java.util.HashMap.putVal(ILjava/lang/Object;Ljava/lang/Object;ZZ)Ljava/lang/Object; @ 152 c2
Event: 0.075 Thread 0x000001ee8e52cf00 DEOPT PACKING pc=0x000001ee9920f8a0 sp=0x000000ae87afdcf0
Event: 0.075 Thread 0x000001ee8e52cf00 DEOPT UNPACKING pc=0x000001ee98cb3aa2 sp=0x000000ae87afdc50 mode 2
Event: 0.090 Thread 0x000001ee8e52cf00 DEOPT PACKING pc=0x000001ee91763d49 sp=0x000000ae87afdad0
Event: 0.090 Thread 0x000001ee8e52cf00 DEOPT UNPACKING pc=0x000001ee98cb4242 sp=0x000000ae87afcf58 mode 0
Event: 0.091 Thread 0x000001ee8e52cf00 DEOPT PACKING pc=0x000001ee91763d49 sp=0x000000ae87afdad0
Event: 0.091 Thread 0x000001ee8e52cf00 DEOPT UNPACKING pc=0x000001ee98cb4242 sp=0x000000ae87afcf58 mode 0
Event: 0.091 Thread 0x000001ee8e52cf00 DEOPT PACKING pc=0x000001ee91763d49 sp=0x000000ae87afdad0
Event: 0.091 Thread 0x000001ee8e52cf00 DEOPT UNPACKING pc=0x000001ee98cb4242 sp=0x000000ae87afcf58 mode 0
Event: 0.092 Thread 0x000001ee8e52cf00 DEOPT PACKING pc=0x000001ee91763d49 sp=0x000000ae87afdad0
Event: 0.092 Thread 0x000001ee8e52cf00 DEOPT UNPACKING pc=0x000001ee98cb4242 sp=0x000000ae87afcf58 mode 0
Event: 0.092 Thread 0x000001ee8e52cf00 DEOPT PACKING pc=0x000001ee91763d49 sp=0x000000ae87afdad0
Event: 0.092 Thread 0x000001ee8e52cf00 DEOPT UNPACKING pc=0x000001ee98cb4242 sp=0x000000ae87afcf58 mode 0

Classes loaded (20 events):
Event: 0.147 Loading class java/lang/IllegalAccessException
Event: 0.147 Loading class java/lang/IllegalAccessException done
Event: 0.150 Loading class java/lang/IllegalStateException
Event: 0.150 Loading class java/lang/IllegalStateException done
Event: 0.152 Loading class java/lang/UnsupportedOperationException
Event: 0.152 Loading class java/lang/UnsupportedOperationException done
Event: 0.153 Loading class java/lang/instrument/ClassFileTransformer
Event: 0.153 Loading class java/lang/instrument/ClassFileTransformer done
Event: 0.161 Loading class java/lang/instrument/UnmodifiableClassException
Event: 0.161 Loading class java/lang/instrument/UnmodifiableClassException done
Event: 0.161 Loading class java/lang/instrument/ClassDefinition
Event: 0.161 Loading class java/lang/instrument/ClassDefinition done
Event: 0.163 Loading class java/lang/invoke/WrongMethodTypeException
Event: 0.164 Loading class java/lang/invoke/WrongMethodTypeException done
Event: 0.167 Loading class java/net/URLClassLoader
Event: 0.168 Loading class java/net/URLClassLoader done
Event: 0.178 Loading class java/util/regex/Pattern$Loop
Event: 0.178 Loading class java/util/regex/Pattern$Loop done
Event: 0.178 Loading class java/util/regex/Pattern$Prolog
Event: 0.178 Loading class java/util/regex/Pattern$Prolog done

Classes unloaded (0 events):
No events

Classes redefined (0 events):
No events

Internal exceptions (11 events):
Event: 0.046 Thread 0x000001ee8e52cf00 Exception <a 'java/lang/NoSuchMethodError'{0x00000000d57a9490}: 'void java.lang.invoke.DirectMethodHandle$Holder.invokeStatic(java.lang.Object, java.lang.Object, java.lang.Object)'> (0x00000000d57a9490) 
thrown [s\src\hotspot\share\interpreter\linkResolver.cpp, line 773]
Event: 0.080 Thread 0x000001ee8e52cf00 Exception <a 'java/lang/NoSuchMethodError'{0x00000000d59137c8}: 'java.lang.Object java.lang.invoke.Invokers$Holder.invokeExact_MT(java.lang.Object, java.lang.Object, java.lang.Object, java.lang.Object, java.lang.Object)'> (0x00000000d59137c8) 
thrown [s\src\hotspot\share\interpreter\linkResolver.cpp, line 773]
Event: 0.113 Thread 0x000001ee8e52cf00 Exception <a 'java/lang/NoSuchMethodError'{0x00000000d59cf4c8}: 'int java.lang.invoke.DirectMethodHandle$Holder.invokeSpecial(java.lang.Object, java.lang.Object, java.lang.Object, int)'> (0x00000000d59cf4c8) 
thrown [s\src\hotspot\share\interpreter\linkResolver.cpp, line 773]
Event: 0.115 Thread 0x000001ee8e52cf00 Exception <a 'java/lang/NoSuchMethodError'{0x00000000d59e1eb0}: 'java.lang.Object java.lang.invoke.DirectMethodHandle$Holder.invokeStatic(java.lang.Object, java.lang.Object, java.lang.Object, java.lang.Object, int)'> (0x00000000d59e1eb0) 
thrown [s\src\hotspot\share\interpreter\linkResolver.cpp, line 773]
Event: 0.116 Thread 0x000001ee8e52cf00 Exception <a 'java/lang/NoSuchMethodError'{0x00000000d59ed2f0}: 'void java.lang.invoke.DelegatingMethodHandle$Holder.reinvoke_L(java.lang.Object, java.lang.Object, java.lang.Object, int, java.lang.Object)'> (0x00000000d59ed2f0) 
thrown [s\src\hotspot\share\interpreter\linkResolver.cpp, line 773]
Event: 0.116 Thread 0x000001ee8e52cf00 Exception <a 'java/lang/NoSuchMethodError'{0x00000000d59f0d28}: 'int java.lang.invoke.DirectMethodHandle$Holder.invokeSpecial(java.lang.Object, java.lang.Object, java.lang.Object)'> (0x00000000d59f0d28) 
thrown [s\src\hotspot\share\interpreter\linkResolver.cpp, line 773]
Event: 0.120 Thread 0x000001ee8e52cf00 Exception <a 'java/lang/NoSuchMethodError'{0x00000000d5a09a18}: 'java.lang.Object java.lang.invoke.DirectMethodHandle$Holder.invokeStatic(java.lang.Object, java.lang.Object, int)'> (0x00000000d5a09a18) 
thrown [s\src\hotspot\share\interpreter\linkResolver.cpp, line 773]
Event: 0.121 Thread 0x000001ee8e52cf00 Exception <a 'java/lang/NoSuchMethodError'{0x00000000d5a0e368}: 'void java.lang.invoke.DirectMethodHandle$Holder.invokeStatic(java.lang.Object, java.lang.Object, int, java.lang.Object)'> (0x00000000d5a0e368) 
thrown [s\src\hotspot\share\interpreter\linkResolver.cpp, line 773]
Event: 0.121 Thread 0x000001ee8e52cf00 Exception <a 'java/lang/NoSuchMethodError'{0x00000000d5a12168}: 'void java.lang.invoke.DirectMethodHandle$Holder.invokeSpecial(java.lang.Object, java.lang.Object, java.lang.Object, int, java.lang.Object)'> (0x00000000d5a12168) 
thrown [s\src\hotspot\share\interpreter\linkResolver.cpp, line 773]
Event: 0.121 Thread 0x000001ee8e52cf00 Exception <a 'java/lang/NoSuchMethodError'{0x00000000d5a155d8}: 'void java.lang.invoke.DelegatingMethodHandle$Holder.delegate(java.lang.Object, java.lang.Object, int, java.lang.Object)'> (0x00000000d5a155d8) 
thrown [s\src\hotspot\share\interpreter\linkResolver.cpp, line 773]
Event: 0.162 Thread 0x000001ee8e52cf00 Exception <a 'java/lang/NoSuchMethodError'{0x00000000d5be3998}: 'void java.lang.invoke.DelegatingMethodHandle$Holder.reinvoke_L(java.lang.Object, java.lang.Object, java.lang.Object, int)'> (0x00000000d5be3998) 
thrown [s\src\hotspot\share\interpreter\linkResolver.cpp, line 773]

ZGC Phase Switch (0 events):
No events

VM Operations (4 events):
Event: 0.047 Executing non-safepoint VM operation: HandshakeAllThreads (Deoptimize)
Event: 0.047 Executing non-safepoint VM operation: HandshakeAllThreads (Deoptimize) done
Event: 0.096 Executing non-safepoint VM operation: HandshakeAllThreads (Deoptimize)
Event: 0.096 Executing non-safepoint VM operation: HandshakeAllThreads (Deoptimize) done

Memory protections (0 events):
No events

Nmethod flushes (0 events):
No events

Events (10 events):
Event: 0.018 Thread 0x000001ee8e52cf00 Thread added: 0x000001ee8e52cf00
Event: 0.028 Thread 0x000001ee8e52cf00 Thread added: 0x000001ee8e5d1f60
Event: 0.028 Thread 0x000001ee8e52cf00 Thread added: 0x000001ee8e5d5fd0
Event: 0.028 Thread 0x000001ee8e52cf00 Thread added: 0x000001ee8e5d83b0
Event: 0.028 Thread 0x000001ee8e52cf00 Thread added: 0x000001ee8e5d92a0
Event: 0.028 Thread 0x000001ee8e52cf00 Thread added: 0x000001ee8e5dc8f0
Event: 0.028 Thread 0x000001ee8e52cf00 Thread added: 0x000001ee8e5e3870
Event: 0.028 Thread 0x000001ee8e52cf00 Thread added: 0x000001ee8e5e7170
Event: 0.028 Thread 0x000001ee8e52cf00 Thread added: 0x000001ee8e5ed8e0
Event: 0.066 Thread 0x000001ee8e52cf00 Thread added: 0x000001eee74c2470


Dynamic libraries:
0x00007ff7482f0000 - 0x00007ff7482fe000 	c:\Users\CHI TAI\.antigravity-ide\extensions\redhat.java-1.56.0-win32-x64\jre\21.0.12.1-win32-x86_64\bin\java.exe
0x00007ffd127e0000 - 0x00007ffd12a47000 	C:\WINDOWS\SYSTEM32\ntdll.dll
0x00007ffd12130000 - 0x00007ffd121fb000 	C:\WINDOWS\System32\KERNEL32.DLL
0x00007ffd0fbe0000 - 0x00007ffd0ffe2000 	C:\WINDOWS\System32\KERNELBASE.dll
0x00007ffd10270000 - 0x00007ffd103bc000 	C:\WINDOWS\System32\ucrtbase.dll
0x00007ffcd6ff0000 - 0x00007ffcd7008000 	c:\Users\CHI TAI\.antigravity-ide\extensions\redhat.java-1.56.0-win32-x64\jre\21.0.12.1-win32-x86_64\bin\jli.dll
0x00007ffcd69f0000 - 0x00007ffcd6a0e000 	c:\Users\CHI TAI\.antigravity-ide\extensions\redhat.java-1.56.0-win32-x64\jre\21.0.12.1-win32-x86_64\bin\VCRUNTIME140.dll
0x00007ffd11e00000 - 0x00007ffd11fcf000 	C:\WINDOWS\System32\USER32.dll
0x00007ffd0fff0000 - 0x00007ffd10017000 	C:\WINDOWS\System32\win32u.dll
0x00007ffced5f0000 - 0x00007ffced880000 	C:\WINDOWS\WinSxS\amd64_microsoft.windows.common-controls_6595b64144ccf1df_6.0.26100.9278_none_3e0d1ba8e3303201\COMCTL32.dll
0x00007ffd10b60000 - 0x00007ffd10b8b000 	C:\WINDOWS\System32\GDI32.dll
0x00007ffd11850000 - 0x00007ffd118f9000 	C:\WINDOWS\System32\msvcrt.dll
0x00007ffd103d0000 - 0x00007ffd104f9000 	C:\WINDOWS\System32\gdi32full.dll
0x00007ffd0fa70000 - 0x00007ffd0fb13000 	C:\WINDOWS\System32\msvcp_win.dll
0x00007ffd12760000 - 0x00007ffd12791000 	C:\WINDOWS\System32\IMM32.DLL
0x00007ffcecfe0000 - 0x00007ffcecfec000 	c:\Users\CHI TAI\.antigravity-ide\extensions\redhat.java-1.56.0-win32-x64\jre\21.0.12.1-win32-x86_64\bin\vcruntime140_1.dll
0x00007ffc975d0000 - 0x00007ffc9765d000 	c:\Users\CHI TAI\.antigravity-ide\extensions\redhat.java-1.56.0-win32-x64\jre\21.0.12.1-win32-x86_64\bin\msvcp140.dll
0x00007ffc61040000 - 0x00007ffc61de2000 	c:\Users\CHI TAI\.antigravity-ide\extensions\redhat.java-1.56.0-win32-x64\jre\21.0.12.1-win32-x86_64\bin\server\jvm.dll
0x00007ffd12200000 - 0x00007ffd122bc000 	C:\WINDOWS\System32\ADVAPI32.dll
0x00007ffd10da0000 - 0x00007ffd10e49000 	C:\WINDOWS\System32\sechost.dll
0x00007ffd10bc0000 - 0x00007ffd10cd8000 	C:\WINDOWS\System32\RPCRT4.dll
0x00007ffd105a0000 - 0x00007ffd10620000 	C:\WINDOWS\System32\WS2_32.dll
0x00007ffd0e510000 - 0x00007ffd0e56e000 	C:\WINDOWS\SYSTEM32\POWRPROF.dll
0x00007ffcfc1e0000 - 0x00007ffcfc216000 	C:\WINDOWS\SYSTEM32\WINMM.dll
0x00007ffcf7270000 - 0x00007ffcf727b000 	C:\WINDOWS\SYSTEM32\VERSION.dll
0x00007ffd0e4d0000 - 0x00007ffd0e4e5000 	C:\WINDOWS\SYSTEM32\UMPDC.dll
0x00007ffd0e7d0000 - 0x00007ffd0e7eb000 	C:\WINDOWS\SYSTEM32\kernel.appcore.dll
0x00007ffcec6c0000 - 0x00007ffcec6ca000 	c:\Users\CHI TAI\.antigravity-ide\extensions\redhat.java-1.56.0-win32-x64\jre\21.0.12.1-win32-x86_64\bin\jimage.dll
0x00007ffd0c8f0000 - 0x00007ffd0cb3c000 	C:\WINDOWS\SYSTEM32\DBGHELP.DLL
0x00007ffd11900000 - 0x00007ffd11c85000 	C:\WINDOWS\System32\combase.dll
0x00007ffd10e50000 - 0x00007ffd10f29000 	C:\WINDOWS\System32\OLEAUT32.dll
0x00007ffce8a60000 - 0x00007ffce8a9b000 	C:\WINDOWS\SYSTEM32\dbgcore.DLL
0x00007ffd10020000 - 0x00007ffd100cc000 	C:\WINDOWS\System32\bcryptPrimitives.dll
0x00007ffcd9700000 - 0x00007ffcd970f000 	c:\Users\CHI TAI\.antigravity-ide\extensions\redhat.java-1.56.0-win32-x64\jre\21.0.12.1-win32-x86_64\bin\instrument.dll
0x00007ffcd3cb0000 - 0x00007ffcd3cd0000 	c:\Users\CHI TAI\.antigravity-ide\extensions\redhat.java-1.56.0-win32-x64\jre\21.0.12.1-win32-x86_64\bin\java.dll
0x00007ffd11050000 - 0x00007ffd117e8000 	C:\WINDOWS\System32\SHELL32.dll
0x00007ffd0d450000 - 0x00007ffd0dcfe000 	C:\WINDOWS\SYSTEM32\windows.storage.dll
0x00007ffd12030000 - 0x00007ffd1212b000 	C:\WINDOWS\System32\SHCORE.dll
0x00007ffd12550000 - 0x00007ffd125b6000 	C:\WINDOWS\System32\shlwapi.dll
0x00007ffd0f900000 - 0x00007ffd0f929000 	C:\WINDOWS\SYSTEM32\profapi.dll
0x00007ffcd5c90000 - 0x00007ffcd5ca8000 	c:\Users\CHI TAI\.antigravity-ide\extensions\redhat.java-1.56.0-win32-x64\jre\21.0.12.1-win32-x86_64\bin\zip.dll
0x00007ffcd64e0000 - 0x00007ffcd64f0000 	C:\Users\CHI TAI\.antigravity-ide\extensions\redhat.java-1.56.0-win32-x64\jre\21.0.12.1-win32-x86_64\bin\net.dll
0x00007ffd05bc0000 - 0x00007ffd05cea000 	C:\WINDOWS\SYSTEM32\WINHTTP.dll
0x00007ffd0ed90000 - 0x00007ffd0edfc000 	C:\WINDOWS\system32\mswsock.dll
0x00007ffcd3840000 - 0x00007ffcd3856000 	C:\Users\CHI TAI\.antigravity-ide\extensions\redhat.java-1.56.0-win32-x64\jre\21.0.12.1-win32-x86_64\bin\nio.dll
0x00007ffcd5de0000 - 0x00007ffcd5df0000 	c:\Users\CHI TAI\.antigravity-ide\extensions\redhat.java-1.56.0-win32-x64\jre\21.0.12.1-win32-x86_64\bin\verify.dll

JVMTI agents:
c:\Users\CHI TAI\.antigravity-ide\extensions\redhat.java-1.56.0-win32-x64\lombok\lombok-1.18.39-4050.jar path:c:\Users\CHI TAI\.antigravity-ide\extensions\redhat.java-1.56.0-win32-x64\jre\21.0.12.1-win32-x86_64\bin\instrument.dll, loaded, initialized, instrumentlib options:none

dbghelp: loaded successfully - version: 4.0.5 - missing functions: none
symbol engine: initialized successfully - sym options: 0x614 - pdb path: .;c:\Users\CHI TAI\.antigravity-ide\extensions\redhat.java-1.56.0-win32-x64\jre\21.0.12.1-win32-x86_64\bin;C:\WINDOWS\SYSTEM32;C:\WINDOWS\WinSxS\amd64_microsoft.windows.common-controls_6595b64144ccf1df_6.0.26100.9278_none_3e0d1ba8e3303201;c:\Users\CHI TAI\.antigravity-ide\extensions\redhat.java-1.56.0-win32-x64\jre\21.0.12.1-win32-x86_64\bin\server

VM Arguments:
jvm_args: --add-modules=ALL-SYSTEM --add-opens=java.base/java.util=ALL-UNNAMED --add-opens=java.base/java.lang=ALL-UNNAMED --add-opens=java.base/sun.nio.fs=ALL-UNNAMED -Declipse.application=org.eclipse.jdt.ls.core.id1 -Dosgi.bundles.defaultStartLevel=4 -Declipse.product=org.eclipse.jdt.ls.core.product -Djava.import.generatesMetadataFilesAtProjectRoot=false -Dm2e.project.cache.size=50 -DDetectVMInstallationsJob.disabled=true -Dfile.encoding=utf8 -XX:+UseParallelGC -XX:GCTimeRatio=4 -XX:AdaptiveSizePolicyWeight=90 -Dsun.zip.disableMemoryMapping=true -Xmx2G -Xms100m -Xlog:disable -javaagent:c:\Users\CHI TAI\.antigravity-ide\extensions\redhat.java-1.56.0-win32-x64\lombok\lombok-1.18.39-4050.jar 
java_command: c:\Users\CHI TAI\.antigravity-ide\extensions\redhat.java-1.56.0-win32-x64\server\plugins\org.eclipse.equinox.launcher_1.8.0.v20260804-1928.jar -configuration c:\Users\CHI TAI\AppData\Roaming\Antigravity IDE\User\globalStorage\redhat.java\1.56.0\config_ss_win -data c:\Users\CHI TAI\AppData\Roaming\Antigravity IDE\User\workspaceStorage\7d69b7ec1bea4d07db66e797e26b716f\redhat.java\ss_ws --pipe=\\.\pipe\lsp-37479b615c6c1539f79a6375f758f2f2-sock
java_class_path (initial): c:\Users\CHI TAI\.antigravity-ide\extensions\redhat.java-1.56.0-win32-x64\server\plugins\org.eclipse.equinox.launcher_1.8.0.v20260804-1928.jar
Launcher Type: SUN_STANDARD

[Global flags]
    uintx AdaptiveSizePolicyWeight                 = 90                                        {product} {command line}
     intx CICompilerCount                          = 4                                         {product} {ergonomic}
    uintx GCTimeRatio                              = 4                                         {product} {command line}
   size_t InitialHeapSize                          = 104857600                                 {product} {command line}
   size_t MaxHeapSize                              = 2147483648                                {product} {command line}
   size_t MaxNewSize                               = 715653120                                 {product} {ergonomic}
   size_t MinHeapDeltaBytes                        = 524288                                    {product} {ergonomic}
   size_t MinHeapSize                              = 104857600                                 {product} {command line}
   size_t NewSize                                  = 34603008                                  {product} {ergonomic}
    uintx NonNMethodCodeHeapSize                   = 5839372                                {pd product} {ergonomic}
    uintx NonProfiledCodeHeapSize                  = 122909434                              {pd product} {ergonomic}
   size_t OldSize                                  = 70254592                                  {product} {ergonomic}
    uintx ProfiledCodeHeapSize                     = 122909434                              {pd product} {ergonomic}
    uintx ReservedCodeCacheSize                    = 251658240                              {pd product} {ergonomic}
     bool SegmentedCodeCache                       = true                                      {product} {ergonomic}
   size_t SoftMaxHeapSize                          = 2147483648                             {manageable} {ergonomic}
     bool UseCompressedOops                        = true                           {product lp64_product} {ergonomic}
     bool UseLargePagesIndividualAllocation        = false                                  {pd product} {ergonomic}
     bool UseParallelGC                            = true                                      {product} {command line}

Logging:
Log output configuration:
 #0: stdout all=off uptime,level,tags foldmultilines=false
 #1: stderr all=off uptime,level,tags foldmultilines=false

Release file:
<release file has not been read>
Environment Variables:
JAVA_HOME=F:" /M
PATH=C:\Program Files\Microsoft SDKs\Azure\CLI2\wbin;C:\Program Files\Microsoft MPI\Bin\;F:\bin;C:\Windows\system32;C:\Windows;C:\Windows\System32\Wbem;C:\Windows\System32\WindowsPowerShell\v1.0\;C:\Windows\System32\OpenSSH\;C:\Program Files (x86)\NVIDIA Corporation\PhysX\Common;C:\Program Files\NVIDIA Corporation\NVIDIA NvDLISR;C:\Program Files\dotnet\;C:\Program Files (x86)\Microsoft SQL Server\170\Tools\Binn\;C:\Program Files\Microsoft SQL Server\170\Tools\Binn\;C:\Program Files\Microsoft SQL Server\Client SDK\ODBC\180\Tools\Binn\;C:\Program Files\Microsoft SQL Server\170\DTS\Binn\;C:\Program Files\Microsoft SQL Server\150\Tools\Binn\;C:\Program Files\Microsoft SQL Server\Client SDK\ODBC\170\Tools\Binn\;C:\Program Files\CodeBlocks\MinGW\bin;C:\WINDOWS\system32;C:\WINDOWS;C:\WINDOWS\System32\Wbem;C:\WINDOWS\System32\WindowsPowerShell\v1.0\;C:\WINDOWS\System32\OpenSSH\;C:\Program Files\Git\cmd;C:\Program Files\Cloudflare\Cloudflare WARP\;C:\Users\CHI TAI\AppData\Local\Programs\Python\Python314\Scripts\;C:\Users\CHI TAI\AppData\Local\Programs\Python\Python314\;C:\Users\CHI TAI\AppData\Local\Programs\Python\Launcher\;C:\Users\CHI TAI\AppData\Local\Microsoft\WindowsApps;C:\Users\CHI TAI\.dotnet\tools;F:\Microsoft VS Code\bin;F:\pycharm\PyCharm 2026.1.3\bin;C:\Users\CHI TAI\AppData\Local\Kingsoft\WPS Office\12.1.0.27458\clitool;C:\Users\CHI TAI\AppData\Local\Programs\DockerDesktop\resources\bin;F:\INTELLIJ IDEA 2026\IntelliJ IDEA 2026.2.1\bin;F:\ANTI\Antigravity IDE\bin
USERNAME=CHI TAI
OS=Windows_NT
PROCESSOR_IDENTIFIER=Intel64 Family 6 Model 186 Stepping 2, GenuineIntel
TMP=C:\Users\CHITAI~1\AppData\Local\Temp
TEMP=C:\Users\CHITAI~1\AppData\Local\Temp




Periodic native trim disabled

---------------  S Y S T E M  ---------------

OS:
 Windows 11 , 64 bit Build 26100 (10.0.26100.9444)
OS uptime: 0 days 2:34 hours
Hyper-V role detected

CPU: total 12 (initial active 12) (6 cores per cpu, 2 threads per core) family 6 model 186 stepping 2 microcode 0x5105, cx8, cmov, fxsr, ht, mmx, 3dnowpref, sse, sse2, sse3, ssse3, sse4.1, sse4.2, popcnt, lzcnt, tsc, tscinvbit, avx, avx2, aes, erms, clmul, bmi1, bmi2, adx, sha, fma, vzeroupper, clflush, clflushopt, clwb, hv, serialize, rdtscp, rdpid, fsrm, f16c, cet_ibt, cet_ss
Processor Information for the first 12 processors :
  Max Mhz: 2100, Current Mhz: 2100, Mhz Limit: 2100

Memory: 4k page, system-wide physical 7895M (89M free)
TotalPageFile size 21365M (AvailPageFile size 9M)
current process WorkingSet (physical memory assigned to process): 45M, peak: 45M
current process commit charge ("private bytes"): 230M, peak: 230M

vm_info: OpenJDK 64-Bit Server VM (21.0.12.1+1-LTS) for windows-amd64 JRE (21.0.12.1+1-LTS), built on 2026-08-18T00:00:00Z by "admin" with MS VC++ 17.12 (VS2022)

END.
